Archive member included to satisfy reference by file (symbol)

/opt/gcc4mbed/gcc-arm-none-eabi/bin/../lib/gcc/arm-none-eabi/6.3.1/../../../../arm-none-eabi/lib/thumb/v7-m/libc_nano.a(lib_a-exit.o)
                              /opt/gcc4mbed/gcc-arm-none-eabi/bin/../lib/gcc/arm-none-eabi/6.3.1/../../../../arm-none-eabi/lib/thumb/v7-m/crt0.o (exit)
/opt/gcc4mbed/gcc-arm-none-eabi/bin/../lib/gcc/arm-none-eabi/6.3.1/../../../../arm-none-eabi/lib/thumb/v7-m/libc_nano.a(lib_a-impure.o)
                              /opt/gcc4mbed/gcc-arm-none-eabi/bin/../lib/gcc/arm-none-eabi/6.3.1/../../../../arm-none-eabi/lib/thumb/v7-m/libc_nano.a(lib_a-exit.o) (_global_impure_ptr)
/opt/gcc4mbed/gcc-arm-none-eabi/bin/../lib/gcc/arm-none-eabi/6.3.1/../../../../arm-none-eabi/lib/thumb/v7-m/libc_nano.a(lib_a-init.o)
                              /opt/gcc4mbed/gcc-arm-none-eabi/bin/../lib/gcc/arm-none-eabi/6.3.1/../../../../arm-none-eabi/lib/thumb/v7-m/crt0.o (__libc_init_array)
/opt/gcc4mbed/gcc-arm-none-eabi/bin/../lib/gcc/arm-none-eabi/6.3.1/../../../../arm-none-eabi/lib/thumb/v7-m/libc_nano.a(lib_a-memcpy-stub.o)
                              build/queue.o (memcpy)
/opt/gcc4mbed/gcc-arm-none-eabi/bin/../lib/gcc/arm-none-eabi/6.3.1/../../../../arm-none-eabi/lib/thumb/v7-m/libc_nano.a(lib_a-memset.o)
                              /opt/gcc4mbed/gcc-arm-none-eabi/bin/../lib/gcc/arm-none-eabi/6.3.1/../../../../arm-none-eabi/lib/thumb/v7-m/crt0.o (memset)
/opt/gcc4mbed/gcc-arm-none-eabi/bin/../lib/gcc/arm-none-eabi/6.3.1/../../../../arm-none-eabi/lib/thumb/v7-m/libnosys.a(_exit.o)
                              /opt/gcc4mbed/gcc-arm-none-eabi/bin/../lib/gcc/arm-none-eabi/6.3.1/../../../../arm-none-eabi/lib/thumb/v7-m/libc_nano.a(lib_a-exit.o) (_exit)
/opt/gcc4mbed/gcc-arm-none-eabi/bin/../lib/gcc/arm-none-eabi/6.3.1/thumb/v7-m/libgcc.a(_aeabi_uldivmod.o)
                              build/stm32l1xx_hal_rcc.o (__aeabi_uldivmod)
/opt/gcc4mbed/gcc-arm-none-eabi/bin/../lib/gcc/arm-none-eabi/6.3.1/thumb/v7-m/libgcc.a(_udivmoddi4.o)
                              /opt/gcc4mbed/gcc-arm-none-eabi/bin/../lib/gcc/arm-none-eabi/6.3.1/thumb/v7-m/libgcc.a(_aeabi_uldivmod.o) (__udivmoddi4)
/opt/gcc4mbed/gcc-arm-none-eabi/bin/../lib/gcc/arm-none-eabi/6.3.1/thumb/v7-m/libgcc.a(_dvmd_tls.o)
                              /opt/gcc4mbed/gcc-arm-none-eabi/bin/../lib/gcc/arm-none-eabi/6.3.1/thumb/v7-m/libgcc.a(_aeabi_uldivmod.o) (__aeabi_ldiv0)

Allocating common symbols
Common symbol       size              file

defaultTaskHandle   0x4               build/main.o
hspi2               0x58              build/main.o
uwTick              0x4               build/stm32l1xx_hal.o
xQueueRegistry      0x40              build/queue.o
pFlash              0x18              build/stm32l1xx_hal_flash.o
hspi1               0x58              build/main.o
htim2               0x40              build/stm32l1xx_hal_timebase_tim.o

Discarded input sections

 .text          0x0000000000000000        0x0 /opt/gcc4mbed/gcc-arm-none-eabi/bin/../lib/gcc/arm-none-eabi/6.3.1/thumb/v7-m/crti.o
 .data          0x0000000000000000        0x0 /opt/gcc4mbed/gcc-arm-none-eabi/bin/../lib/gcc/arm-none-eabi/6.3.1/thumb/v7-m/crti.o
 .bss           0x0000000000000000        0x0 /opt/gcc4mbed/gcc-arm-none-eabi/bin/../lib/gcc/arm-none-eabi/6.3.1/thumb/v7-m/crti.o
 .data          0x0000000000000000        0x4 /opt/gcc4mbed/gcc-arm-none-eabi/bin/../lib/gcc/arm-none-eabi/6.3.1/thumb/v7-m/crtbegin.o
 .text          0x0000000000000000       0x74 /opt/gcc4mbed/gcc-arm-none-eabi/bin/../lib/gcc/arm-none-eabi/6.3.1/../../../../arm-none-eabi/lib/thumb/v7-m/crt0.o
 .data          0x0000000000000000        0x0 /opt/gcc4mbed/gcc-arm-none-eabi/bin/../lib/gcc/arm-none-eabi/6.3.1/../../../../arm-none-eabi/lib/thumb/v7-m/crt0.o
 .bss           0x0000000000000000        0x0 /opt/gcc4mbed/gcc-arm-none-eabi/bin/../lib/gcc/arm-none-eabi/6.3.1/../../../../arm-none-eabi/lib/thumb/v7-m/crt0.o
 .ARM.extab     0x0000000000000000        0x0 /opt/gcc4mbed/gcc-arm-none-eabi/bin/../lib/gcc/arm-none-eabi/6.3.1/../../../../arm-none-eabi/lib/thumb/v7-m/crt0.o
 .ARM.exidx     0x0000000000000000        0x8 /opt/gcc4mbed/gcc-arm-none-eabi/bin/../lib/gcc/arm-none-eabi/6.3.1/../../../../arm-none-eabi/lib/thumb/v7-m/crt0.o
 .ARM.attributes
                0x0000000000000000       0x1b /opt/gcc4mbed/gcc-arm-none-eabi/bin/../lib/gcc/arm-none-eabi/6.3.1/../../../../arm-none-eabi/lib/thumb/v7-m/crt0.o
 .text          0x0000000000000000        0x0 build/main.o
 .data          0x0000000000000000        0x0 build/main.o
 .bss           0x0000000000000000        0x0 build/main.o
 .text.HAL_SPI_RxCpltCallback
                0x0000000000000000        0x2 build/main.o
 .text          0x0000000000000000        0x0 build/freertos.o
 .data          0x0000000000000000        0x0 build/freertos.o
 .bss           0x0000000000000000        0x0 build/freertos.o
 .debug_info    0x0000000000000000      0x175 build/freertos.o
[...]
Memory Configuration

Name             Origin             Length             Attributes
RAM              0x0000000020000000 0x0000000000014000 xrw
FLASH            0x0000000008000000 0x0000000000080000 xr
*default*        0x0000000000000000 0xffffffffffffffff

Linker script and memory map

LOAD /opt/gcc4mbed/gcc-arm-none-eabi/bin/../lib/gcc/arm-none-eabi/6.3.1/thumb/v7-m/crti.o
LOAD /opt/gcc4mbed/gcc-arm-none-eabi/bin/../lib/gcc/arm-none-eabi/6.3.1/thumb/v7-m/crtbegin.o
LOAD /opt/gcc4mbed/gcc-arm-none-eabi/bin/../lib/gcc/arm-none-eabi/6.3.1/../../../../arm-none-eabi/lib/thumb/v7-m/crt0.o
LOAD build/main.o
LOAD build/freertos.o
LOAD build/stm32l1xx_it.o
LOAD build/stm32l1xx_hal_msp.o
LOAD build/stm32l1xx_hal_timebase_tim.o
LOAD build/stm32l1xx_hal.o
LOAD build/stm32l1xx_hal_rcc.o
LOAD build/stm32l1xx_hal_rcc_ex.o
LOAD build/stm32l1xx_hal_flash.o
LOAD build/stm32l1xx_hal_flash_ex.o
LOAD build/stm32l1xx_hal_flash_ramfunc.o
LOAD build/stm32l1xx_hal_gpio.o
LOAD build/stm32l1xx_hal_dma.o
LOAD build/stm32l1xx_hal_pwr.o
LOAD build/stm32l1xx_hal_pwr_ex.o
LOAD build/stm32l1xx_hal_cortex.o
LOAD build/stm32l1xx_hal_exti.o
LOAD build/stm32l1xx_hal_spi.o
LOAD build/stm32l1xx_hal_tim.o
LOAD build/stm32l1xx_hal_tim_ex.o
LOAD build/system_stm32l1xx.o
LOAD build/croutine.o
LOAD build/event_groups.o
LOAD build/list.o
LOAD build/queue.o
LOAD build/stream_buffer.o
LOAD build/tasks.o
LOAD build/timers.o
LOAD build/cmsis_os2.o
LOAD build/heap_4.o
LOAD build/port.o
LOAD build/CAN.o
LOAD build/startup_stm32l152xe.o
LOAD /opt/gcc4mbed/gcc-arm-none-eabi/bin/../lib/gcc/arm-none-eabi/6.3.1/../../../../arm-none-eabi/lib/thumb/v7-m/libc_nano.a
LOAD /opt/gcc4mbed/gcc-arm-none-eabi/bin/../lib/gcc/arm-none-eabi/6.3.1/../../../../arm-none-eabi/lib/thumb/v7-m/libm.a
LOAD /opt/gcc4mbed/gcc-arm-none-eabi/bin/../lib/gcc/arm-none-eabi/6.3.1/../../../../arm-none-eabi/lib/thumb/v7-m/libnosys.a
START GROUP
LOAD /opt/gcc4mbed/gcc-arm-none-eabi/bin/../lib/gcc/arm-none-eabi/6.3.1/thumb/v7-m/libgcc.a
LOAD /opt/gcc4mbed/gcc-arm-none-eabi/bin/../lib/gcc/arm-none-eabi/6.3.1/../../../../arm-none-eabi/lib/thumb/v7-m/libc_nano.a
END GROUP
START GROUP
LOAD /opt/gcc4mbed/gcc-arm-none-eabi/bin/../lib/gcc/arm-none-eabi/6.3.1/thumb/v7-m/libgcc.a
LOAD /opt/gcc4mbed/gcc-arm-none-eabi/bin/../lib/gcc/arm-none-eabi/6.3.1/../../../../arm-none-eabi/lib/thumb/v7-m/libc_nano.a
END GROUP
LOAD /opt/gcc4mbed/gcc-arm-none-eabi/bin/../lib/gcc/arm-none-eabi/6.3.1/thumb/v7-m/crtend.o
LOAD /opt/gcc4mbed/gcc-arm-none-eabi/bin/../lib/gcc/arm-none-eabi/6.3.1/thumb/v7-m/crtn.o
                0x0000000020014000                _estack = (ORIGIN (RAM) + LENGTH (RAM))
                0x0000000000000200                _Min_Heap_Size = 0x200
                0x0000000000000400                _Min_Stack_Size = 0x400

.isr_vector     0x0000000008000000      0x13c
                0x0000000008000000                . = ALIGN (0x4)
 *(.isr_vector)
 .isr_vector    0x0000000008000000      0x13c build/startup_stm32l152xe.o
                0x0000000008000000                g_pfnVectors
                0x000000000800013c                . = ALIGN (0x4)

.text           0x0000000008000140     0x3ccc
                0x0000000008000140                . = ALIGN (0x4)
 *(.text)
 .text          0x0000000008000140       0x6c /opt/gcc4mbed/gcc-arm-none-eabi/bin/../lib/gcc/arm-none-eabi/6.3.1/thumb/v7-m/crtbegin.o
 .text          0x00000000080001ac       0x30 /opt/gcc4mbed/gcc-arm-none-eabi/bin/../lib/gcc/arm-none-eabi/6.3.1/thumb/v7-m/libgcc.a(_aeabi_uldivmod.o)
                0x00000000080001ac                __aeabi_uldivmod
 .text          0x00000000080001dc      0x2dc /opt/gcc4mbed/gcc-arm-none-eabi/bin/../lib/gcc/arm-none-eabi/6.3.1/thumb/v7-m/libgcc.a(_udivmoddi4.o)
                0x00000000080001dc                __udivmoddi4
 .text          0x00000000080004b8        0x4 /opt/gcc4mbed/gcc-arm-none-eabi/bin/../lib/gcc/arm-none-eabi/6.3.1/thumb/v7-m/libgcc.a(_dvmd_tls.o)
                0x00000000080004b8                __aeabi_ldiv0
                0x00000000080004b8                __aeabi_idiv0
 *(.text*)
 .text.MX_GPIO_Init
                0x00000000080004bc       0x9c build/main.o
 .text.StartDefaultTask
                0x0000000008000558       0x80 build/main.o
                0x0000000008000558                StartDefaultTask
 .text.HAL_TIM_PeriodElapsedCallback
                0x00000000080005d8       0x12 build/main.o
                0x00000000080005d8                HAL_TIM_PeriodElapsedCallback
 .text.Error_Handler
                0x00000000080005ea        0x4 build/main.o
                0x00000000080005ea                Error_Handler
 *fill*         0x00000000080005ee        0x2 
 .text.MX_SPI1_Init
                0x00000000080005f0       0x44 build/main.o
 .text.MX_SPI2_Init
                0x0000000008000634       0x40 build/main.o
 .text.SystemClock_Config
                0x0000000008000674       0x78 build/main.o
                0x0000000008000674                SystemClock_Config
 .text.main     0x00000000080006ec       0x40 build/main.o
                0x00000000080006ec                main
 .text.NMI_Handler
                0x000000000800072c        0x2 build/stm32l1xx_it.o
                0x000000000800072c                NMI_Handler
 .text.HardFault_Handler
                0x000000000800072e        0x2 build/stm32l1xx_it.o
                0x000000000800072e                HardFault_Handler
 .text.MemManage_Handler
                0x0000000008000730        0x2 build/stm32l1xx_it.o
                0x0000000008000730                MemManage_Handler
 .text.BusFault_Handler
                0x0000000008000732        0x2 build/stm32l1xx_it.o
                0x0000000008000732                BusFault_Handler
 .text.UsageFault_Handler
                0x0000000008000734        0x2 build/stm32l1xx_it.o
                0x0000000008000734                UsageFault_Handler
 .text.DebugMon_Handler
                0x0000000008000736        0x2 build/stm32l1xx_it.o
                0x0000000008000736                DebugMon_Handler
 .text.TIM2_IRQHandler
                0x0000000008000738       0x10 build/stm32l1xx_it.o
                0x0000000008000738                TIM2_IRQHandler
 .text.HAL_MspInit
                0x0000000008000748       0x54 build/stm32l1xx_hal_msp.o
                0x0000000008000748                HAL_MspInit
 .text.HAL_SPI_MspInit
                0x000000000800079c       0xbc build/stm32l1xx_hal_msp.o
                0x000000000800079c                HAL_SPI_MspInit
 .text.HAL_InitTick
                0x0000000008000858       0x9c build/stm32l1xx_hal_timebase_tim.o
                0x0000000008000858                HAL_InitTick
 .text.HAL_Init
                0x00000000080008f4       0x1e build/stm32l1xx_hal.o
                0x00000000080008f4                HAL_Init
 *fill*         0x0000000008000912        0x2 
 .text.HAL_IncTick
                0x0000000008000914       0x18 build/stm32l1xx_hal.o
                0x0000000008000914                HAL_IncTick
 .text.HAL_GetTick
                0x000000000800092c        0xc build/stm32l1xx_hal.o
                0x000000000800092c                HAL_GetTick
 .text.RCC_SetFlashLatencyFromMSIRange
                0x0000000008000938       0x98 build/stm32l1xx_hal_rcc.o
 .text.HAL_RCC_OscConfig
                0x00000000080009d0      0x50c build/stm32l1xx_hal_rcc.o
                0x00000000080009d0                HAL_RCC_OscConfig
 .text.HAL_RCC_GetSysClockFreq
                0x0000000008000edc       0xa4 build/stm32l1xx_hal_rcc.o
                0x0000000008000edc                HAL_RCC_GetSysClockFreq
 .text.HAL_RCC_ClockConfig
                0x0000000008000f80      0x1dc build/stm32l1xx_hal_rcc.o
                0x0000000008000f80                HAL_RCC_ClockConfig
 .text.HAL_RCC_GetHCLKFreq
                0x000000000800115c        0xc build/stm32l1xx_hal_rcc.o
                0x000000000800115c                HAL_RCC_GetHCLKFreq
 .text.HAL_RCC_GetPCLK1Freq
                0x0000000008001168       0x20 build/stm32l1xx_hal_rcc.o
                0x0000000008001168                HAL_RCC_GetPCLK1Freq
 .text.HAL_RCC_GetClockConfig
                0x0000000008001188       0x3c build/stm32l1xx_hal_rcc.o
                0x0000000008001188                HAL_RCC_GetClockConfig
 .text.HAL_GPIO_Init
                0x00000000080011c4      0x1c8 build/stm32l1xx_hal_gpio.o
                0x00000000080011c4                HAL_GPIO_Init
 .text.HAL_GPIO_WritePin
                0x000000000800138c        0xc build/stm32l1xx_hal_gpio.o
                0x000000000800138c                HAL_GPIO_WritePin
 .text.HAL_GPIO_TogglePin
                0x0000000008001398       0x12 build/stm32l1xx_hal_gpio.o
                0x0000000008001398                HAL_GPIO_TogglePin
 *fill*         0x00000000080013aa        0x2 
 .text.HAL_NVIC_SetPriorityGrouping
                0x00000000080013ac       0x24 build/stm32l1xx_hal_cortex.o
                0x00000000080013ac                HAL_NVIC_SetPriorityGrouping
 .text.HAL_NVIC_SetPriority
                0x00000000080013d0       0x64 build/stm32l1xx_hal_cortex.o
                0x00000000080013d0                HAL_NVIC_SetPriority
 .text.HAL_NVIC_EnableIRQ
                0x0000000008001434       0x1c build/stm32l1xx_hal_cortex.o
                0x0000000008001434                HAL_NVIC_EnableIRQ
 .text.SPI_WaitFlagStateUntilTimeout
                0x0000000008001450       0xd0 build/stm32l1xx_hal_spi.o
 .text.SPI_EndRxTxTransaction
                0x0000000008001520       0x68 build/stm32l1xx_hal_spi.o
 .text.SPI_EndRxTransaction
                0x0000000008001588       0x9a build/stm32l1xx_hal_spi.o
 .text.HAL_SPI_Init
                0x0000000008001622       0xbe build/stm32l1xx_hal_spi.o
                0x0000000008001622                HAL_SPI_Init
 .text.HAL_SPI_Transmit
                0x00000000080016e0      0x1aa build/stm32l1xx_hal_spi.o
                0x00000000080016e0                HAL_SPI_Transmit
 .text.HAL_SPI_TransmitReceive
                0x000000000800188a      0x238 build/stm32l1xx_hal_spi.o
                0x000000000800188a                HAL_SPI_TransmitReceive
 .text.HAL_SPI_Receive
                0x0000000008001ac2      0x16e build/stm32l1xx_hal_spi.o
                0x0000000008001ac2                HAL_SPI_Receive
 .text.TIM_Base_SetConfig
                0x0000000008001c30       0x88 build/stm32l1xx_hal_tim.o
 .text.HAL_TIM_Base_MspInit
                0x0000000008001cb8        0x2 build/stm32l1xx_hal_tim.o
                0x0000000008001cb8                HAL_TIM_Base_MspInit
 .text.HAL_TIM_Base_Init
                0x0000000008001cba       0x46 build/stm32l1xx_hal_tim.o
                0x0000000008001cba                HAL_TIM_Base_Init
 .text.HAL_TIM_Base_Start_IT
                0x0000000008001d00       0x68 build/stm32l1xx_hal_tim.o
                0x0000000008001d00                HAL_TIM_Base_Start_IT
 .text.HAL_TIM_OC_DelayElapsedCallback
                0x0000000008001d68        0x2 build/stm32l1xx_hal_tim.o
                0x0000000008001d68                HAL_TIM_OC_DelayElapsedCallback
 .text.HAL_TIM_IC_CaptureCallback
                0x0000000008001d6a        0x2 build/stm32l1xx_hal_tim.o
                0x0000000008001d6a                HAL_TIM_IC_CaptureCallback
 .text.HAL_TIM_PWM_PulseFinishedCallback
                0x0000000008001d6c        0x2 build/stm32l1xx_hal_tim.o
                0x0000000008001d6c                HAL_TIM_PWM_PulseFinishedCallback
 .text.HAL_TIM_TriggerCallback
                0x0000000008001d6e        0x2 build/stm32l1xx_hal_tim.o
                0x0000000008001d6e                HAL_TIM_TriggerCallback
 .text.HAL_TIM_IRQHandler
                0x0000000008001d70      0x13a build/stm32l1xx_hal_tim.o
                0x0000000008001d70                HAL_TIM_IRQHandler
 .text.SystemInit
                0x0000000008001eaa        0x2 build/system_stm32l1xx.o
                0x0000000008001eaa                SystemInit
 .text.vListInitialise
                0x0000000008001eac       0x16 build/list.o
                0x0000000008001eac                vListInitialise
 .text.vListInitialiseItem
                0x0000000008001ec2        0x6 build/list.o
                0x0000000008001ec2                vListInitialiseItem
 .text.vListInsertEnd
                0x0000000008001ec8       0x18 build/list.o
                0x0000000008001ec8                vListInsertEnd
 .text.vListInsert
                0x0000000008001ee0       0x34 build/list.o
                0x0000000008001ee0                vListInsert
 .text.uxListRemove
                0x0000000008001f14       0x28 build/list.o
                0x0000000008001f14                uxListRemove
 .text.prvIsQueueFull
                0x0000000008001f3c       0x1e build/queue.o
 .text.prvIsQueueEmpty
                0x0000000008001f5a       0x1a build/queue.o
 .text.prvCopyDataToQueue
                0x0000000008001f74       0x76 build/queue.o
 .text.prvCopyDataFromQueue
                0x0000000008001fea       0x24 build/queue.o
 .text.prvUnlockQueue
                0x000000000800200e       0x6e build/queue.o
 .text.xQueueGenericReset
                0x000000000800207c       0x80 build/queue.o
                0x000000000800207c                xQueueGenericReset
 .text.prvInitialiseNewQueue
                0x00000000080020fc       0x22 build/queue.o
 .text.xQueueGenericCreateStatic
                0x000000000800211e       0xa0 build/queue.o
                0x000000000800211e                xQueueGenericCreateStatic
 *fill*         0x00000000080021be        0x2 
 .text.xQueueGenericSend
                0x00000000080021c0      0x188 build/queue.o
                0x00000000080021c0                xQueueGenericSend
 .text.xQueueGenericSendFromISR
                0x0000000008002348       0xde build/queue.o
                0x0000000008002348                xQueueGenericSendFromISR
 *fill*         0x0000000008002426        0x2 
 .text.xQueueReceive
                0x0000000008002428      0x15c build/queue.o
                0x0000000008002428                xQueueReceive
 .text.vQueueAddToRegistry
                0x0000000008002584       0x28 build/queue.o
                0x0000000008002584                vQueueAddToRegistry
 .text.vQueueWaitForMessageRestricted
                0x00000000080025ac       0x52 build/queue.o
                0x00000000080025ac                vQueueWaitForMessageRestricted
 *fill*         0x00000000080025fe        0x2 
 .text.prvResetNextTaskUnblockTime
                0x0000000008002600       0x34 build/tasks.o
 .text.prvInitialiseNewTask
                0x0000000008002634       0x90 build/tasks.o
 .text.prvInitialiseTaskLists
                0x00000000080026c4       0x68 build/tasks.o
 .text.prvAddNewTaskToReadyList
                0x000000000800272c       0xac build/tasks.o
 .text.prvDeleteTCB
                0x00000000080027d8       0x3a build/tasks.o
 *fill*         0x0000000008002812        0x2 
 .text.prvCheckTasksWaitingTermination
                0x0000000008002814       0x4c build/tasks.o
 .text.prvIdleTask
                0x0000000008002860       0x28 build/tasks.o
 .text.prvAddCurrentTaskToDelayedList
                0x0000000008002888       0x7c build/tasks.o
 .text.xTaskCreateStatic
                0x0000000008002904       0x72 build/tasks.o
                0x0000000008002904                xTaskCreateStatic
 .text.xTaskCreate
                0x0000000008002976       0x66 build/tasks.o
                0x0000000008002976                xTaskCreate
 .text.vTaskStartScheduler
                0x00000000080029dc       0x9c build/tasks.o
                0x00000000080029dc                vTaskStartScheduler
 .text.vTaskSuspendAll
                0x0000000008002a78       0x10 build/tasks.o
                0x0000000008002a78                vTaskSuspendAll
 .text.xTaskGetTickCount
                0x0000000008002a88        0xc build/tasks.o
                0x0000000008002a88                xTaskGetTickCount
 .text.xTaskIncrementTick
                0x0000000008002a94      0x120 build/tasks.o
                0x0000000008002a94                xTaskIncrementTick
 .text.xTaskResumeAll
                0x0000000008002bb4       0xfc build/tasks.o
                0x0000000008002bb4                xTaskResumeAll
 .text.vTaskDelay
                0x0000000008002cb0       0x50 build/tasks.o
                0x0000000008002cb0                vTaskDelay
 .text.vTaskSwitchContext
                0x0000000008002d00       0x98 build/tasks.o
                0x0000000008002d00                vTaskSwitchContext
 .text.vTaskPlaceOnEventList
                0x0000000008002d98       0x30 build/tasks.o
                0x0000000008002d98                vTaskPlaceOnEventList
 .text.vTaskPlaceOnEventListRestricted
                0x0000000008002dc8       0x38 build/tasks.o
                0x0000000008002dc8                vTaskPlaceOnEventListRestricted
 .text.xTaskRemoveFromEventList
                0x0000000008002e00       0x8c build/tasks.o
                0x0000000008002e00                xTaskRemoveFromEventList
 .text.vTaskInternalSetTimeOutState
                0x0000000008002e8c       0x18 build/tasks.o
                0x0000000008002e8c                vTaskInternalSetTimeOutState
 .text.xTaskCheckForTimeOut
                0x0000000008002ea4       0x80 build/tasks.o
                0x0000000008002ea4                xTaskCheckForTimeOut
 .text.vTaskMissedYield
                0x0000000008002f24        0xc build/tasks.o
                0x0000000008002f24                vTaskMissedYield
 .text.xTaskGetSchedulerState
                0x0000000008002f30       0x20 build/tasks.o
                0x0000000008002f30                xTaskGetSchedulerState
 .text.xTaskPriorityDisinherit
                0x0000000008002f50       0x90 build/tasks.o
                0x0000000008002f50                xTaskPriorityDisinherit
 .text.prvGetNextExpireTime
                0x0000000008002fe0       0x20 build/timers.o
 .text.prvInsertTimerInActiveList
                0x0000000008003000       0x48 build/timers.o
 .text.prvCheckForValidListAndQueue
                0x0000000008003048       0x70 build/timers.o
 .text.xTimerCreateTimerTask
                0x00000000080030b8       0x70 build/timers.o
                0x00000000080030b8                xTimerCreateTimerTask
 .text.xTimerGenericCommand
                0x0000000008003128       0x6c build/timers.o
                0x0000000008003128                xTimerGenericCommand
 .text.prvSwitchTimerLists
                0x0000000008003194       0x78 build/timers.o
 .text.prvSampleTimeNow
                0x000000000800320c       0x2c build/timers.o
 .text.prvProcessExpiredTimer
                0x0000000008003238       0x60 build/timers.o
 .text.prvProcessTimerOrBlockTask
                0x0000000008003298       0x74 build/timers.o
 .text.prvProcessReceivedCommands
                0x000000000800330c       0xfc build/timers.o
 .text.prvTimerTask
                0x0000000008003408       0x16 build/timers.o
 *fill*         0x000000000800341e        0x2 
 .text.osKernelInitialize
                0x0000000008003420       0x44 build/cmsis_os2.o
                0x0000000008003420                osKernelInitialize
 .text.osKernelStart
                0x0000000008003464       0x4c build/cmsis_os2.o
                0x0000000008003464                osKernelStart
 .text.osThreadNew
                0x00000000080034b0       0xec build/cmsis_os2.o
                0x00000000080034b0                osThreadNew
 .text.osDelay  0x000000000800359c       0x44 build/cmsis_os2.o
                0x000000000800359c                osDelay
 .text.vApplicationGetIdleTaskMemory
                0x00000000080035e0       0x18 build/cmsis_os2.o
                0x00000000080035e0                vApplicationGetIdleTaskMemory
 .text.vApplicationGetTimerTaskMemory
                0x00000000080035f8       0x18 build/cmsis_os2.o
                0x00000000080035f8                vApplicationGetTimerTaskMemory
 .text.prvHeapInit
                0x0000000008003610       0x64 build/heap_4.o
 .text.prvInsertBlockIntoFreeList
                0x0000000008003674       0x54 build/heap_4.o
 .text.pvPortMalloc
                0x00000000080036c8      0x108 build/heap_4.o
                0x00000000080036c8                pvPortMalloc
 .text.vPortFree
                0x00000000080037d0       0x70 build/heap_4.o
                0x00000000080037d0                vPortFree
 .text.prvTaskExitError
                0x0000000008003840       0x40 build/port.o
 .text.prvPortStartFirstTask
                0x0000000008003880       0x20 build/port.o
 .text.pxPortInitialiseStack
                0x00000000080038a0       0x24 build/port.o
                0x00000000080038a0                pxPortInitialiseStack
 *fill*         0x00000000080038c4        0xc 
 .text.SVC_Handler
                0x00000000080038d0       0x24 build/port.o
                0x00000000080038d0                SVC_Handler
 .text.vPortEnterCritical
                0x00000000080038f4       0x44 build/port.o
                0x00000000080038f4                vPortEnterCritical
 .text.vPortExitCritical
                0x0000000008003938       0x2c build/port.o
                0x0000000008003938                vPortExitCritical
 *fill*         0x0000000008003964        0xc 
 .text.PendSV_Handler
                0x0000000008003970       0x44 build/port.o
                0x0000000008003970                PendSV_Handler
 .text.SysTick_Handler
                0x00000000080039b4       0x2c build/port.o
                0x00000000080039b4                SysTick_Handler
 .text.vPortSetupTimerInterrupt
                0x00000000080039e0       0x38 build/port.o
                0x00000000080039e0                vPortSetupTimerInterrupt
 .text.xPortStartScheduler
                0x0000000008003a18       0xb8 build/port.o
                0x0000000008003a18                xPortStartScheduler
 .text.vPortValidateInterruptPriority
                0x0000000008003ad0       0x5c build/port.o
                0x0000000008003ad0                vPortValidateInterruptPriority
 .text.CAN_IC_READ_REGISTER
                0x0000000008003b2c       0x50 build/CAN.o
                0x0000000008003b2c                CAN_IC_READ_REGISTER
 .text.CAN_IC_WRITE_REGISTER_BITWISE
                0x0000000008003b7c       0x48 build/CAN.o
                0x0000000008003b7c                CAN_IC_WRITE_REGISTER_BITWISE
 .text.CAN_IC_WRITE_REGISTER
                0x0000000008003bc4       0x40 build/CAN.o
                0x0000000008003bc4                CAN_IC_WRITE_REGISTER
 .text.ConfigureCANSPI
                0x0000000008003c04       0x74 build/CAN.o
                0x0000000008003c04                ConfigureCANSPI
 .text.sendExtendedCANMessage
                0x0000000008003c78       0xc0 build/CAN.o
                0x0000000008003c78                sendExtendedCANMessage
 .text.Reset_Handler
                0x0000000008003d38       0x48 build/startup_stm32l152xe.o
                0x0000000008003d38                Reset_Handler
 .text.Default_Handler
                0x0000000008003d80        0x2 build/startup_stm32l152xe.o
                0x0000000008003d80                RTC_Alarm_IRQHandler
                0x0000000008003d80                EXTI2_IRQHandler
                0x0000000008003d80                COMP_ACQ_IRQHandler
                0x0000000008003d80                TIM10_IRQHandler
                0x0000000008003d80                USB_HP_IRQHandler
                0x0000000008003d80                TIM6_IRQHandler
                0x0000000008003d80                PVD_IRQHandler
                0x0000000008003d80                EXTI3_IRQHandler
                0x0000000008003d80                EXTI0_IRQHandler
                0x0000000008003d80                I2C2_EV_IRQHandler
                0x0000000008003d80                SPI1_IRQHandler
                0x0000000008003d80                USB_FS_WKUP_IRQHandler
                0x0000000008003d80                DMA2_Channel2_IRQHandler
                0x0000000008003d80                DMA1_Channel4_IRQHandler
                0x0000000008003d80                ADC1_IRQHandler
                0x0000000008003d80                USART3_IRQHandler
                0x0000000008003d80                DMA1_Channel7_IRQHandler
                0x0000000008003d80                LCD_IRQHandler
                0x0000000008003d80                UART5_IRQHandler
                0x0000000008003d80                TIM4_IRQHandler
                0x0000000008003d80                DMA2_Channel1_IRQHandler
                0x0000000008003d80                I2C1_EV_IRQHandler
                0x0000000008003d80                DMA1_Channel6_IRQHandler
                0x0000000008003d80                UART4_IRQHandler
                0x0000000008003d80                DMA2_Channel4_IRQHandler
                0x0000000008003d80                TIM3_IRQHandler
                0x0000000008003d80                RCC_IRQHandler
                0x0000000008003d80                DMA1_Channel1_IRQHandler
                0x0000000008003d80                Default_Handler
                0x0000000008003d80                EXTI15_10_IRQHandler
                0x0000000008003d80                TIM7_IRQHandler
                0x0000000008003d80                TIM5_IRQHandler
                0x0000000008003d80                EXTI9_5_IRQHandler
                0x0000000008003d80                TIM9_IRQHandler
                0x0000000008003d80                TAMPER_STAMP_IRQHandler
                0x0000000008003d80                RTC_WKUP_IRQHandler
                0x0000000008003d80                SPI2_IRQHandler
                0x0000000008003d80                DMA2_Channel5_IRQHandler
                0x0000000008003d80                DMA1_Channel5_IRQHandler
                0x0000000008003d80                USB_LP_IRQHandler
                0x0000000008003d80                EXTI4_IRQHandler
                0x0000000008003d80                DMA1_Channel3_IRQHandler
                0x0000000008003d80                COMP_IRQHandler
                0x0000000008003d80                WWDG_IRQHandler
                0x0000000008003d80                DAC_IRQHandler
                0x0000000008003d80                EXTI1_IRQHandler
                0x0000000008003d80                TIM11_IRQHandler
                0x0000000008003d80                USART2_IRQHandler
                0x0000000008003d80                I2C2_ER_IRQHandler
                0x0000000008003d80                DMA1_Channel2_IRQHandler
                0x0000000008003d80                FLASH_IRQHandler
                0x0000000008003d80                USART1_IRQHandler
                0x0000000008003d80                SPI3_IRQHandler
                0x0000000008003d80                I2C1_ER_IRQHandler
                0x0000000008003d80                DMA2_Channel3_IRQHandler
 *fill*         0x0000000008003d82        0x2 
 .text.__libc_init_array
                0x0000000008003d84       0x48 /opt/gcc4mbed/gcc-arm-none-eabi/bin/../lib/gcc/arm-none-eabi/6.3.1/../../../../arm-none-eabi/lib/thumb/v7-m/libc_nano.a(lib_a-init.o)
                0x0000000008003d84                __libc_init_array
 .text.memcpy   0x0000000008003dcc       0x16 /opt/gcc4mbed/gcc-arm-none-eabi/bin/../lib/gcc/arm-none-eabi/6.3.1/../../../../arm-none-eabi/lib/thumb/v7-m/libc_nano.a(lib_a-memcpy-stub.o)
                0x0000000008003dcc                memcpy
 .text.memset   0x0000000008003de2       0x10 /opt/gcc4mbed/gcc-arm-none-eabi/bin/../lib/gcc/arm-none-eabi/6.3.1/../../../../arm-none-eabi/lib/thumb/v7-m/libc_nano.a(lib_a-memset.o)
                0x0000000008003de2                memset
 *(.glue_7)
 .glue_7        0x0000000008003df2        0x0 linker stubs
 *(.glue_7t)
 .glue_7t       0x0000000008003df2        0x0 linker stubs
 *(.eh_frame)
 *fill*         0x0000000008003df2        0x2 
 .eh_frame      0x0000000008003df4        0x0 /opt/gcc4mbed/gcc-arm-none-eabi/bin/../lib/gcc/arm-none-eabi/6.3.1/thumb/v7-m/crtbegin.o
 *(.init)
 .init          0x0000000008003df4        0x4 /opt/gcc4mbed/gcc-arm-none-eabi/bin/../lib/gcc/arm-none-eabi/6.3.1/thumb/v7-m/crti.o
                0x0000000008003df4                _init
 .init          0x0000000008003df8        0x8 /opt/gcc4mbed/gcc-arm-none-eabi/bin/../lib/gcc/arm-none-eabi/6.3.1/thumb/v7-m/crtn.o
 *(.fini)
 .fini          0x0000000008003e00        0x4 /opt/gcc4mbed/gcc-arm-none-eabi/bin/../lib/gcc/arm-none-eabi/6.3.1/thumb/v7-m/crti.o
                0x0000000008003e00                _fini
 .fini          0x0000000008003e04        0x8 /opt/gcc4mbed/gcc-arm-none-eabi/bin/../lib/gcc/arm-none-eabi/6.3.1/thumb/v7-m/crtn.o
                0x0000000008003e0c                . = ALIGN (0x4)
                0x0000000008003e0c                _etext = .

.vfp11_veneer   0x0000000008003e0c        0x0
 .vfp11_veneer  0x0000000008003e0c        0x0 linker stubs

.v4_bx          0x0000000008003e0c        0x0
 .v4_bx         0x0000000008003e0c        0x0 linker stubs

.iplt           0x0000000008003e0c        0x0
 .iplt          0x0000000008003e0c        0x0 /opt/gcc4mbed/gcc-arm-none-eabi/bin/../lib/gcc/arm-none-eabi/6.3.1/thumb/v7-m/crtbegin.o

.rodata         0x0000000008003e0c       0x70
                0x0000000008003e0c                . = ALIGN (0x4)
 *(.rodata)
 .rodata        0x0000000008003e0c        0x3 build/main.o
 *(.rodata*)
 *fill*         0x0000000008003e0f        0x1 
 .rodata.defaultTask_attributes
                0x0000000008003e10       0x24 build/main.o
                0x0000000008003e10                defaultTask_attributes
 .rodata.str1.4
                0x0000000008003e34        0xc build/main.o
 .rodata.AHBPrescTable
                0x0000000008003e40       0x10 build/system_stm32l1xx.o
                0x0000000008003e40                AHBPrescTable
 .rodata.APBPrescTable
                0x0000000008003e50        0x8 build/system_stm32l1xx.o
                0x0000000008003e50                APBPrescTable
 .rodata.PLLMulTable
                0x0000000008003e58        0x9 build/system_stm32l1xx.o
                0x0000000008003e58                PLLMulTable
 *fill*         0x0000000008003e61        0x3 
 .rodata.vTaskStartScheduler.str1.4
                0x0000000008003e64        0x5 build/tasks.o
 *fill*         0x0000000008003e69        0x3 
 .rodata.prvCheckForValidListAndQueue.str1.4
                0x0000000008003e6c        0x5 build/timers.o
 *fill*         0x0000000008003e71        0x3 
 .rodata.xTimerCreateTimerTask.str1.4
                0x0000000008003e74        0x8 build/timers.o
                0x0000000008003e7c                . = ALIGN (0x4)

.ARM.extab
 *(.ARM.extab* .gnu.linkonce.armextab.*)

.ARM            0x0000000008003e7c        0x8
                0x0000000008003e7c                __exidx_start = .
 *(.ARM.exidx*)
 .ARM.exidx     0x0000000008003e7c        0x8 /opt/gcc4mbed/gcc-arm-none-eabi/bin/../lib/gcc/arm-none-eabi/6.3.1/thumb/v7-m/libgcc.a(_udivmoddi4.o)
                0x0000000008003e84                __exidx_end = .

.rel.dyn        0x0000000008003e84        0x0
 .rel.iplt      0x0000000008003e84        0x0 /opt/gcc4mbed/gcc-arm-none-eabi/bin/../lib/gcc/arm-none-eabi/6.3.1/thumb/v7-m/crtbegin.o

.preinit_array  0x0000000008003e84        0x0
                0x0000000008003e84                PROVIDE (__preinit_array_start, .)
 *(.preinit_array*)
                0x0000000008003e84                PROVIDE (__preinit_array_end, .)

.init_array     0x0000000008003e84        0x4
                0x0000000008003e84                PROVIDE (__init_array_start, .)
 *(SORT(.init_array.*))
 *(.init_array*)
 .init_array    0x0000000008003e84        0x4 /opt/gcc4mbed/gcc-arm-none-eabi/bin/../lib/gcc/arm-none-eabi/6.3.1/thumb/v7-m/crtbegin.o
                0x0000000008003e88                PROVIDE (__init_array_end, .)

.fini_array     0x0000000008003e88        0x4
                [!provide]                        PROVIDE (__fini_array_start, .)
 *(SORT(.fini_array.*))
 *(.fini_array*)
 .fini_array    0x0000000008003e88        0x4 /opt/gcc4mbed/gcc-arm-none-eabi/bin/../lib/gcc/arm-none-eabi/6.3.1/thumb/v7-m/crtbegin.o
                [!provide]                        PROVIDE (__fini_array_end, .)
                0x0000000008003e8c                _sidata = LOADADDR (.data)

.data           0x0000000020000000       0x10 load address 0x0000000008003e8c
                0x0000000020000000                . = ALIGN (0x4)
                0x0000000020000000                _sdata = .
 *(.data)
 *(.data*)
 .data.uwTickFreq
                0x0000000020000000        0x4 build/stm32l1xx_hal.o
                0x0000000020000000                uwTickFreq
 .data.uwTickPrio
                0x0000000020000004        0x4 build/stm32l1xx_hal.o
                0x0000000020000004                uwTickPrio
 .data.SystemCoreClock
                0x0000000020000008        0x4 build/system_stm32l1xx.o
                0x0000000020000008                SystemCoreClock
 .data.uxCriticalNesting
                0x000000002000000c        0x4 build/port.o
                0x0000000020000010                . = ALIGN (0x4)
                0x0000000020000010                _edata = .

.jcr            0x0000000020000010        0x0 load address 0x0000000008003e9c
 .jcr           0x0000000020000010        0x0 /opt/gcc4mbed/gcc-arm-none-eabi/bin/../lib/gcc/arm-none-eabi/6.3.1/thumb/v7-m/crtbegin.o

.igot.plt       0x0000000020000010        0x0 load address 0x0000000008003e9c
 .igot.plt      0x0000000020000010        0x0 /opt/gcc4mbed/gcc-arm-none-eabi/bin/../lib/gcc/arm-none-eabi/6.3.1/thumb/v7-m/crtbegin.o
                0x0000000020000010                . = ALIGN (0x4)

.bss            0x0000000020000010     0x1a58 load address 0x0000000008003e9c
                0x0000000020000010                _sbss = .
                0x0000000020000010                __bss_start__ = _sbss
 *(.bss)
 .bss           0x0000000020000010       0x1c /opt/gcc4mbed/gcc-arm-none-eabi/bin/../lib/gcc/arm-none-eabi/6.3.1/thumb/v7-m/crtbegin.o
 *(.bss*)
 .bss.pxCurrentTCB
                0x000000002000002c        0x4 build/tasks.o
                0x000000002000002c                pxCurrentTCB
 .bss.pxDelayedTaskList
                0x0000000020000030        0x4 build/tasks.o
 .bss.pxOverflowDelayedTaskList
                0x0000000020000034        0x4 build/tasks.o
 .bss.pxReadyTasksLists
                0x0000000020000038      0x460 build/tasks.o
 .bss.uxCurrentNumberOfTasks
                0x0000000020000498        0x4 build/tasks.o
 .bss.uxDeletedTasksWaitingCleanUp
                0x000000002000049c        0x4 build/tasks.o
 .bss.uxPendedTicks
                0x00000000200004a0        0x4 build/tasks.o
 .bss.uxSchedulerSuspended
                0x00000000200004a4        0x4 build/tasks.o
 .bss.uxTaskNumber
                0x00000000200004a8        0x4 build/tasks.o
 .bss.uxTopReadyPriority
                0x00000000200004ac        0x4 build/tasks.o
 .bss.xDelayedTaskList1
                0x00000000200004b0       0x14 build/tasks.o
 .bss.xDelayedTaskList2
                0x00000000200004c4       0x14 build/tasks.o
 .bss.xNextTaskUnblockTime
                0x00000000200004d8        0x4 build/tasks.o
 .bss.xNumOfOverflows
                0x00000000200004dc        0x4 build/tasks.o
 .bss.xPendingReadyList
                0x00000000200004e0       0x14 build/tasks.o
 .bss.xSchedulerRunning
                0x00000000200004f4        0x4 build/tasks.o
 .bss.xSuspendedTaskList
                0x00000000200004f8       0x14 build/tasks.o
 .bss.xTasksWaitingTermination
                0x000000002000050c       0x14 build/tasks.o
 .bss.xTickCount
                0x0000000020000520        0x4 build/tasks.o
 .bss.xYieldPending
                0x0000000020000524        0x4 build/tasks.o
 .bss.pxCurrentTimerList
                0x0000000020000528        0x4 build/timers.o
 .bss.pxOverflowTimerList
                0x000000002000052c        0x4 build/timers.o
 .bss.ucStaticTimerQueueStorage.5526
                0x0000000020000530       0xa0 build/timers.o
 .bss.xActiveTimerList1
                0x00000000200005d0       0x14 build/timers.o
 .bss.xActiveTimerList2
                0x00000000200005e4       0x14 build/timers.o
 .bss.xLastTime.5475
                0x00000000200005f8        0x4 build/timers.o
 .bss.xStaticTimerQueue.5525
                0x00000000200005fc       0x50 build/timers.o
 .bss.xTimerQueue
                0x000000002000064c        0x4 build/timers.o
 .bss.xTimerTaskHandle
                0x0000000020000650        0x4 build/timers.o
 .bss.Idle_Stack
                0x0000000020000654      0x200 build/cmsis_os2.o
 .bss.Idle_TCB  0x0000000020000854       0x5c build/cmsis_os2.o
 .bss.KernelState
                0x00000000200008b0        0x4 build/cmsis_os2.o
 .bss.Timer_Stack
                0x00000000200008b4      0x400 build/cmsis_os2.o
 .bss.Timer_TCB
                0x0000000020000cb4       0x5c build/cmsis_os2.o
 .bss.pxEnd     0x0000000020000d10        0x4 build/heap_4.o
 .bss.ucHeap    0x0000000020000d14      0xc00 build/heap_4.o
 .bss.xBlockAllocatedBit
                0x0000000020001914        0x4 build/heap_4.o
 .bss.xFreeBytesRemaining
                0x0000000020001918        0x4 build/heap_4.o
 .bss.xMinimumEverFreeBytesRemaining
                0x000000002000191c        0x4 build/heap_4.o
 .bss.xStart    0x0000000020001920        0x8 build/heap_4.o
 .bss.ucMaxSysCallPriority
                0x0000000020001928        0x1 build/port.o
 *fill*         0x0000000020001929        0x3 
 .bss.ulMaxPRIGROUPValue
                0x000000002000192c        0x4 build/port.o
 *(COMMON)
 COMMON         0x0000000020001930       0xb4 build/main.o
                0x0000000020001930                defaultTaskHandle
                0x0000000020001934                hspi2
                0x000000002000198c                hspi1
 COMMON         0x00000000200019e4       0x40 build/stm32l1xx_hal_timebase_tim.o
                0x00000000200019e4                htim2
 COMMON         0x0000000020001a24        0x4 build/stm32l1xx_hal.o
                0x0000000020001a24                uwTick
 COMMON         0x0000000020001a28       0x40 build/queue.o
                0x0000000020001a28                xQueueRegistry
                0x0000000020001a68                . = ALIGN (0x4)
                0x0000000020001a68                _ebss = .
                0x0000000020001a68                __bss_end__ = _ebss

._user_heap_stack
                0x0000000020001a68      0x600 load address 0x0000000008003e9c
                0x0000000020001a68                . = ALIGN (0x8)
                [!provide]                        PROVIDE (end, .)
                [!provide]                        PROVIDE (_end, .)
                0x0000000020001c68                . = (. + _Min_Heap_Size)
 *fill*         0x0000000020001a68      0x200 
                0x0000000020002068                . = (. + _Min_Stack_Size)
 *fill*         0x0000000020001c68      0x400 
                0x0000000020002068                . = ALIGN (0x8)

/DISCARD/
 libc.a(*)
 libm.a(*)
 libgcc.a(*)

.ARM.attributes
                0x0000000000000000       0x29
 *(.ARM.attributes)
 .ARM.attributes
                0x0000000000000000       0x1d /opt/gcc4mbed/gcc-arm-none-eabi/bin/../lib/gcc/arm-none-eabi/6.3.1/thumb/v7-m/crti.o
 .ARM.attributes
                0x000000000000001d       0x2d /opt/gcc4mbed/gcc-arm-none-eabi/bin/../lib/gcc/arm-none-eabi/6.3.1/thumb/v7-m/crtbegin.o
 .ARM.attributes
                0x000000000000004a       0x33 build/main.o
 .ARM.attributes
                0x000000000000007d       0x33 build/stm32l1xx_it.o
 .ARM.attributes
                0x00000000000000b0       0x33 build/stm32l1xx_hal_msp.o
 .ARM.attributes
                0x00000000000000e3       0x33 build/stm32l1xx_hal_timebase_tim.o
 .ARM.attributes
                0x0000000000000116       0x33 build/stm32l1xx_hal.o
 .ARM.attributes
                0x0000000000000149       0x33 build/stm32l1xx_hal_rcc.o
 .ARM.attributes
                0x000000000000017c       0x33 build/stm32l1xx_hal_gpio.o
 .ARM.attributes
                0x00000000000001af       0x33 build/stm32l1xx_hal_cortex.o
 .ARM.attributes
                0x00000000000001e2       0x33 build/stm32l1xx_hal_spi.o
 .ARM.attributes
                0x0000000000000215       0x33 build/stm32l1xx_hal_tim.o
 .ARM.attributes
                0x0000000000000248       0x33 build/system_stm32l1xx.o
 .ARM.attributes
                0x000000000000027b       0x33 build/list.o
 .ARM.attributes
                0x00000000000002ae       0x33 build/queue.o
 .ARM.attributes
                0x00000000000002e1       0x33 build/tasks.o
 .ARM.attributes
                0x0000000000000314       0x33 build/timers.o
 .ARM.attributes
                0x0000000000000347       0x33 build/cmsis_os2.o
 .ARM.attributes
                0x000000000000037a       0x33 build/heap_4.o
 .ARM.attributes
                0x00000000000003ad       0x33 build/port.o
 .ARM.attributes
                0x00000000000003e0       0x33 build/CAN.o
 .ARM.attributes
                0x0000000000000413       0x21 build/startup_stm32l152xe.o
 .ARM.attributes
                0x0000000000000434       0x2d /opt/gcc4mbed/gcc-arm-none-eabi/bin/../lib/gcc/arm-none-eabi/6.3.1/../../../../arm-none-eabi/lib/thumb/v7-m/libc_nano.a(lib_a-init.o)
 .ARM.attributes
                0x0000000000000461       0x2d /opt/gcc4mbed/gcc-arm-none-eabi/bin/../lib/gcc/arm-none-eabi/6.3.1/../../../../arm-none-eabi/lib/thumb/v7-m/libc_nano.a(lib_a-memcpy-stub.o)
 .ARM.attributes
                0x000000000000048e       0x2d /opt/gcc4mbed/gcc-arm-none-eabi/bin/../lib/gcc/arm-none-eabi/6.3.1/../../../../arm-none-eabi/lib/thumb/v7-m/libc_nano.a(lib_a-memset.o)
 .ARM.attributes
                0x00000000000004bb       0x1d /opt/gcc4mbed/gcc-arm-none-eabi/bin/../lib/gcc/arm-none-eabi/6.3.1/thumb/v7-m/libgcc.a(_aeabi_uldivmod.o)
 .ARM.attributes
                0x00000000000004d8       0x2d /opt/gcc4mbed/gcc-arm-none-eabi/bin/../lib/gcc/arm-none-eabi/6.3.1/thumb/v7-m/libgcc.a(_udivmoddi4.o)
 .ARM.attributes
                0x0000000000000505       0x1d /opt/gcc4mbed/gcc-arm-none-eabi/bin/../lib/gcc/arm-none-eabi/6.3.1/thumb/v7-m/libgcc.a(_dvmd_tls.o)
 .ARM.attributes
                0x0000000000000522       0x1d /opt/gcc4mbed/gcc-arm-none-eabi/bin/../lib/gcc/arm-none-eabi/6.3.1/thumb/v7-m/crtn.o
OUTPUT(build/Helios_CAN.elf elf32-littlearm)

.debug_info     0x0000000000000000    0x1ba99
 .debug_info    0x0000000000000000     0x154e build/main.o
 .debug_info    0x000000000000154e      0x7ab build/stm32l1xx_it.o
 .debug_info    0x0000000000001cf9      0xc00 build/stm32l1xx_hal_msp.o
 .debug_info    0x00000000000028f9      0xbac build/stm32l1xx_hal_timebase_tim.o
 .debug_info    0x00000000000034a5      0x888 build/stm32l1xx_hal.o
 .debug_info    0x0000000000003d2d      0xc3e build/stm32l1xx_hal_rcc.o
 .debug_info    0x000000000000496b      0x73a build/stm32l1xx_hal_gpio.o
 .debug_info    0x00000000000050a5      0xfd6 build/stm32l1xx_hal_cortex.o
 .debug_info    0x000000000000607b     0x1d76 build/stm32l1xx_hal_spi.o
 .debug_info    0x0000000000007df1     0x36aa build/stm32l1xx_hal_tim.o
 .debug_info    0x000000000000b49b      0x30f build/system_stm32l1xx.o
 .debug_info    0x000000000000b7aa      0xbe8 build/list.o
 .debug_info    0x000000000000c392     0x2e8d build/queue.o
 .debug_info    0x000000000000f21f     0x36c1 build/tasks.o
 .debug_info    0x00000000000128e0     0x217e build/timers.o
 .debug_info    0x0000000000014a5e     0x4e4e build/cmsis_os2.o
 .debug_info    0x00000000000198ac      0xd82 build/heap_4.o
 .debug_info    0x000000000001a62e      0x54c build/port.o
 .debug_info    0x000000000001ab7a      0xeb8 build/CAN.o
 .debug_info    0x000000000001ba32       0x67 build/startup_stm32l152xe.o

.debug_abbrev   0x0000000000000000     0x3145
 .debug_abbrev  0x0000000000000000      0x2ef build/main.o
 .debug_abbrev  0x00000000000002ef      0x174 build/stm32l1xx_it.o
 .debug_abbrev  0x0000000000000463      0x1a7 build/stm32l1xx_hal_msp.o
 .debug_abbrev  0x000000000000060a      0x1ec build/stm32l1xx_hal_timebase_tim.o
 .debug_abbrev  0x00000000000007f6      0x225 build/stm32l1xx_hal.o
 .debug_abbrev  0x0000000000000a1b      0x294 build/stm32l1xx_hal_rcc.o
 .debug_abbrev  0x0000000000000caf      0x21a build/stm32l1xx_hal_gpio.o
 .debug_abbrev  0x0000000000000ec9      0x33b build/stm32l1xx_hal_cortex.o
 .debug_abbrev  0x0000000000001204      0x284 build/stm32l1xx_hal_spi.o
 .debug_abbrev  0x0000000000001488      0x270 build/stm32l1xx_hal_tim.o
 .debug_abbrev  0x00000000000016f8      0x110 build/system_stm32l1xx.o
 .debug_abbrev  0x0000000000001808      0x21e build/list.o
 .debug_abbrev  0x0000000000001a26      0x3fc build/queue.o
 .debug_abbrev  0x0000000000001e22      0x3f1 build/tasks.o
 .debug_abbrev  0x0000000000002213      0x386 build/timers.o
 .debug_abbrev  0x0000000000002599      0x448 build/cmsis_os2.o
 .debug_abbrev  0x00000000000029e1      0x312 build/heap_4.o
 .debug_abbrev  0x0000000000002cf3      0x257 build/port.o
 .debug_abbrev  0x0000000000002f4a      0x1e9 build/CAN.o
 .debug_abbrev  0x0000000000003133       0x12 build/startup_stm32l152xe.o

.debug_loc      0x0000000000000000    0x12948
 .debug_loc     0x0000000000000000      0x185 build/main.o
 .debug_loc     0x0000000000000185       0x20 build/stm32l1xx_it.o
 .debug_loc     0x00000000000001a5      0x142 build/stm32l1xx_hal_msp.o
 .debug_loc     0x00000000000002e7      0x130 build/stm32l1xx_hal_timebase_tim.o
 .debug_loc     0x0000000000000417      0x21c build/stm32l1xx_hal.o
 .debug_loc     0x0000000000000633      0x6ef build/stm32l1xx_hal_rcc.o
 .debug_loc     0x0000000000000d22      0x3fa build/stm32l1xx_hal_gpio.o
 .debug_loc     0x000000000000111c      0x6a6 build/stm32l1xx_hal_cortex.o
 .debug_loc     0x00000000000017c2     0x21f0 build/stm32l1xx_hal_spi.o
 .debug_loc     0x00000000000039b2     0x4baf build/stm32l1xx_hal_tim.o
 .debug_loc     0x0000000000008561      0x18f build/system_stm32l1xx.o
 .debug_loc     0x00000000000086f0       0x9c build/list.o
 .debug_loc     0x000000000000878c     0x1a04 build/queue.o
 .debug_loc     0x000000000000a190     0x244a build/tasks.o
 .debug_loc     0x000000000000c5da      0xf91 build/timers.o
 .debug_loc     0x000000000000d56b     0x4a73 build/cmsis_os2.o
 .debug_loc     0x0000000000011fde      0x324 build/heap_4.o
 .debug_loc     0x0000000000012302      0x152 build/port.o
 .debug_loc     0x0000000000012454      0x4f4 build/CAN.o

.debug_aranges  0x0000000000000000     0x1118
 .debug_aranges
                0x0000000000000000       0x60 build/main.o
 .debug_aranges
                0x0000000000000060       0x50 build/stm32l1xx_it.o
 .debug_aranges
                0x00000000000000b0       0x30 build/stm32l1xx_hal_msp.o
 .debug_aranges
                0x00000000000000e0       0x30 build/stm32l1xx_hal_timebase_tim.o
 .debug_aranges
                0x0000000000000110       0xe0 build/stm32l1xx_hal.o
 .debug_aranges
                0x00000000000001f0       0x90 build/stm32l1xx_hal_rcc.o
 .debug_aranges
                0x0000000000000280       0x58 build/stm32l1xx_hal_gpio.o
 .debug_aranges
                0x00000000000002d8       0xa8 build/stm32l1xx_hal_cortex.o
 .debug_aranges
                0x0000000000000380      0x1d0 build/stm32l1xx_hal_spi.o
 .debug_aranges
                0x0000000000000550      0x3d0 build/stm32l1xx_hal_tim.o
 .debug_aranges
                0x0000000000000920       0x28 build/system_stm32l1xx.o
 .debug_aranges
                0x0000000000000948       0x40 build/list.o
 .debug_aranges
                0x0000000000000988      0x158 build/queue.o
 .debug_aranges
                0x0000000000000ae0      0x1f8 build/tasks.o
 .debug_aranges
                0x0000000000000cd8       0xe0 build/timers.o
 .debug_aranges
                0x0000000000000db8      0x228 build/cmsis_os2.o
 .debug_aranges
                0x0000000000000fe0       0x50 build/heap_4.o
 .debug_aranges
                0x0000000000001030       0x78 build/port.o
 .debug_aranges
                0x00000000000010a8       0x48 build/CAN.o
 .debug_aranges
                0x00000000000010f0       0x28 build/startup_stm32l152xe.o

.debug_ranges   0x0000000000000000     0x1270
 .debug_ranges  0x0000000000000000       0x50 build/main.o
 .debug_ranges  0x0000000000000050       0x40 build/stm32l1xx_it.o
 .debug_ranges  0x0000000000000090       0x20 build/stm32l1xx_hal_msp.o
 .debug_ranges  0x00000000000000b0       0x20 build/stm32l1xx_hal_timebase_tim.o
 .debug_ranges  0x00000000000000d0       0xd0 build/stm32l1xx_hal.o
 .debug_ranges  0x00000000000001a0       0x98 build/stm32l1xx_hal_rcc.o
 .debug_ranges  0x0000000000000238       0x48 build/stm32l1xx_hal_gpio.o
 .debug_ranges  0x0000000000000280       0xf8 build/stm32l1xx_hal_cortex.o
 .debug_ranges  0x0000000000000378      0x1c0 build/stm32l1xx_hal_spi.o
 .debug_ranges  0x0000000000000538      0x3c0 build/stm32l1xx_hal_tim.o
 .debug_ranges  0x00000000000008f8       0x18 build/system_stm32l1xx.o
 .debug_ranges  0x0000000000000910       0x30 build/list.o
 .debug_ranges  0x0000000000000940      0x238 build/queue.o
 .debug_ranges  0x0000000000000b78      0x310 build/tasks.o
 .debug_ranges  0x0000000000000e88       0xd0 build/timers.o
 .debug_ranges  0x0000000000000f58      0x218 build/cmsis_os2.o
 .debug_ranges  0x0000000000001170       0x40 build/heap_4.o
 .debug_ranges  0x00000000000011b0       0x68 build/port.o
 .debug_ranges  0x0000000000001218       0x38 build/CAN.o
 .debug_ranges  0x0000000000001250       0x20 build/startup_stm32l152xe.o

.debug_line     0x0000000000000000     0x81de
 .debug_line    0x0000000000000000      0x363 build/main.o
 .debug_line    0x0000000000000363      0x231 build/stm32l1xx_it.o
 .debug_line    0x0000000000000594      0x252 build/stm32l1xx_hal_msp.o
 .debug_line    0x00000000000007e6      0x24d build/stm32l1xx_hal_timebase_tim.o
 .debug_line    0x0000000000000a33      0x3a4 build/stm32l1xx_hal.o
 .debug_line    0x0000000000000dd7      0x54c build/stm32l1xx_hal_rcc.o
 .debug_line    0x0000000000001323      0x33f build/stm32l1xx_hal_gpio.o
 .debug_line    0x0000000000001662      0x3f8 build/stm32l1xx_hal_cortex.o
 .debug_line    0x0000000000001a5a      0xc3d build/stm32l1xx_hal_spi.o
 .debug_line    0x0000000000002697     0x18fa build/stm32l1xx_hal_tim.o
 .debug_line    0x0000000000003f91      0x1b7 build/system_stm32l1xx.o
 .debug_line    0x0000000000004148      0x2c3 build/list.o
 .debug_line    0x000000000000440b      0xae3 build/queue.o
 .debug_line    0x0000000000004eee      0xe84 build/tasks.o
 .debug_line    0x0000000000005d72      0x5bf build/timers.o
 .debug_line    0x0000000000006331     0x1559 build/cmsis_os2.o
 .debug_line    0x000000000000788a      0x36b build/heap_4.o
 .debug_line    0x0000000000007bf5      0x2da build/port.o
 .debug_line    0x0000000000007ecf      0x29a build/CAN.o
 .debug_line    0x0000000000008169       0x75 build/startup_stm32l152xe.o

.debug_str      0x0000000000000000     0x62e9
 .debug_str     0x0000000000000000     0x1087 build/main.o
                                       0x1177 (size before relaxing)
 .debug_str     0x0000000000001087       0xa6 build/stm32l1xx_it.o
                                        0x740 (size before relaxing)
 .debug_str     0x000000000000112d      0x3cd build/stm32l1xx_hal_msp.o
                                        0xa70 (size before relaxing)
 .debug_str     0x00000000000014fa      0x118 build/stm32l1xx_hal_timebase_tim.o
                                        0xc19 (size before relaxing)
 .debug_str     0x0000000000001612      0x21f build/stm32l1xx_hal.o
                                        0x899 (size before relaxing)
 .debug_str     0x0000000000001831      0x211 build/stm32l1xx_hal_rcc.o
                                        0x711 (size before relaxing)
 .debug_str     0x0000000000001a42      0x101 build/stm32l1xx_hal_gpio.o
                                        0x483 (size before relaxing)
 .debug_str     0x0000000000001b43      0x4b4 build/stm32l1xx_hal_cortex.o
                                        0xadd (size before relaxing)
 .debug_str     0x0000000000001ff7      0x544 build/stm32l1xx_hal_spi.o
                                        0xbc9 (size before relaxing)
 .debug_str     0x000000000000253b      0xe33 build/stm32l1xx_hal_tim.o
                                       0x15ee (size before relaxing)
 .debug_str     0x000000000000336e       0x5e build/system_stm32l1xx.o
                                        0x2b8 (size before relaxing)
 .debug_str     0x00000000000033cc      0x50e build/list.o
                                        0x6d8 (size before relaxing)
 .debug_str     0x00000000000038da      0x9a8 build/queue.o
                                       0x1045 (size before relaxing)
 .debug_str     0x0000000000004282      0xc52 build/tasks.o
                                       0x1652 (size before relaxing)
 .debug_str     0x0000000000004ed4      0x5a9 build/timers.o
                                        0xfc9 (size before relaxing)
 .debug_str     0x000000000000547d      0xa40 build/cmsis_os2.o
                                       0x1ca3 (size before relaxing)
 .debug_str     0x0000000000005ebd      0x1d5 build/heap_4.o
                                        0x7c1 (size before relaxing)
 .debug_str     0x0000000000006092      0x17d build/port.o
                                        0x44e (size before relaxing)
 .debug_str     0x000000000000620f       0xda build/CAN.o
                                        0x795 (size before relaxing)

.comment        0x0000000000000000       0x7f
 .comment       0x0000000000000000       0x7f build/main.o
                                         0x80 (size before relaxing)
 .comment       0x000000000000007f       0x80 build/stm32l1xx_it.o
 .comment       0x000000000000007f       0x80 build/stm32l1xx_hal_msp.o
 .comment       0x000000000000007f       0x80 build/stm32l1xx_hal_timebase_tim.o
 .comment       0x000000000000007f       0x80 build/stm32l1xx_hal.o
 .comment       0x000000000000007f       0x80 build/stm32l1xx_hal_rcc.o
 .comment       0x000000000000007f       0x80 build/stm32l1xx_hal_gpio.o
 .comment       0x000000000000007f       0x80 build/stm32l1xx_hal_cortex.o
 .comment       0x000000000000007f       0x80 build/stm32l1xx_hal_spi.o
 .comment       0x000000000000007f       0x80 build/stm32l1xx_hal_tim.o
 .comment       0x000000000000007f       0x80 build/system_stm32l1xx.o
 .comment       0x000000000000007f       0x80 build/list.o
 .comment       0x000000000000007f       0x80 build/queue.o
 .comment       0x000000000000007f       0x80 build/tasks.o
 .comment       0x000000000000007f       0x80 build/timers.o
 .comment       0x000000000000007f       0x80 build/cmsis_os2.o
 .comment       0x000000000000007f       0x80 build/heap_4.o
 .comment       0x000000000000007f       0x80 build/port.o
 .comment       0x000000000000007f       0x80 build/CAN.o

.debug_frame    0x0000000000000000     0x3738
 .debug_frame   0x0000000000000000      0x108 build/main.o
 .debug_frame   0x0000000000000108       0x8c build/stm32l1xx_it.o
 .debug_frame   0x0000000000000194       0x68 build/stm32l1xx_hal_msp.o
 .debug_frame   0x00000000000001fc       0x58 build/stm32l1xx_hal_timebase_tim.o
 .debug_frame   0x0000000000000254      0x1e0 build/stm32l1xx_hal.o
 .debug_frame   0x0000000000000434      0x1dc build/stm32l1xx_hal_rcc.o
 .debug_frame   0x0000000000000610       0xe4 build/stm32l1xx_hal_gpio.o
 .debug_frame   0x00000000000006f4      0x16c build/stm32l1xx_hal_cortex.o
 .debug_frame   0x0000000000000860      0x634 build/stm32l1xx_hal_spi.o
 .debug_frame   0x0000000000000e94      0xce8 build/stm32l1xx_hal_tim.o
 .debug_frame   0x0000000000001b7c       0x30 build/system_stm32l1xx.o
 .debug_frame   0x0000000000001bac       0x70 build/list.o
 .debug_frame   0x0000000000001c1c      0x4dc build/queue.o
 .debug_frame   0x00000000000020f8      0x71c build/tasks.o
 .debug_frame   0x0000000000002814      0x314 build/timers.o
 .debug_frame   0x0000000000002b28      0x890 build/cmsis_os2.o
 .debug_frame   0x00000000000033b8       0xbc build/heap_4.o
 .debug_frame   0x0000000000003474       0xf4 build/port.o
 .debug_frame   0x0000000000003568       0xfc build/CAN.o
 .debug_frame   0x0000000000003664       0x2c /opt/gcc4mbed/gcc-arm-none-eabi/bin/../lib/gcc/arm-none-eabi/6.3.1/../../../../arm-none-eabi/lib/thumb/v7-m/libc_nano.a(lib_a-init.o)
 .debug_frame   0x0000000000003690       0x28 /opt/gcc4mbed/gcc-arm-none-eabi/bin/../lib/gcc/arm-none-eabi/6.3.1/../../../../arm-none-eabi/lib/thumb/v7-m/libc_nano.a(lib_a-memcpy-stub.o)
 .debug_frame   0x00000000000036b8       0x20 /opt/gcc4mbed/gcc-arm-none-eabi/bin/../lib/gcc/arm-none-eabi/6.3.1/../../../../arm-none-eabi/lib/thumb/v7-m/libc_nano.a(lib_a-memset.o)
 .debug_frame   0x00000000000036d8       0x2c /opt/gcc4mbed/gcc-arm-none-eabi/bin/../lib/gcc/arm-none-eabi/6.3.1/thumb/v7-m/libgcc.a(_aeabi_uldivmod.o)
 .debug_frame   0x0000000000003704       0x34 /opt/gcc4mbed/gcc-arm-none-eabi/bin/../lib/gcc/arm-none-eabi/6.3.1/thumb/v7-m/libgcc.a(_udivmoddi4.o)

Cross Reference Table

Symbol                                            File
ADC1_IRQHandler                                   build/startup_stm32l152xe.o
AHBPrescTable                                     build/system_stm32l1xx.o
                                                  build/stm32l1xx_hal_rcc.o
APBPrescTable                                     build/system_stm32l1xx.o
                                                  build/stm32l1xx_hal_rcc.o
BusFault_Handler                                  build/stm32l1xx_it.o
CAN_IC_READ_REGISTER                              build/CAN.o
                                                  build/main.o
CAN_IC_WRITE_REGISTER                             build/CAN.o
                                                  build/main.o
CAN_IC_WRITE_REGISTER_BITWISE                     build/CAN.o
COMP_ACQ_IRQHandler                               build/startup_stm32l152xe.o
COMP_IRQHandler                                   build/startup_stm32l152xe.o
ConfigureCANSPI                                   build/CAN.o
                                                  build/main.o
DAC_IRQHandler                                    build/startup_stm32l152xe.o
DMA1_Channel1_IRQHandler                          build/startup_stm32l152xe.o
DMA1_Channel2_IRQHandler                          build/startup_stm32l152xe.o
DMA1_Channel3_IRQHandler                          build/startup_stm32l152xe.o
DMA1_Channel4_IRQHandler                          build/startup_stm32l152xe.o
DMA1_Channel5_IRQHandler                          build/startup_stm32l152xe.o
DMA1_Channel6_IRQHandler                          build/startup_stm32l152xe.o
DMA1_Channel7_IRQHandler                          build/startup_stm32l152xe.o
DMA2_Channel1_IRQHandler                          build/startup_stm32l152xe.o
DMA2_Channel2_IRQHandler                          build/startup_stm32l152xe.o
DMA2_Channel3_IRQHandler                          build/startup_stm32l152xe.o
DMA2_Channel4_IRQHandler                          build/startup_stm32l152xe.o
DMA2_Channel5_IRQHandler                          build/startup_stm32l152xe.o
DebugMon_Handler                                  build/stm32l1xx_it.o
Default_Handler                                   build/startup_stm32l152xe.o
EXTI0_IRQHandler                                  build/startup_stm32l152xe.o
EXTI15_10_IRQHandler                              build/startup_stm32l152xe.o
EXTI1_IRQHandler                                  build/startup_stm32l152xe.o
EXTI2_IRQHandler                                  build/startup_stm32l152xe.o
EXTI3_IRQHandler                                  build/startup_stm32l152xe.o
EXTI4_IRQHandler                                  build/startup_stm32l152xe.o
EXTI9_5_IRQHandler                                build/startup_stm32l152xe.o
Error_Handler                                     build/main.o
FLASH_IRQHandler                                  build/startup_stm32l152xe.o
FLASH_PageErase                                   build/stm32l1xx_hal_flash_ex.o
                                                  build/stm32l1xx_hal_flash.o
FLASH_WaitForLastOperation                        build/stm32l1xx_hal_flash.o
                                                  build/stm32l1xx_hal_flash_ex.o
HAL_DBGMCU_DisableDBGSleepMode                    build/stm32l1xx_hal.o
HAL_DBGMCU_DisableDBGStandbyMode                  build/stm32l1xx_hal.o
HAL_DBGMCU_DisableDBGStopMode                     build/stm32l1xx_hal.o
HAL_DBGMCU_EnableDBGSleepMode                     build/stm32l1xx_hal.o
HAL_DBGMCU_EnableDBGStandbyMode                   build/stm32l1xx_hal.o
HAL_DBGMCU_EnableDBGStopMode                      build/stm32l1xx_hal.o
HAL_DMA_Abort                                     build/stm32l1xx_hal_dma.o
                                                  build/stm32l1xx_hal_spi.o
HAL_DMA_Abort_IT                                  build/stm32l1xx_hal_dma.o
                                                  build/stm32l1xx_hal_tim.o
                                                  build/stm32l1xx_hal_spi.o
HAL_DMA_DeInit                                    build/stm32l1xx_hal_dma.o
HAL_DMA_GetError                                  build/stm32l1xx_hal_dma.o
HAL_DMA_GetState                                  build/stm32l1xx_hal_dma.o
HAL_DMA_IRQHandler                                build/stm32l1xx_hal_dma.o
HAL_DMA_Init                                      build/stm32l1xx_hal_dma.o
HAL_DMA_PollForTransfer                           build/stm32l1xx_hal_dma.o
HAL_DMA_RegisterCallback                          build/stm32l1xx_hal_dma.o
HAL_DMA_Start                                     build/stm32l1xx_hal_dma.o
HAL_DMA_Start_IT                                  build/stm32l1xx_hal_dma.o
                                                  build/stm32l1xx_hal_tim.o
                                                  build/stm32l1xx_hal_spi.o
HAL_DMA_UnRegisterCallback                        build/stm32l1xx_hal_dma.o
HAL_DeInit                                        build/stm32l1xx_hal.o
HAL_Delay                                         build/stm32l1xx_hal.o
HAL_EXTI_ClearConfigLine                          build/stm32l1xx_hal_exti.o
HAL_EXTI_ClearPending                             build/stm32l1xx_hal_exti.o
HAL_EXTI_GenerateSWI                              build/stm32l1xx_hal_exti.o
HAL_EXTI_GetConfigLine                            build/stm32l1xx_hal_exti.o
HAL_EXTI_GetHandle                                build/stm32l1xx_hal_exti.o
HAL_EXTI_GetPending                               build/stm32l1xx_hal_exti.o
HAL_EXTI_IRQHandler                               build/stm32l1xx_hal_exti.o
HAL_EXTI_RegisterCallback                         build/stm32l1xx_hal_exti.o
HAL_EXTI_SetConfigLine                            build/stm32l1xx_hal_exti.o
HAL_FLASHEx_AdvOBGetConfig                        build/stm32l1xx_hal_flash_ex.o
HAL_FLASHEx_AdvOBProgram                          build/stm32l1xx_hal_flash_ex.o
HAL_FLASHEx_DATAEEPROM_DisableFixedTimeProgram    build/stm32l1xx_hal_flash_ex.o
HAL_FLASHEx_DATAEEPROM_EnableFixedTimeProgram     build/stm32l1xx_hal_flash_ex.o
HAL_FLASHEx_DATAEEPROM_Erase                      build/stm32l1xx_hal_flash_ex.o
HAL_FLASHEx_DATAEEPROM_EraseDoubleWord            build/stm32l1xx_hal_flash_ramfunc.o
HAL_FLASHEx_DATAEEPROM_Lock                       build/stm32l1xx_hal_flash_ex.o
HAL_FLASHEx_DATAEEPROM_Program                    build/stm32l1xx_hal_flash_ex.o
HAL_FLASHEx_DATAEEPROM_ProgramDoubleWord          build/stm32l1xx_hal_flash_ramfunc.o
HAL_FLASHEx_DATAEEPROM_Unlock                     build/stm32l1xx_hal_flash_ex.o
HAL_FLASHEx_DisableRunPowerDown                   build/stm32l1xx_hal_flash_ramfunc.o
HAL_FLASHEx_EnableRunPowerDown                    build/stm32l1xx_hal_flash_ramfunc.o
HAL_FLASHEx_Erase                                 build/stm32l1xx_hal_flash_ex.o
HAL_FLASHEx_EraseParallelPage                     build/stm32l1xx_hal_flash_ramfunc.o
HAL_FLASHEx_Erase_IT                              build/stm32l1xx_hal_flash_ex.o
HAL_FLASHEx_GetError                              build/stm32l1xx_hal_flash_ramfunc.o
HAL_FLASHEx_HalfPageProgram                       build/stm32l1xx_hal_flash_ramfunc.o
HAL_FLASHEx_OBGetConfig                           build/stm32l1xx_hal_flash_ex.o
HAL_FLASHEx_OBProgram                             build/stm32l1xx_hal_flash_ex.o
HAL_FLASHEx_ProgramParallelHalfPage               build/stm32l1xx_hal_flash_ramfunc.o
HAL_FLASH_EndOfOperationCallback                  build/stm32l1xx_hal_flash.o
HAL_FLASH_GetError                                build/stm32l1xx_hal_flash.o
HAL_FLASH_IRQHandler                              build/stm32l1xx_hal_flash.o
HAL_FLASH_Lock                                    build/stm32l1xx_hal_flash.o
HAL_FLASH_OB_Launch                               build/stm32l1xx_hal_flash.o
HAL_FLASH_OB_Lock                                 build/stm32l1xx_hal_flash.o
HAL_FLASH_OB_Unlock                               build/stm32l1xx_hal_flash.o
HAL_FLASH_OperationErrorCallback                  build/stm32l1xx_hal_flash.o
HAL_FLASH_Program                                 build/stm32l1xx_hal_flash.o
HAL_FLASH_Program_IT                              build/stm32l1xx_hal_flash.o
HAL_FLASH_Unlock                                  build/stm32l1xx_hal_flash.o
HAL_GPIO_DeInit                                   build/stm32l1xx_hal_gpio.o
                                                  build/stm32l1xx_hal_msp.o
HAL_GPIO_EXTI_Callback                            build/stm32l1xx_hal_gpio.o
HAL_GPIO_EXTI_IRQHandler                          build/stm32l1xx_hal_gpio.o
HAL_GPIO_Init                                     build/stm32l1xx_hal_gpio.o
                                                  build/stm32l1xx_hal_rcc.o
                                                  build/stm32l1xx_hal_msp.o
                                                  build/main.o
HAL_GPIO_LockPin                                  build/stm32l1xx_hal_gpio.o
HAL_GPIO_ReadPin                                  build/stm32l1xx_hal_gpio.o
HAL_GPIO_TogglePin                                build/stm32l1xx_hal_gpio.o
                                                  build/main.o
HAL_GPIO_WritePin                                 build/stm32l1xx_hal_gpio.o
                                                  build/CAN.o
                                                  build/main.o
HAL_GetDEVID                                      build/stm32l1xx_hal.o
HAL_GetHalVersion                                 build/stm32l1xx_hal.o
HAL_GetREVID                                      build/stm32l1xx_hal.o
HAL_GetTick                                       build/stm32l1xx_hal.o
                                                  build/stm32l1xx_hal_spi.o
                                                  build/stm32l1xx_hal_dma.o
                                                  build/stm32l1xx_hal_flash.o
                                                  build/stm32l1xx_hal_rcc_ex.o
                                                  build/stm32l1xx_hal_rcc.o
HAL_GetTickFreq                                   build/stm32l1xx_hal.o
HAL_GetTickPrio                                   build/stm32l1xx_hal.o
HAL_GetUIDw0                                      build/stm32l1xx_hal.o
HAL_GetUIDw1                                      build/stm32l1xx_hal.o
HAL_GetUIDw2                                      build/stm32l1xx_hal.o
HAL_IncTick                                       build/stm32l1xx_hal.o
                                                  build/main.o
HAL_Init                                          build/stm32l1xx_hal.o
                                                  build/main.o
HAL_InitTick                                      build/stm32l1xx_hal_timebase_tim.o
                                                  build/stm32l1xx_hal_rcc.o
HAL_MPU_ConfigRegion                              build/stm32l1xx_hal_cortex.o
HAL_MPU_Disable                                   build/stm32l1xx_hal_cortex.o
HAL_MPU_Enable                                    build/stm32l1xx_hal_cortex.o
HAL_MspDeInit                                     build/stm32l1xx_hal.o
HAL_MspInit                                       build/stm32l1xx_hal_msp.o
HAL_NVIC_ClearPendingIRQ                          build/stm32l1xx_hal_cortex.o
HAL_NVIC_DisableIRQ                               build/stm32l1xx_hal_cortex.o
HAL_NVIC_EnableIRQ                                build/stm32l1xx_hal_cortex.o
                                                  build/stm32l1xx_hal_timebase_tim.o
HAL_NVIC_GetActive                                build/stm32l1xx_hal_cortex.o
HAL_NVIC_GetPendingIRQ                            build/stm32l1xx_hal_cortex.o
HAL_NVIC_GetPriority                              build/stm32l1xx_hal_cortex.o
HAL_NVIC_GetPriorityGrouping                      build/stm32l1xx_hal_cortex.o
HAL_NVIC_SetPendingIRQ                            build/stm32l1xx_hal_cortex.o
HAL_NVIC_SetPriority                              build/stm32l1xx_hal_cortex.o
                                                  build/stm32l1xx_hal.o
                                                  build/stm32l1xx_hal_timebase_tim.o
                                                  build/stm32l1xx_hal_msp.o
HAL_NVIC_SetPriorityGrouping                      build/stm32l1xx_hal_cortex.o
                                                  build/stm32l1xx_hal.o
HAL_NVIC_SystemReset                              build/stm32l1xx_hal_cortex.o
HAL_PWREx_DisableFastWakeUp                       build/stm32l1xx_hal_pwr_ex.o
HAL_PWREx_DisableLowPowerRunMode                  build/stm32l1xx_hal_pwr_ex.o
HAL_PWREx_DisableUltraLowPower                    build/stm32l1xx_hal_pwr_ex.o
HAL_PWREx_EnableFastWakeUp                        build/stm32l1xx_hal_pwr_ex.o
HAL_PWREx_EnableLowPowerRunMode                   build/stm32l1xx_hal_pwr_ex.o
HAL_PWREx_EnableUltraLowPower                     build/stm32l1xx_hal_pwr_ex.o
HAL_PWREx_GetVoltageRange                         build/stm32l1xx_hal_pwr_ex.o
HAL_PWR_ConfigPVD                                 build/stm32l1xx_hal_pwr.o
HAL_PWR_DeInit                                    build/stm32l1xx_hal_pwr.o
HAL_PWR_DisableBkUpAccess                         build/stm32l1xx_hal_pwr.o
HAL_PWR_DisablePVD                                build/stm32l1xx_hal_pwr.o
HAL_PWR_DisableSEVOnPend                          build/stm32l1xx_hal_pwr.o
HAL_PWR_DisableSleepOnExit                        build/stm32l1xx_hal_pwr.o
HAL_PWR_DisableWakeUpPin                          build/stm32l1xx_hal_pwr.o
HAL_PWR_EnableBkUpAccess                          build/stm32l1xx_hal_pwr.o
HAL_PWR_EnablePVD                                 build/stm32l1xx_hal_pwr.o
HAL_PWR_EnableSEVOnPend                           build/stm32l1xx_hal_pwr.o
HAL_PWR_EnableSleepOnExit                         build/stm32l1xx_hal_pwr.o
HAL_PWR_EnableWakeUpPin                           build/stm32l1xx_hal_pwr.o
HAL_PWR_EnterSLEEPMode                            build/stm32l1xx_hal_pwr.o
HAL_PWR_EnterSTANDBYMode                          build/stm32l1xx_hal_pwr.o
HAL_PWR_EnterSTOPMode                             build/stm32l1xx_hal_pwr.o
HAL_PWR_PVDCallback                               build/stm32l1xx_hal_pwr.o
HAL_PWR_PVD_IRQHandler                            build/stm32l1xx_hal_pwr.o
HAL_RCCEx_DisableLSECSS                           build/stm32l1xx_hal_rcc_ex.o
HAL_RCCEx_EnableLSECSS                            build/stm32l1xx_hal_rcc_ex.o
HAL_RCCEx_EnableLSECSS_IT                         build/stm32l1xx_hal_rcc_ex.o
HAL_RCCEx_GetPeriphCLKConfig                      build/stm32l1xx_hal_rcc_ex.o
HAL_RCCEx_GetPeriphCLKFreq                        build/stm32l1xx_hal_rcc_ex.o
HAL_RCCEx_LSECSS_Callback                         build/stm32l1xx_hal_rcc_ex.o
HAL_RCCEx_LSECSS_IRQHandler                       build/stm32l1xx_hal_rcc_ex.o
HAL_RCCEx_PeriphCLKConfig                         build/stm32l1xx_hal_rcc_ex.o
HAL_RCC_CSSCallback                               build/stm32l1xx_hal_rcc.o
HAL_RCC_ClockConfig                               build/stm32l1xx_hal_rcc.o
                                                  build/main.o
HAL_RCC_DeInit                                    build/stm32l1xx_hal_rcc.o
HAL_RCC_DisableCSS                                build/stm32l1xx_hal_rcc.o
HAL_RCC_EnableCSS                                 build/stm32l1xx_hal_rcc.o
HAL_RCC_GetClockConfig                            build/stm32l1xx_hal_rcc.o
                                                  build/stm32l1xx_hal_timebase_tim.o
HAL_RCC_GetHCLKFreq                               build/stm32l1xx_hal_rcc.o
HAL_RCC_GetOscConfig                              build/stm32l1xx_hal_rcc.o
HAL_RCC_GetPCLK1Freq                              build/stm32l1xx_hal_rcc.o
                                                  build/stm32l1xx_hal_timebase_tim.o
HAL_RCC_GetPCLK2Freq                              build/stm32l1xx_hal_rcc.o
HAL_RCC_GetSysClockFreq                           build/stm32l1xx_hal_rcc.o
HAL_RCC_MCOConfig                                 build/stm32l1xx_hal_rcc.o
HAL_RCC_NMI_IRQHandler                            build/stm32l1xx_hal_rcc.o
HAL_RCC_OscConfig                                 build/stm32l1xx_hal_rcc.o
                                                  build/main.o
HAL_ResumeTick                                    build/stm32l1xx_hal_timebase_tim.o
HAL_SPI_Abort                                     build/stm32l1xx_hal_spi.o
HAL_SPI_AbortCpltCallback                         build/stm32l1xx_hal_spi.o
HAL_SPI_Abort_IT                                  build/stm32l1xx_hal_spi.o
HAL_SPI_DMAPause                                  build/stm32l1xx_hal_spi.o
HAL_SPI_DMAResume                                 build/stm32l1xx_hal_spi.o
HAL_SPI_DMAStop                                   build/stm32l1xx_hal_spi.o
HAL_SPI_DeInit                                    build/stm32l1xx_hal_spi.o
HAL_SPI_ErrorCallback                             build/stm32l1xx_hal_spi.o
HAL_SPI_GetError                                  build/stm32l1xx_hal_spi.o
HAL_SPI_GetState                                  build/stm32l1xx_hal_spi.o
HAL_SPI_IRQHandler                                build/stm32l1xx_hal_spi.o
HAL_SPI_Init                                      build/stm32l1xx_hal_spi.o
                                                  build/main.o
HAL_SPI_MspDeInit                                 build/stm32l1xx_hal_msp.o
HAL_SPI_MspInit                                   build/stm32l1xx_hal_msp.o
HAL_SPI_Receive                                   build/stm32l1xx_hal_spi.o
                                                  build/CAN.o
HAL_SPI_Receive_DMA                               build/stm32l1xx_hal_spi.o
HAL_SPI_Receive_IT                                build/stm32l1xx_hal_spi.o
HAL_SPI_RxCpltCallback                            build/main.o
HAL_SPI_RxHalfCpltCallback                        build/stm32l1xx_hal_spi.o
HAL_SPI_Transmit                                  build/stm32l1xx_hal_spi.o
                                                  build/CAN.o
HAL_SPI_TransmitReceive                           build/stm32l1xx_hal_spi.o
HAL_SPI_TransmitReceive_DMA                       build/stm32l1xx_hal_spi.o
HAL_SPI_TransmitReceive_IT                        build/stm32l1xx_hal_spi.o
HAL_SPI_Transmit_DMA                              build/stm32l1xx_hal_spi.o
HAL_SPI_Transmit_IT                               build/stm32l1xx_hal_spi.o
HAL_SPI_TxCpltCallback                            build/stm32l1xx_hal_spi.o
HAL_SPI_TxHalfCpltCallback                        build/stm32l1xx_hal_spi.o
HAL_SPI_TxRxCpltCallback                          build/stm32l1xx_hal_spi.o
HAL_SPI_TxRxHalfCpltCallback                      build/stm32l1xx_hal_spi.o
HAL_SYSTICK_CLKSourceConfig                       build/stm32l1xx_hal_cortex.o
HAL_SYSTICK_Callback                              build/stm32l1xx_hal_cortex.o
HAL_SYSTICK_Config                                build/stm32l1xx_hal_cortex.o
                                                  build/stm32l1xx_hal.o
HAL_SYSTICK_IRQHandler                            build/stm32l1xx_hal_cortex.o
HAL_SetTickFreq                                   build/stm32l1xx_hal.o
HAL_SuspendTick                                   build/stm32l1xx_hal_timebase_tim.o
HAL_TIMEx_MasterConfigSynchronization             build/stm32l1xx_hal_tim_ex.o
HAL_TIMEx_RemapConfig                             build/stm32l1xx_hal_tim_ex.o
HAL_TIM_Base_DeInit                               build/stm32l1xx_hal_tim.o
HAL_TIM_Base_GetState                             build/stm32l1xx_hal_tim.o
HAL_TIM_Base_Init                                 build/stm32l1xx_hal_tim.o
                                                  build/stm32l1xx_hal_timebase_tim.o
HAL_TIM_Base_MspDeInit                            build/stm32l1xx_hal_tim.o
HAL_TIM_Base_MspInit                              build/stm32l1xx_hal_tim.o
HAL_TIM_Base_Start                                build/stm32l1xx_hal_tim.o
HAL_TIM_Base_Start_DMA                            build/stm32l1xx_hal_tim.o
HAL_TIM_Base_Start_IT                             build/stm32l1xx_hal_tim.o
                                                  build/stm32l1xx_hal_timebase_tim.o
HAL_TIM_Base_Stop                                 build/stm32l1xx_hal_tim.o
HAL_TIM_Base_Stop_DMA                             build/stm32l1xx_hal_tim.o
HAL_TIM_Base_Stop_IT                              build/stm32l1xx_hal_tim.o
HAL_TIM_ConfigClockSource                         build/stm32l1xx_hal_tim.o
HAL_TIM_ConfigOCrefClear                          build/stm32l1xx_hal_tim.o
HAL_TIM_ConfigTI1Input                            build/stm32l1xx_hal_tim.o
HAL_TIM_DMABurstState                             build/stm32l1xx_hal_tim.o
HAL_TIM_DMABurst_MultiReadStart                   build/stm32l1xx_hal_tim.o
HAL_TIM_DMABurst_MultiWriteStart                  build/stm32l1xx_hal_tim.o
HAL_TIM_DMABurst_ReadStart                        build/stm32l1xx_hal_tim.o
HAL_TIM_DMABurst_ReadStop                         build/stm32l1xx_hal_tim.o
HAL_TIM_DMABurst_WriteStart                       build/stm32l1xx_hal_tim.o
HAL_TIM_DMABurst_WriteStop                        build/stm32l1xx_hal_tim.o
HAL_TIM_Encoder_DeInit                            build/stm32l1xx_hal_tim.o
HAL_TIM_Encoder_GetState                          build/stm32l1xx_hal_tim.o
HAL_TIM_Encoder_Init                              build/stm32l1xx_hal_tim.o
HAL_TIM_Encoder_MspDeInit                         build/stm32l1xx_hal_tim.o
HAL_TIM_Encoder_MspInit                           build/stm32l1xx_hal_tim.o
HAL_TIM_Encoder_Start                             build/stm32l1xx_hal_tim.o
HAL_TIM_Encoder_Start_DMA                         build/stm32l1xx_hal_tim.o
HAL_TIM_Encoder_Start_IT                          build/stm32l1xx_hal_tim.o
HAL_TIM_Encoder_Stop                              build/stm32l1xx_hal_tim.o
HAL_TIM_Encoder_Stop_DMA                          build/stm32l1xx_hal_tim.o
HAL_TIM_Encoder_Stop_IT                           build/stm32l1xx_hal_tim.o
HAL_TIM_ErrorCallback                             build/stm32l1xx_hal_tim.o
HAL_TIM_GenerateEvent                             build/stm32l1xx_hal_tim.o
HAL_TIM_GetActiveChannel                          build/stm32l1xx_hal_tim.o
HAL_TIM_GetChannelState                           build/stm32l1xx_hal_tim.o
HAL_TIM_IC_CaptureCallback                        build/stm32l1xx_hal_tim.o
HAL_TIM_IC_CaptureHalfCpltCallback                build/stm32l1xx_hal_tim.o
HAL_TIM_IC_ConfigChannel                          build/stm32l1xx_hal_tim.o
HAL_TIM_IC_DeInit                                 build/stm32l1xx_hal_tim.o
HAL_TIM_IC_GetState                               build/stm32l1xx_hal_tim.o
HAL_TIM_IC_Init                                   build/stm32l1xx_hal_tim.o
HAL_TIM_IC_MspDeInit                              build/stm32l1xx_hal_tim.o
HAL_TIM_IC_MspInit                                build/stm32l1xx_hal_tim.o
HAL_TIM_IC_Start                                  build/stm32l1xx_hal_tim.o
HAL_TIM_IC_Start_DMA                              build/stm32l1xx_hal_tim.o
HAL_TIM_IC_Start_IT                               build/stm32l1xx_hal_tim.o
HAL_TIM_IC_Stop                                   build/stm32l1xx_hal_tim.o
HAL_TIM_IC_Stop_DMA                               build/stm32l1xx_hal_tim.o
HAL_TIM_IC_Stop_IT                                build/stm32l1xx_hal_tim.o
HAL_TIM_IRQHandler                                build/stm32l1xx_hal_tim.o
                                                  build/stm32l1xx_it.o
HAL_TIM_OC_ConfigChannel                          build/stm32l1xx_hal_tim.o
HAL_TIM_OC_DeInit                                 build/stm32l1xx_hal_tim.o
HAL_TIM_OC_DelayElapsedCallback                   build/stm32l1xx_hal_tim.o
HAL_TIM_OC_GetState                               build/stm32l1xx_hal_tim.o
HAL_TIM_OC_Init                                   build/stm32l1xx_hal_tim.o
HAL_TIM_OC_MspDeInit                              build/stm32l1xx_hal_tim.o
HAL_TIM_OC_MspInit                                build/stm32l1xx_hal_tim.o
HAL_TIM_OC_Start                                  build/stm32l1xx_hal_tim.o
HAL_TIM_OC_Start_DMA                              build/stm32l1xx_hal_tim.o
HAL_TIM_OC_Start_IT                               build/stm32l1xx_hal_tim.o
HAL_TIM_OC_Stop                                   build/stm32l1xx_hal_tim.o
HAL_TIM_OC_Stop_DMA                               build/stm32l1xx_hal_tim.o
HAL_TIM_OC_Stop_IT                                build/stm32l1xx_hal_tim.o
HAL_TIM_OnePulse_ConfigChannel                    build/stm32l1xx_hal_tim.o
HAL_TIM_OnePulse_DeInit                           build/stm32l1xx_hal_tim.o
HAL_TIM_OnePulse_GetState                         build/stm32l1xx_hal_tim.o
HAL_TIM_OnePulse_Init                             build/stm32l1xx_hal_tim.o
HAL_TIM_OnePulse_MspDeInit                        build/stm32l1xx_hal_tim.o
HAL_TIM_OnePulse_MspInit                          build/stm32l1xx_hal_tim.o
HAL_TIM_OnePulse_Start                            build/stm32l1xx_hal_tim.o
HAL_TIM_OnePulse_Start_IT                         build/stm32l1xx_hal_tim.o
HAL_TIM_OnePulse_Stop                             build/stm32l1xx_hal_tim.o
HAL_TIM_OnePulse_Stop_IT                          build/stm32l1xx_hal_tim.o
HAL_TIM_PWM_ConfigChannel                         build/stm32l1xx_hal_tim.o
HAL_TIM_PWM_DeInit                                build/stm32l1xx_hal_tim.o
HAL_TIM_PWM_GetState                              build/stm32l1xx_hal_tim.o
HAL_TIM_PWM_Init                                  build/stm32l1xx_hal_tim.o
HAL_TIM_PWM_MspDeInit                             build/stm32l1xx_hal_tim.o
HAL_TIM_PWM_MspInit                               build/stm32l1xx_hal_tim.o
HAL_TIM_PWM_PulseFinishedCallback                 build/stm32l1xx_hal_tim.o
HAL_TIM_PWM_PulseFinishedHalfCpltCallback         build/stm32l1xx_hal_tim.o
HAL_TIM_PWM_Start                                 build/stm32l1xx_hal_tim.o
HAL_TIM_PWM_Start_DMA                             build/stm32l1xx_hal_tim.o
HAL_TIM_PWM_Start_IT                              build/stm32l1xx_hal_tim.o
HAL_TIM_PWM_Stop                                  build/stm32l1xx_hal_tim.o
HAL_TIM_PWM_Stop_DMA                              build/stm32l1xx_hal_tim.o
HAL_TIM_PWM_Stop_IT                               build/stm32l1xx_hal_tim.o
HAL_TIM_PeriodElapsedCallback                     build/main.o
HAL_TIM_PeriodElapsedHalfCpltCallback             build/stm32l1xx_hal_tim.o
HAL_TIM_ReadCapturedValue                         build/stm32l1xx_hal_tim.o
HAL_TIM_SlaveConfigSynchro                        build/stm32l1xx_hal_tim.o
HAL_TIM_SlaveConfigSynchro_IT                     build/stm32l1xx_hal_tim.o
HAL_TIM_TriggerCallback                           build/stm32l1xx_hal_tim.o
HAL_TIM_TriggerHalfCpltCallback                   build/stm32l1xx_hal_tim.o
HardFault_Handler                                 build/stm32l1xx_it.o
I2C1_ER_IRQHandler                                build/startup_stm32l152xe.o
I2C1_EV_IRQHandler                                build/startup_stm32l152xe.o
I2C2_ER_IRQHandler                                build/startup_stm32l152xe.o
I2C2_EV_IRQHandler                                build/startup_stm32l152xe.o
LCD_IRQHandler                                    build/startup_stm32l152xe.o
MemManage_Handler                                 build/stm32l1xx_it.o
NMI_Handler                                       build/stm32l1xx_it.o
PLLMulTable                                       build/system_stm32l1xx.o
                                                  build/stm32l1xx_hal_rcc.o
PVD_IRQHandler                                    build/startup_stm32l152xe.o
PendSV_Handler                                    build/port.o
RCC_IRQHandler                                    build/startup_stm32l152xe.o
RTC_Alarm_IRQHandler                              build/startup_stm32l152xe.o
RTC_WKUP_IRQHandler                               build/startup_stm32l152xe.o
Reset_Handler                                     build/startup_stm32l152xe.o
SPI1_IRQHandler                                   build/startup_stm32l152xe.o
SPI2_IRQHandler                                   build/startup_stm32l152xe.o
SPI3_IRQHandler                                   build/startup_stm32l152xe.o
SVC_Handler                                       build/port.o
StartDefaultTask                                  build/main.o
SysTick_Handler                                   build/port.o
SystemClock_Config                                build/main.o
SystemCoreClock                                   build/system_stm32l1xx.o
                                                  build/port.o
                                                  build/cmsis_os2.o
                                                  build/stm32l1xx_hal_spi.o
                                                  build/stm32l1xx_hal_rcc.o
                                                  build/stm32l1xx_hal.o
SystemCoreClockUpdate                             build/system_stm32l1xx.o
SystemInit                                        build/system_stm32l1xx.o
                                                  build/startup_stm32l152xe.o
TAMPER_STAMP_IRQHandler                           build/startup_stm32l152xe.o
TIM10_IRQHandler                                  build/startup_stm32l152xe.o
TIM11_IRQHandler                                  build/startup_stm32l152xe.o
TIM2_IRQHandler                                   build/stm32l1xx_it.o
TIM3_IRQHandler                                   build/startup_stm32l152xe.o
TIM4_IRQHandler                                   build/startup_stm32l152xe.o
TIM5_IRQHandler                                   build/startup_stm32l152xe.o
TIM6_IRQHandler                                   build/startup_stm32l152xe.o
TIM7_IRQHandler                                   build/startup_stm32l152xe.o
TIM9_IRQHandler                                   build/startup_stm32l152xe.o
TIM_DMACaptureCplt                                build/stm32l1xx_hal_tim.o
TIM_DMACaptureHalfCplt                            build/stm32l1xx_hal_tim.o
TIM_DMAError                                      build/stm32l1xx_hal_tim.o
UART4_IRQHandler                                  build/startup_stm32l152xe.o
UART5_IRQHandler                                  build/startup_stm32l152xe.o
USART1_IRQHandler                                 build/startup_stm32l152xe.o
USART2_IRQHandler                                 build/startup_stm32l152xe.o
USART3_IRQHandler                                 build/startup_stm32l152xe.o
USB_FS_WKUP_IRQHandler                            build/startup_stm32l152xe.o
USB_HP_IRQHandler                                 build/startup_stm32l152xe.o
USB_LP_IRQHandler                                 build/startup_stm32l152xe.o
UsageFault_Handler                                build/stm32l1xx_it.o
WWDG_IRQHandler                                   build/startup_stm32l152xe.o
_Jv_RegisterClasses                               /opt/gcc4mbed/gcc-arm-none-eabi/bin/../lib/gcc/arm-none-eabi/6.3.1/thumb/v7-m/crtbegin.o
__aeabi_idiv0                                     /opt/gcc4mbed/gcc-arm-none-eabi/bin/../lib/gcc/arm-none-eabi/6.3.1/thumb/v7-m/libgcc.a(_dvmd_tls.o)
__aeabi_ldiv0                                     /opt/gcc4mbed/gcc-arm-none-eabi/bin/../lib/gcc/arm-none-eabi/6.3.1/thumb/v7-m/libgcc.a(_dvmd_tls.o)
                                                  /opt/gcc4mbed/gcc-arm-none-eabi/bin/../lib/gcc/arm-none-eabi/6.3.1/thumb/v7-m/libgcc.a(_aeabi_uldivmod.o)
__aeabi_uldivmod                                  /opt/gcc4mbed/gcc-arm-none-eabi/bin/../lib/gcc/arm-none-eabi/6.3.1/thumb/v7-m/libgcc.a(_aeabi_uldivmod.o)
                                                  build/stm32l1xx_hal_rcc.o
__bss_end__                                       /opt/gcc4mbed/gcc-arm-none-eabi/bin/../lib/gcc/arm-none-eabi/6.3.1/../../../../arm-none-eabi/lib/thumb/v7-m/crt0.o
__bss_start__                                     /opt/gcc4mbed/gcc-arm-none-eabi/bin/../lib/gcc/arm-none-eabi/6.3.1/../../../../arm-none-eabi/lib/thumb/v7-m/crt0.o
__call_exitprocs                                  /opt/gcc4mbed/gcc-arm-none-eabi/bin/../lib/gcc/arm-none-eabi/6.3.1/../../../../arm-none-eabi/lib/thumb/v7-m/libc_nano.a(lib_a-exit.o)
__deregister_frame_info                           /opt/gcc4mbed/gcc-arm-none-eabi/bin/../lib/gcc/arm-none-eabi/6.3.1/thumb/v7-m/crtbegin.o
__dso_handle                                      /opt/gcc4mbed/gcc-arm-none-eabi/bin/../lib/gcc/arm-none-eabi/6.3.1/thumb/v7-m/crtbegin.o
__init_array_end                                  /opt/gcc4mbed/gcc-arm-none-eabi/bin/../lib/gcc/arm-none-eabi/6.3.1/../../../../arm-none-eabi/lib/thumb/v7-m/libc_nano.a(lib_a-init.o)
__init_array_start                                /opt/gcc4mbed/gcc-arm-none-eabi/bin/../lib/gcc/arm-none-eabi/6.3.1/../../../../arm-none-eabi/lib/thumb/v7-m/libc_nano.a(lib_a-init.o)
__libc_fini_array                                 /opt/gcc4mbed/gcc-arm-none-eabi/bin/../lib/gcc/arm-none-eabi/6.3.1/../../../../arm-none-eabi/lib/thumb/v7-m/crt0.o
__libc_init_array                                 /opt/gcc4mbed/gcc-arm-none-eabi/bin/../lib/gcc/arm-none-eabi/6.3.1/../../../../arm-none-eabi/lib/thumb/v7-m/libc_nano.a(lib_a-init.o)
                                                  build/startup_stm32l152xe.o
                                                  /opt/gcc4mbed/gcc-arm-none-eabi/bin/../lib/gcc/arm-none-eabi/6.3.1/../../../../arm-none-eabi/lib/thumb/v7-m/crt0.o
__preinit_array_end                               /opt/gcc4mbed/gcc-arm-none-eabi/bin/../lib/gcc/arm-none-eabi/6.3.1/../../../../arm-none-eabi/lib/thumb/v7-m/libc_nano.a(lib_a-init.o)
__preinit_array_start                             /opt/gcc4mbed/gcc-arm-none-eabi/bin/../lib/gcc/arm-none-eabi/6.3.1/../../../../arm-none-eabi/lib/thumb/v7-m/libc_nano.a(lib_a-init.o)
__register_frame_info                             /opt/gcc4mbed/gcc-arm-none-eabi/bin/../lib/gcc/arm-none-eabi/6.3.1/thumb/v7-m/crtbegin.o
__sf_fake_stderr                                  /opt/gcc4mbed/gcc-arm-none-eabi/bin/../lib/gcc/arm-none-eabi/6.3.1/../../../../arm-none-eabi/lib/thumb/v7-m/libc_nano.a(lib_a-impure.o)
__sf_fake_stdin                                   /opt/gcc4mbed/gcc-arm-none-eabi/bin/../lib/gcc/arm-none-eabi/6.3.1/../../../../arm-none-eabi/lib/thumb/v7-m/libc_nano.a(lib_a-impure.o)
__sf_fake_stdout                                  /opt/gcc4mbed/gcc-arm-none-eabi/bin/../lib/gcc/arm-none-eabi/6.3.1/../../../../arm-none-eabi/lib/thumb/v7-m/libc_nano.a(lib_a-impure.o)
__stack                                           /opt/gcc4mbed/gcc-arm-none-eabi/bin/../lib/gcc/arm-none-eabi/6.3.1/../../../../arm-none-eabi/lib/thumb/v7-m/crt0.o
__udivmoddi4                                      /opt/gcc4mbed/gcc-arm-none-eabi/bin/../lib/gcc/arm-none-eabi/6.3.1/thumb/v7-m/libgcc.a(_udivmoddi4.o)
                                                  /opt/gcc4mbed/gcc-arm-none-eabi/bin/../lib/gcc/arm-none-eabi/6.3.1/thumb/v7-m/libgcc.a(_aeabi_uldivmod.o)
_ebss                                             build/startup_stm32l152xe.o
_edata                                            build/startup_stm32l152xe.o
_estack                                           build/startup_stm32l152xe.o
_exit                                             /opt/gcc4mbed/gcc-arm-none-eabi/bin/../lib/gcc/arm-none-eabi/6.3.1/../../../../arm-none-eabi/lib/thumb/v7-m/libnosys.a(_exit.o)
                                                  /opt/gcc4mbed/gcc-arm-none-eabi/bin/../lib/gcc/arm-none-eabi/6.3.1/../../../../arm-none-eabi/lib/thumb/v7-m/libc_nano.a(lib_a-exit.o)
_fini                                             /opt/gcc4mbed/gcc-arm-none-eabi/bin/../lib/gcc/arm-none-eabi/6.3.1/thumb/v7-m/crti.o
_global_impure_ptr                                /opt/gcc4mbed/gcc-arm-none-eabi/bin/../lib/gcc/arm-none-eabi/6.3.1/../../../../arm-none-eabi/lib/thumb/v7-m/libc_nano.a(lib_a-impure.o)
                                                  /opt/gcc4mbed/gcc-arm-none-eabi/bin/../lib/gcc/arm-none-eabi/6.3.1/../../../../arm-none-eabi/lib/thumb/v7-m/libc_nano.a(lib_a-exit.o)
_impure_ptr                                       /opt/gcc4mbed/gcc-arm-none-eabi/bin/../lib/gcc/arm-none-eabi/6.3.1/../../../../arm-none-eabi/lib/thumb/v7-m/libc_nano.a(lib_a-impure.o)
_init                                             /opt/gcc4mbed/gcc-arm-none-eabi/bin/../lib/gcc/arm-none-eabi/6.3.1/thumb/v7-m/crti.o
                                                  /opt/gcc4mbed/gcc-arm-none-eabi/bin/../lib/gcc/arm-none-eabi/6.3.1/../../../../arm-none-eabi/lib/thumb/v7-m/libc_nano.a(lib_a-init.o)
_mainCRTStartup                                   /opt/gcc4mbed/gcc-arm-none-eabi/bin/../lib/gcc/arm-none-eabi/6.3.1/../../../../arm-none-eabi/lib/thumb/v7-m/crt0.o
_sbss                                             build/startup_stm32l152xe.o
_sdata                                            build/startup_stm32l152xe.o
_sidata                                           build/startup_stm32l152xe.o
_start                                            /opt/gcc4mbed/gcc-arm-none-eabi/bin/../lib/gcc/arm-none-eabi/6.3.1/../../../../arm-none-eabi/lib/thumb/v7-m/crt0.o