Archive member included to satisfy reference by file (symbol)

c:/st/stm32cubeide_1.10.1/stm32cubeide/plugins/com.st.stm32cube.ide.mcu.externaltools.gnu-tools-for-stm32.10.3-2021.10.win32_1.0.0.202111181127/tools/bin/../lib/gcc/arm-none-eabi/10.3.1/../../../../arm-none-eabi/lib/thumb/v7-m/nofp\libc_nano.a(lib_a-exit.o)
                              c:/st/stm32cubeide_1.10.1/stm32cubeide/plugins/com.st.stm32cube.ide.mcu.externaltools.gnu-tools-for-stm32.10.3-2021.10.win32_1.0.0.202111181127/tools/bin/../lib/gcc/arm-none-eabi/10.3.1/../../../../arm-none-eabi/lib/thumb/v7-m/nofp/crt0.o (exit)
c:/st/stm32cubeide_1.10.1/stm32cubeide/plugins/com.st.stm32cube.ide.mcu.externaltools.gnu-tools-for-stm32.10.3-2021.10.win32_1.0.0.202111181127/tools/bin/../lib/gcc/arm-none-eabi/10.3.1/../../../../arm-none-eabi/lib/thumb/v7-m/nofp\libc_nano.a(lib_a-impure.o)
                              c:/st/stm32cubeide_1.10.1/stm32cubeide/plugins/com.st.stm32cube.ide.mcu.externaltools.gnu-tools-for-stm32.10.3-2021.10.win32_1.0.0.202111181127/tools/bin/../lib/gcc/arm-none-eabi/10.3.1/../../../../arm-none-eabi/lib/thumb/v7-m/nofp\libc_nano.a(lib_a-exit.o) (_global_impure_ptr)
c:/st/stm32cubeide_1.10.1/stm32cubeide/plugins/com.st.stm32cube.ide.mcu.externaltools.gnu-tools-for-stm32.10.3-2021.10.win32_1.0.0.202111181127/tools/bin/../lib/gcc/arm-none-eabi/10.3.1/../../../../arm-none-eabi/lib/thumb/v7-m/nofp\libc_nano.a(lib_a-init.o)
                              c:/st/stm32cubeide_1.10.1/stm32cubeide/plugins/com.st.stm32cube.ide.mcu.externaltools.gnu-tools-for-stm32.10.3-2021.10.win32_1.0.0.202111181127/tools/bin/../lib/gcc/arm-none-eabi/10.3.1/../../../../arm-none-eabi/lib/thumb/v7-m/nofp/crt0.o (__libc_init_array)
c:/st/stm32cubeide_1.10.1/stm32cubeide/plugins/com.st.stm32cube.ide.mcu.externaltools.gnu-tools-for-stm32.10.3-2021.10.win32_1.0.0.202111181127/tools/bin/../lib/gcc/arm-none-eabi/10.3.1/../../../../arm-none-eabi/lib/thumb/v7-m/nofp\libc_nano.a(lib_a-memcpy-stub.o)
                              build/queue.o (memcpy)
c:/st/stm32cubeide_1.10.1/stm32cubeide/plugins/com.st.stm32cube.ide.mcu.externaltools.gnu-tools-for-stm32.10.3-2021.10.win32_1.0.0.202111181127/tools/bin/../lib/gcc/arm-none-eabi/10.3.1/../../../../arm-none-eabi/lib/thumb/v7-m/nofp\libc_nano.a(lib_a-memset.o)
                              c:/st/stm32cubeide_1.10.1/stm32cubeide/plugins/com.st.stm32cube.ide.mcu.externaltools.gnu-tools-for-stm32.10.3-2021.10.win32_1.0.0.202111181127/tools/bin/../lib/gcc/arm-none-eabi/10.3.1/../../../../arm-none-eabi/lib/thumb/v7-m/nofp/crt0.o (memset)
c:/st/stm32cubeide_1.10.1/stm32cubeide/plugins/com.st.stm32cube.ide.mcu.externaltools.gnu-tools-for-stm32.10.3-2021.10.win32_1.0.0.202111181127/tools/bin/../lib/gcc/arm-none-eabi/10.3.1/../../../../arm-none-eabi/lib/thumb/v7-m/nofp\libnosys.a(_exit.o)
                              c:/st/stm32cubeide_1.10.1/stm32cubeide/plugins/com.st.stm32cube.ide.mcu.externaltools.gnu-tools-for-stm32.10.3-2021.10.win32_1.0.0.202111181127/tools/bin/../lib/gcc/arm-none-eabi/10.3.1/../../../../arm-none-eabi/lib/thumb/v7-m/nofp\libc_nano.a(lib_a-exit.o) (_exit)
c:/st/stm32cubeide_1.10.1/stm32cubeide/plugins/com.st.stm32cube.ide.mcu.externaltools.gnu-tools-for-stm32.10.3-2021.10.win32_1.0.0.202111181127/tools/bin/../lib/gcc/arm-none-eabi/10.3.1/thumb/v7-m/nofp\libgcc.a(_aeabi_uldivmod.o)
                              build/stm32l1xx_hal_rcc.o (__aeabi_uldivmod)
c:/st/stm32cubeide_1.10.1/stm32cubeide/plugins/com.st.stm32cube.ide.mcu.externaltools.gnu-tools-for-stm32.10.3-2021.10.win32_1.0.0.202111181127/tools/bin/../lib/gcc/arm-none-eabi/10.3.1/thumb/v7-m/nofp\libgcc.a(_udivmoddi4.o)
                              c:/st/stm32cubeide_1.10.1/stm32cubeide/plugins/com.st.stm32cube.ide.mcu.externaltools.gnu-tools-for-stm32.10.3-2021.10.win32_1.0.0.202111181127/tools/bin/../lib/gcc/arm-none-eabi/10.3.1/thumb/v7-m/nofp\libgcc.a(_aeabi_uldivmod.o) (__udivmoddi4)
c:/st/stm32cubeide_1.10.1/stm32cubeide/plugins/com.st.stm32cube.ide.mcu.externaltools.gnu-tools-for-stm32.10.3-2021.10.win32_1.0.0.202111181127/tools/bin/../lib/gcc/arm-none-eabi/10.3.1/thumb/v7-m/nofp\libgcc.a(_dvmd_tls.o)
                              c:/st/stm32cubeide_1.10.1/stm32cubeide/plugins/com.st.stm32cube.ide.mcu.externaltools.gnu-tools-for-stm32.10.3-2021.10.win32_1.0.0.202111181127/tools/bin/../lib/gcc/arm-none-eabi/10.3.1/thumb/v7-m/nofp\libgcc.a(_aeabi_uldivmod.o) (__aeabi_ldiv0)

Discarded input sections

 .text          0x0000000000000000        0x0 c:/st/stm32cubeide_1.10.1/stm32cubeide/plugins/com.st.stm32cube.ide.mcu.externaltools.gnu-tools-for-stm32.10.3-2021.10.win32_1.0.0.202111181127/tools/bin/../lib/gcc/arm-none-eabi/10.3.1/thumb/v7-m/nofp/crti.o
 .data          0x0000000000000000        0x0 c:/st/stm32cubeide_1.10.1/stm32cubeide/plugins/com.st.stm32cube.ide.mcu.externaltools.gnu-tools-for-stm32.10.3-2021.10.win32_1.0.0.202111181127/tools/bin/../lib/gcc/arm-none-eabi/10.3.1/thumb/v7-m/nofp/crti.o
[...]
Memory Configuration

Name             Origin             Length             Attributes
RAM              0x0000000020000000 0x0000000000014000 xrw
FLASH            0x0000000008000000 0x0000000000080000 xr
*default*        0x0000000000000000 0xffffffffffffffff

Linker script and memory map

LOAD c:/st/stm32cubeide_1.10.1/stm32cubeide/plugins/com.st.stm32cube.ide.mcu.externaltools.gnu-tools-for-stm32.10.3-2021.10.win32_1.0.0.202111181127/tools/bin/../lib/gcc/arm-none-eabi/10.3.1/thumb/v7-m/nofp/crti.o
LOAD c:/st/stm32cubeide_1.10.1/stm32cubeide/plugins/com.st.stm32cube.ide.mcu.externaltools.gnu-tools-for-stm32.10.3-2021.10.win32_1.0.0.202111181127/tools/bin/../lib/gcc/arm-none-eabi/10.3.1/thumb/v7-m/nofp/crtbegin.o
LOAD c:/st/stm32cubeide_1.10.1/stm32cubeide/plugins/com.st.stm32cube.ide.mcu.externaltools.gnu-tools-for-stm32.10.3-2021.10.win32_1.0.0.202111181127/tools/bin/../lib/gcc/arm-none-eabi/10.3.1/../../../../arm-none-eabi/lib/thumb/v7-m/nofp/crt0.o
LOAD build/main.o
LOAD build/freertos.o
LOAD build/stm32l1xx_it.o
LOAD build/stm32l1xx_hal_msp.o
LOAD build/stm32l1xx_hal_timebase_tim.o
LOAD build/stm32l1xx_hal.o
LOAD build/stm32l1xx_hal_rcc.o
LOAD build/stm32l1xx_hal_rcc_ex.o
LOAD build/stm32l1xx_hal_flash.o
LOAD build/stm32l1xx_hal_flash_ex.o
LOAD build/stm32l1xx_hal_flash_ramfunc.o
LOAD build/stm32l1xx_hal_gpio.o
LOAD build/stm32l1xx_hal_dma.o
LOAD build/stm32l1xx_hal_pwr.o
LOAD build/stm32l1xx_hal_pwr_ex.o
LOAD build/stm32l1xx_hal_cortex.o
LOAD build/stm32l1xx_hal_exti.o
LOAD build/stm32l1xx_hal_spi.o
LOAD build/stm32l1xx_hal_tim.o
LOAD build/stm32l1xx_hal_tim_ex.o
LOAD build/system_stm32l1xx.o
LOAD build/croutine.o
LOAD build/event_groups.o
LOAD build/list.o
LOAD build/queue.o
LOAD build/stream_buffer.o
LOAD build/tasks.o
LOAD build/timers.o
LOAD build/cmsis_os2.o
LOAD build/heap_4.o
LOAD build/port.o
LOAD build/CAN.o
LOAD build/BlueSwitchTask.o
LOAD build/GreenSwitchTask.o
LOAD build/startup_stm32l152xe.o
LOAD c:/st/stm32cubeide_1.10.1/stm32cubeide/plugins/com.st.stm32cube.ide.mcu.externaltools.gnu-tools-for-stm32.10.3-2021.10.win32_1.0.0.202111181127/tools/bin/../lib/gcc/arm-none-eabi/10.3.1/../../../../arm-none-eabi/lib/thumb/v7-m/nofp\libc_nano.a
LOAD c:/st/stm32cubeide_1.10.1/stm32cubeide/plugins/com.st.stm32cube.ide.mcu.externaltools.gnu-tools-for-stm32.10.3-2021.10.win32_1.0.0.202111181127/tools/bin/../lib/gcc/arm-none-eabi/10.3.1/../../../../arm-none-eabi/lib/thumb/v7-m/nofp\libm.a
LOAD c:/st/stm32cubeide_1.10.1/stm32cubeide/plugins/com.st.stm32cube.ide.mcu.externaltools.gnu-tools-for-stm32.10.3-2021.10.win32_1.0.0.202111181127/tools/bin/../lib/gcc/arm-none-eabi/10.3.1/../../../../arm-none-eabi/lib/thumb/v7-m/nofp\libnosys.a
START GROUP
LOAD c:/st/stm32cubeide_1.10.1/stm32cubeide/plugins/com.st.stm32cube.ide.mcu.externaltools.gnu-tools-for-stm32.10.3-2021.10.win32_1.0.0.202111181127/tools/bin/../lib/gcc/arm-none-eabi/10.3.1/thumb/v7-m/nofp\libgcc.a
LOAD c:/st/stm32cubeide_1.10.1/stm32cubeide/plugins/com.st.stm32cube.ide.mcu.externaltools.gnu-tools-for-stm32.10.3-2021.10.win32_1.0.0.202111181127/tools/bin/../lib/gcc/arm-none-eabi/10.3.1/../../../../arm-none-eabi/lib/thumb/v7-m/nofp\libc_nano.a
END GROUP
START GROUP
LOAD c:/st/stm32cubeide_1.10.1/stm32cubeide/plugins/com.st.stm32cube.ide.mcu.externaltools.gnu-tools-for-stm32.10.3-2021.10.win32_1.0.0.202111181127/tools/bin/../lib/gcc/arm-none-eabi/10.3.1/thumb/v7-m/nofp\libgcc.a
LOAD c:/st/stm32cubeide_1.10.1/stm32cubeide/plugins/com.st.stm32cube.ide.mcu.externaltools.gnu-tools-for-stm32.10.3-2021.10.win32_1.0.0.202111181127/tools/bin/../lib/gcc/arm-none-eabi/10.3.1/../../../../arm-none-eabi/lib/thumb/v7-m/nofp\libc_nano.a
END GROUP
LOAD c:/st/stm32cubeide_1.10.1/stm32cubeide/plugins/com.st.stm32cube.ide.mcu.externaltools.gnu-tools-for-stm32.10.3-2021.10.win32_1.0.0.202111181127/tools/bin/../lib/gcc/arm-none-eabi/10.3.1/thumb/v7-m/nofp/crtend.o
LOAD c:/st/stm32cubeide_1.10.1/stm32cubeide/plugins/com.st.stm32cube.ide.mcu.externaltools.gnu-tools-for-stm32.10.3-2021.10.win32_1.0.0.202111181127/tools/bin/../lib/gcc/arm-none-eabi/10.3.1/thumb/v7-m/nofp/crtn.o
                0x0000000020014000                _estack = (ORIGIN (RAM) + LENGTH (RAM))
                0x0000000000000200                _Min_Heap_Size = 0x200
                0x0000000000000400                _Min_Stack_Size = 0x400

.isr_vector     0x0000000008000000      0x13c
                0x0000000008000000                . = ALIGN (0x4)
 *(.isr_vector)
 .isr_vector    0x0000000008000000      0x13c build/startup_stm32l152xe.o
                0x0000000008000000                g_pfnVectors
                0x000000000800013c                . = ALIGN (0x4)

.text           0x0000000008000140     0x439c
                0x0000000008000140                . = ALIGN (0x4)
 *(.text)
 .text          0x0000000008000140       0x40 c:/st/stm32cubeide_1.10.1/stm32cubeide/plugins/com.st.stm32cube.ide.mcu.externaltools.gnu-tools-for-stm32.10.3-2021.10.win32_1.0.0.202111181127/tools/bin/../lib/gcc/arm-none-eabi/10.3.1/thumb/v7-m/nofp/crtbegin.o
 .text          0x0000000008000180       0x30 c:/st/stm32cubeide_1.10.1/stm32cubeide/plugins/com.st.stm32cube.ide.mcu.externaltools.gnu-tools-for-stm32.10.3-2021.10.win32_1.0.0.202111181127/tools/bin/../lib/gcc/arm-none-eabi/10.3.1/thumb/v7-m/nofp\libgcc.a(_aeabi_uldivmod.o)
                0x0000000008000180                __aeabi_uldivmod
 .text          0x00000000080001b0      0x2d4 c:/st/stm32cubeide_1.10.1/stm32cubeide/plugins/com.st.stm32cube.ide.mcu.externaltools.gnu-tools-for-stm32.10.3-2021.10.win32_1.0.0.202111181127/tools/bin/../lib/gcc/arm-none-eabi/10.3.1/thumb/v7-m/nofp\libgcc.a(_udivmoddi4.o)
                0x00000000080001b0                __udivmoddi4
 .text          0x0000000008000484        0x4 c:/st/stm32cubeide_1.10.1/stm32cubeide/plugins/com.st.stm32cube.ide.mcu.externaltools.gnu-tools-for-stm32.10.3-2021.10.win32_1.0.0.202111181127/tools/bin/../lib/gcc/arm-none-eabi/10.3.1/thumb/v7-m/nofp\libgcc.a(_dvmd_tls.o)
                0x0000000008000484                __aeabi_idiv0
                0x0000000008000484                __aeabi_ldiv0
 *(.text*)
 .text.MX_GPIO_Init
                0x0000000008000488      0x11c build/main.o
 .text.StartDefaultTask
                0x00000000080005a4       0x12 build/main.o
                0x00000000080005a4                StartDefaultTask
 *fill*         0x00000000080005b6        0x2 
 .text.HAL_GPIO_EXTI_Callback
                0x00000000080005b8       0x78 build/main.o
                0x00000000080005b8                HAL_GPIO_EXTI_Callback
 .text.HAL_TIM_PeriodElapsedCallback
                0x0000000008000630       0x12 build/main.o
                0x0000000008000630                HAL_TIM_PeriodElapsedCallback
 .text.Error_Handler
                0x0000000008000642        0x4 build/main.o
                0x0000000008000642                Error_Handler
 *fill*         0x0000000008000646        0x2 
 .text.MX_SPI1_Init
                0x0000000008000648       0x44 build/main.o
 .text.SystemClock_Config
                0x000000000800068c       0x78 build/main.o
                0x000000000800068c                SystemClock_Config
 .text.main     0x0000000008000704       0x80 build/main.o
                0x0000000008000704                main
 .text.NMI_Handler
                0x0000000008000784        0x2 build/stm32l1xx_it.o
                0x0000000008000784                NMI_Handler
 .text.HardFault_Handler
                0x0000000008000786        0x2 build/stm32l1xx_it.o
                0x0000000008000786                HardFault_Handler
 .text.MemManage_Handler
                0x0000000008000788        0x2 build/stm32l1xx_it.o
                0x0000000008000788                MemManage_Handler
 .text.BusFault_Handler
                0x000000000800078a        0x2 build/stm32l1xx_it.o
                0x000000000800078a                BusFault_Handler
 .text.UsageFault_Handler
                0x000000000800078c        0x2 build/stm32l1xx_it.o
                0x000000000800078c                UsageFault_Handler
 .text.DebugMon_Handler
                0x000000000800078e        0x2 build/stm32l1xx_it.o
                0x000000000800078e                DebugMon_Handler
 .text.EXTI9_5_IRQHandler
                0x0000000008000790        0xa build/stm32l1xx_it.o
                0x0000000008000790                EXTI9_5_IRQHandler
 *fill*         0x000000000800079a        0x2 
 .text.TIM2_IRQHandler
                0x000000000800079c       0x10 build/stm32l1xx_it.o
                0x000000000800079c                TIM2_IRQHandler
 .text.HAL_MspInit
                0x00000000080007ac       0x54 build/stm32l1xx_hal_msp.o
                0x00000000080007ac                HAL_MspInit
 .text.HAL_SPI_MspInit
                0x0000000008000800       0x68 build/stm32l1xx_hal_msp.o
                0x0000000008000800                HAL_SPI_MspInit
 .text.HAL_InitTick
                0x0000000008000868       0x9c build/stm32l1xx_hal_timebase_tim.o
                0x0000000008000868                HAL_InitTick
 .text.HAL_Init
                0x0000000008000904       0x1e build/stm32l1xx_hal.o
                0x0000000008000904                HAL_Init
 *fill*         0x0000000008000922        0x2 
 .text.HAL_IncTick
                0x0000000008000924       0x18 build/stm32l1xx_hal.o
                0x0000000008000924                HAL_IncTick
 .text.HAL_GetTick
                0x000000000800093c        0xc build/stm32l1xx_hal.o
                0x000000000800093c                HAL_GetTick
 .text.RCC_SetFlashLatencyFromMSIRange
                0x0000000008000948       0x90 build/stm32l1xx_hal_rcc.o
 .text.HAL_RCC_OscConfig
                0x00000000080009d8      0x4f8 build/stm32l1xx_hal_rcc.o
                0x00000000080009d8                HAL_RCC_OscConfig
 .text.HAL_RCC_GetSysClockFreq
                0x0000000008000ed0       0xa8 build/stm32l1xx_hal_rcc.o
                0x0000000008000ed0                HAL_RCC_GetSysClockFreq
 .text.HAL_RCC_ClockConfig
                0x0000000008000f78      0x1dc build/stm32l1xx_hal_rcc.o
                0x0000000008000f78                HAL_RCC_ClockConfig
 .text.HAL_RCC_GetHCLKFreq
                0x0000000008001154        0xc build/stm32l1xx_hal_rcc.o
                0x0000000008001154                HAL_RCC_GetHCLKFreq
 .text.HAL_RCC_GetPCLK1Freq
                0x0000000008001160       0x20 build/stm32l1xx_hal_rcc.o
                0x0000000008001160                HAL_RCC_GetPCLK1Freq
 .text.HAL_RCC_GetClockConfig
                0x0000000008001180       0x3c build/stm32l1xx_hal_rcc.o
                0x0000000008001180                HAL_RCC_GetClockConfig
 .text.HAL_GPIO_Init
                0x00000000080011bc      0x1e8 build/stm32l1xx_hal_gpio.o
                0x00000000080011bc                HAL_GPIO_Init
 .text.HAL_GPIO_ReadPin
                0x00000000080013a4        0xe build/stm32l1xx_hal_gpio.o
                0x00000000080013a4                HAL_GPIO_ReadPin
 .text.HAL_GPIO_WritePin
                0x00000000080013b2        0xc build/stm32l1xx_hal_gpio.o
                0x00000000080013b2                HAL_GPIO_WritePin
 .text.HAL_GPIO_TogglePin
                0x00000000080013be       0x12 build/stm32l1xx_hal_gpio.o
                0x00000000080013be                HAL_GPIO_TogglePin
 .text.HAL_GPIO_EXTI_IRQHandler
                0x00000000080013d0       0x1c build/stm32l1xx_hal_gpio.o
                0x00000000080013d0                HAL_GPIO_EXTI_IRQHandler
 .text.HAL_NVIC_SetPriorityGrouping
                0x00000000080013ec       0x24 build/stm32l1xx_hal_cortex.o
                0x00000000080013ec                HAL_NVIC_SetPriorityGrouping
 .text.HAL_NVIC_SetPriority
                0x0000000008001410       0x70 build/stm32l1xx_hal_cortex.o
                0x0000000008001410                HAL_NVIC_SetPriority
 .text.HAL_NVIC_EnableIRQ
                0x0000000008001480       0x1c build/stm32l1xx_hal_cortex.o
                0x0000000008001480                HAL_NVIC_EnableIRQ
 .text.SPI_WaitFlagStateUntilTimeout
                0x000000000800149c       0xd4 build/stm32l1xx_hal_spi.o
 .text.SPI_EndRxTxTransaction
                0x0000000008001570       0x68 build/stm32l1xx_hal_spi.o
 .text.SPI_EndRxTransaction
                0x00000000080015d8       0x8c build/stm32l1xx_hal_spi.o
 .text.HAL_SPI_Init
                0x0000000008001664       0xbe build/stm32l1xx_hal_spi.o
                0x0000000008001664                HAL_SPI_Init
 .text.HAL_SPI_Transmit
                0x0000000008001722      0x1b8 build/stm32l1xx_hal_spi.o
                0x0000000008001722                HAL_SPI_Transmit
 .text.HAL_SPI_TransmitReceive
                0x00000000080018da      0x238 build/stm32l1xx_hal_spi.o
                0x00000000080018da                HAL_SPI_TransmitReceive
 .text.HAL_SPI_Receive
                0x0000000008001b12      0x180 build/stm32l1xx_hal_spi.o
                0x0000000008001b12                HAL_SPI_Receive
 *fill*         0x0000000008001c92        0x2 
 .text.TIM_Base_SetConfig
                0x0000000008001c94       0x88 build/stm32l1xx_hal_tim.o
 .text.HAL_TIM_Base_MspInit
                0x0000000008001d1c        0x2 build/stm32l1xx_hal_tim.o
                0x0000000008001d1c                HAL_TIM_Base_MspInit
 .text.HAL_TIM_Base_Init
                0x0000000008001d1e       0x48 build/stm32l1xx_hal_tim.o
                0x0000000008001d1e                HAL_TIM_Base_Init
 *fill*         0x0000000008001d66        0x2 
 .text.HAL_TIM_Base_Start_IT
                0x0000000008001d68       0x68 build/stm32l1xx_hal_tim.o
                0x0000000008001d68                HAL_TIM_Base_Start_IT
 .text.HAL_TIM_OC_DelayElapsedCallback
                0x0000000008001dd0        0x2 build/stm32l1xx_hal_tim.o
                0x0000000008001dd0                HAL_TIM_OC_DelayElapsedCallback
 .text.HAL_TIM_IC_CaptureCallback
                0x0000000008001dd2        0x2 build/stm32l1xx_hal_tim.o
                0x0000000008001dd2                HAL_TIM_IC_CaptureCallback
 .text.HAL_TIM_PWM_PulseFinishedCallback
                0x0000000008001dd4        0x2 build/stm32l1xx_hal_tim.o
                0x0000000008001dd4                HAL_TIM_PWM_PulseFinishedCallback
 .text.HAL_TIM_TriggerCallback
                0x0000000008001dd6        0x2 build/stm32l1xx_hal_tim.o
                0x0000000008001dd6                HAL_TIM_TriggerCallback
 .text.HAL_TIM_IRQHandler
                0x0000000008001dd8      0x13a build/stm32l1xx_hal_tim.o
                0x0000000008001dd8                HAL_TIM_IRQHandler
 .text.SystemInit
                0x0000000008001f12        0x2 build/system_stm32l1xx.o
                0x0000000008001f12                SystemInit
 .text.vListInitialise
                0x0000000008001f14       0x16 build/list.o
                0x0000000008001f14                vListInitialise
 .text.vListInitialiseItem
                0x0000000008001f2a        0x6 build/list.o
                0x0000000008001f2a                vListInitialiseItem
 .text.vListInsertEnd
                0x0000000008001f30       0x16 build/list.o
                0x0000000008001f30                vListInsertEnd
 .text.vListInsert
                0x0000000008001f46       0x32 build/list.o
                0x0000000008001f46                vListInsert
 .text.uxListRemove
                0x0000000008001f78       0x26 build/list.o
                0x0000000008001f78                uxListRemove
 .text.prvGetDisinheritPriorityAfterTimeout
                0x0000000008001f9e       0x10 build/queue.o
 .text.prvIsQueueFull
                0x0000000008001fae       0x1e build/queue.o
 .text.prvIsQueueEmpty
                0x0000000008001fcc       0x1a build/queue.o
 .text.prvCopyDataToQueue
                0x0000000008001fe6       0x76 build/queue.o
 .text.prvCopyDataFromQueue
                0x000000000800205c       0x24 build/queue.o
 .text.prvUnlockQueue
                0x0000000008002080       0x6e build/queue.o
 .text.xQueueGenericReset
                0x00000000080020ee       0x84 build/queue.o
                0x00000000080020ee                xQueueGenericReset
 .text.prvInitialiseNewQueue
                0x0000000008002172       0x22 build/queue.o
 .text.xQueueGenericCreateStatic
                0x0000000008002194       0x92 build/queue.o
                0x0000000008002194                xQueueGenericCreateStatic
 .text.xQueueGenericCreate
                0x0000000008002226       0x4e build/queue.o
                0x0000000008002226                xQueueGenericCreate
 .text.xQueueGenericSend
                0x0000000008002274      0x188 build/queue.o
                0x0000000008002274                xQueueGenericSend
 .text.prvInitialiseMutex
                0x00000000080023fc       0x18 build/queue.o
 .text.xQueueCreateMutex
                0x0000000008002414       0x16 build/queue.o
                0x0000000008002414                xQueueCreateMutex
 .text.xQueueCreateMutexStatic
                0x000000000800242a       0x1e build/queue.o
                0x000000000800242a                xQueueCreateMutexStatic
 .text.xQueueGiveMutexRecursive
                0x0000000008002448       0x40 build/queue.o
                0x0000000008002448                xQueueGiveMutexRecursive
 .text.xQueueGenericSendFromISR
                0x0000000008002488       0xcc build/queue.o
                0x0000000008002488                xQueueGenericSendFromISR
 .text.xQueueReceive
                0x0000000008002554      0x15e build/queue.o
                0x0000000008002554                xQueueReceive
 .text.xQueueSemaphoreTake
                0x00000000080026b2      0x1a6 build/queue.o
                0x00000000080026b2                xQueueSemaphoreTake
 .text.xQueueTakeMutexRecursive
                0x0000000008002858       0x40 build/queue.o
                0x0000000008002858                xQueueTakeMutexRecursive
 .text.vQueueAddToRegistry
                0x0000000008002898       0x28 build/queue.o
                0x0000000008002898                vQueueAddToRegistry
 .text.vQueueWaitForMessageRestricted
                0x00000000080028c0       0x52 build/queue.o
                0x00000000080028c0                vQueueWaitForMessageRestricted
 *fill*         0x0000000008002912        0x2 
 .text.prvResetNextTaskUnblockTime
                0x0000000008002914       0x2c build/tasks.o
 .text.prvInitialiseNewTask
                0x0000000008002940       0x9c build/tasks.o
 .text.prvInitialiseTaskLists
                0x00000000080029dc       0x68 build/tasks.o
 .text.prvAddNewTaskToReadyList
                0x0000000008002a44       0xac build/tasks.o
 .text.prvDeleteTCB
                0x0000000008002af0       0x38 build/tasks.o
 .text.prvCheckTasksWaitingTermination
                0x0000000008002b28       0x4c build/tasks.o
 .text.prvIdleTask
                0x0000000008002b74       0x28 build/tasks.o
 .text.prvAddCurrentTaskToDelayedList
                0x0000000008002b9c       0x7c build/tasks.o
 .text.xTaskCreateStatic
                0x0000000008002c18       0x74 build/tasks.o
                0x0000000008002c18                xTaskCreateStatic
 .text.xTaskCreate
                0x0000000008002c8c       0x68 build/tasks.o
                0x0000000008002c8c                xTaskCreate
 .text.vTaskStartScheduler
                0x0000000008002cf4       0x9c build/tasks.o
                0x0000000008002cf4                vTaskStartScheduler
 .text.vTaskSuspendAll
                0x0000000008002d90       0x10 build/tasks.o
                0x0000000008002d90                vTaskSuspendAll
 .text.xTaskGetTickCount
                0x0000000008002da0        0xc build/tasks.o
                0x0000000008002da0                xTaskGetTickCount
 .text.xTaskIncrementTick
                0x0000000008002dac      0x118 build/tasks.o
                0x0000000008002dac                xTaskIncrementTick
 .text.xTaskResumeAll
                0x0000000008002ec4       0xf8 build/tasks.o
                0x0000000008002ec4                xTaskResumeAll
 .text.vTaskDelay
                0x0000000008002fbc       0x4c build/tasks.o
                0x0000000008002fbc                vTaskDelay
 .text.vTaskSwitchContext
                0x0000000008003008       0x94 build/tasks.o
                0x0000000008003008                vTaskSwitchContext
 .text.vTaskPlaceOnEventList
                0x000000000800309c       0x30 build/tasks.o
                0x000000000800309c                vTaskPlaceOnEventList
 .text.vTaskPlaceOnEventListRestricted
                0x00000000080030cc       0x38 build/tasks.o
                0x00000000080030cc                vTaskPlaceOnEventListRestricted
 .text.xTaskRemoveFromEventList
                0x0000000008003104       0x8c build/tasks.o
                0x0000000008003104                xTaskRemoveFromEventList
 .text.vTaskInternalSetTimeOutState
                0x0000000008003190       0x18 build/tasks.o
                0x0000000008003190                vTaskInternalSetTimeOutState
 .text.xTaskCheckForTimeOut
                0x00000000080031a8       0x84 build/tasks.o
                0x00000000080031a8                xTaskCheckForTimeOut
 .text.vTaskMissedYield
                0x000000000800322c        0xc build/tasks.o
                0x000000000800322c                vTaskMissedYield
 .text.xTaskGetCurrentTaskHandle
                0x0000000008003238        0xc build/tasks.o
                0x0000000008003238                xTaskGetCurrentTaskHandle
 .text.xTaskGetSchedulerState
                0x0000000008003244       0x20 build/tasks.o
                0x0000000008003244                xTaskGetSchedulerState
 .text.xTaskPriorityInherit
                0x0000000008003264       0x98 build/tasks.o
                0x0000000008003264                xTaskPriorityInherit
 .text.xTaskPriorityDisinherit
                0x00000000080032fc       0x90 build/tasks.o
                0x00000000080032fc                xTaskPriorityDisinherit
 .text.vTaskPriorityDisinheritAfterTimeout
                0x000000000800338c       0xa0 build/tasks.o
                0x000000000800338c                vTaskPriorityDisinheritAfterTimeout
 .text.pvTaskIncrementMutexHeldCount
                0x000000000800342c       0x1c build/tasks.o
                0x000000000800342c                pvTaskIncrementMutexHeldCount
 .text.prvGetNextExpireTime
                0x0000000008003448       0x20 build/timers.o
 .text.prvInsertTimerInActiveList
                0x0000000008003468       0x48 build/timers.o
 .text.prvCheckForValidListAndQueue
                0x00000000080034b0       0x70 build/timers.o
 .text.xTimerCreateTimerTask
                0x0000000008003520       0x64 build/timers.o
                0x0000000008003520                xTimerCreateTimerTask
 .text.xTimerGenericCommand
                0x0000000008003584       0x6c build/timers.o
                0x0000000008003584                xTimerGenericCommand
 .text.prvSwitchTimerLists
                0x00000000080035f0       0x78 build/timers.o
 .text.prvSampleTimeNow
                0x0000000008003668       0x2c build/timers.o
 .text.prvProcessExpiredTimer
                0x0000000008003694       0x60 build/timers.o
 .text.prvProcessTimerOrBlockTask
                0x00000000080036f4       0x74 build/timers.o
 .text.prvProcessReceivedCommands
                0x0000000008003768       0xf8 build/timers.o
 .text.prvTimerTask
                0x0000000008003860       0x16 build/timers.o
 *fill*         0x0000000008003876        0x2 
 .text.osKernelInitialize
                0x0000000008003878       0x44 build/cmsis_os2.o
                0x0000000008003878                osKernelInitialize
 .text.osKernelStart
                0x00000000080038bc       0x4c build/cmsis_os2.o
                0x00000000080038bc                osKernelStart
 .text.osKernelGetSysTimerCount
                0x0000000008003908       0x38 build/cmsis_os2.o
                0x0000000008003908                osKernelGetSysTimerCount
 .text.osThreadNew
                0x0000000008003940       0xec build/cmsis_os2.o
                0x0000000008003940                osThreadNew
 .text.osDelay  0x0000000008003a2c       0x44 build/cmsis_os2.o
                0x0000000008003a2c                osDelay
 .text.osMutexNew
                0x0000000008003a70       0xbc build/cmsis_os2.o
                0x0000000008003a70                osMutexNew
 .text.osMutexAcquire
                0x0000000008003b2c       0x84 build/cmsis_os2.o
                0x0000000008003b2c                osMutexAcquire
 .text.osMutexRelease
                0x0000000008003bb0       0x74 build/cmsis_os2.o
                0x0000000008003bb0                osMutexRelease
 .text.vApplicationGetIdleTaskMemory
                0x0000000008003c24       0x18 build/cmsis_os2.o
                0x0000000008003c24                vApplicationGetIdleTaskMemory
 .text.vApplicationGetTimerTaskMemory
                0x0000000008003c3c       0x18 build/cmsis_os2.o
                0x0000000008003c3c                vApplicationGetTimerTaskMemory
 .text.prvHeapInit
                0x0000000008003c54       0x64 build/heap_4.o
 .text.prvInsertBlockIntoFreeList
                0x0000000008003cb8       0x60 build/heap_4.o
 .text.pvPortMalloc
                0x0000000008003d18       0xf0 build/heap_4.o
                0x0000000008003d18                pvPortMalloc
 .text.vPortFree
                0x0000000008003e08       0x70 build/heap_4.o
                0x0000000008003e08                vPortFree
 .text.prvTaskExitError
                0x0000000008003e78       0x40 build/port.o
 .text.prvPortStartFirstTask
                0x0000000008003eb8       0x20 build/port.o
 .text.pxPortInitialiseStack
                0x0000000008003ed8       0x24 build/port.o
                0x0000000008003ed8                pxPortInitialiseStack
 *fill*         0x0000000008003efc        0x4 
 .text.SVC_Handler
                0x0000000008003f00       0x24 build/port.o
                0x0000000008003f00                SVC_Handler
 .text.vPortEnterCritical
                0x0000000008003f24       0x44 build/port.o
                0x0000000008003f24                vPortEnterCritical
 .text.vPortExitCritical
                0x0000000008003f68       0x2c build/port.o
                0x0000000008003f68                vPortExitCritical
 *fill*         0x0000000008003f94        0xc 
 .text.PendSV_Handler
                0x0000000008003fa0       0x44 build/port.o
                0x0000000008003fa0                PendSV_Handler
 .text.SysTick_Handler
                0x0000000008003fe4       0x2c build/port.o
                0x0000000008003fe4                SysTick_Handler
 .text.vPortSetupTimerInterrupt
                0x0000000008004010       0x28 build/port.o
                0x0000000008004010                vPortSetupTimerInterrupt
 .text.xPortStartScheduler
                0x0000000008004038       0xc0 build/port.o
                0x0000000008004038                xPortStartScheduler
 .text.vPortValidateInterruptPriority
                0x00000000080040f8       0x5c build/port.o
                0x00000000080040f8                vPortValidateInterruptPriority
 .text.CAN_IC_READ_REGISTER
                0x0000000008004154       0x54 build/CAN.o
                0x0000000008004154                CAN_IC_READ_REGISTER
 .text.CAN_IC_WRITE_REGISTER_BITWISE
                0x00000000080041a8       0x48 build/CAN.o
                0x00000000080041a8                CAN_IC_WRITE_REGISTER_BITWISE
 .text.CAN_IC_WRITE_REGISTER
                0x00000000080041f0       0x40 build/CAN.o
                0x00000000080041f0                CAN_IC_WRITE_REGISTER
 .text.ConfigureCANSPI
                0x0000000008004230       0x8c build/CAN.o
                0x0000000008004230                ConfigureCANSPI
 .text.receiveCANMessage
                0x00000000080042bc       0xe8 build/CAN.o
                0x00000000080042bc                receiveCANMessage
 .text.blueSwitchTask
                0x00000000080043a4       0x30 build/BlueSwitchTask.o
                0x00000000080043a4                blueSwitchTask
 .text.greenSwitchTask
                0x00000000080043d4       0x30 build/GreenSwitchTask.o
                0x00000000080043d4                greenSwitchTask
 .text.Reset_Handler
                0x0000000008004404       0x48 build/startup_stm32l152xe.o
                0x0000000008004404                Reset_Handler
 .text.Default_Handler
                0x000000000800444c        0x2 build/startup_stm32l152xe.o
                0x000000000800444c                RTC_Alarm_IRQHandler
                0x000000000800444c                EXTI2_IRQHandler
                0x000000000800444c                COMP_ACQ_IRQHandler
                0x000000000800444c                TIM10_IRQHandler
                0x000000000800444c                USB_HP_IRQHandler
                0x000000000800444c                TIM6_IRQHandler
                0x000000000800444c                PVD_IRQHandler
                0x000000000800444c                EXTI3_IRQHandler
                0x000000000800444c                EXTI0_IRQHandler
                0x000000000800444c                I2C2_EV_IRQHandler
                0x000000000800444c                SPI1_IRQHandler
                0x000000000800444c                USB_FS_WKUP_IRQHandler
                0x000000000800444c                DMA2_Channel2_IRQHandler
                0x000000000800444c                DMA1_Channel4_IRQHandler
                0x000000000800444c                ADC1_IRQHandler
                0x000000000800444c                USART3_IRQHandler
                0x000000000800444c                DMA1_Channel7_IRQHandler
                0x000000000800444c                LCD_IRQHandler
                0x000000000800444c                UART5_IRQHandler
                0x000000000800444c                TIM4_IRQHandler
                0x000000000800444c                DMA2_Channel1_IRQHandler
                0x000000000800444c                I2C1_EV_IRQHandler
                0x000000000800444c                DMA1_Channel6_IRQHandler
                0x000000000800444c                UART4_IRQHandler
                0x000000000800444c                DMA2_Channel4_IRQHandler
                0x000000000800444c                TIM3_IRQHandler
                0x000000000800444c                RCC_IRQHandler
                0x000000000800444c                DMA1_Channel1_IRQHandler
                0x000000000800444c                Default_Handler
                0x000000000800444c                EXTI15_10_IRQHandler
                0x000000000800444c                TIM7_IRQHandler
                0x000000000800444c                TIM5_IRQHandler
                0x000000000800444c                TIM9_IRQHandler
                0x000000000800444c                TAMPER_STAMP_IRQHandler
                0x000000000800444c                RTC_WKUP_IRQHandler
                0x000000000800444c                SPI2_IRQHandler
                0x000000000800444c                DMA2_Channel5_IRQHandler
                0x000000000800444c                DMA1_Channel5_IRQHandler
                0x000000000800444c                USB_LP_IRQHandler
                0x000000000800444c                EXTI4_IRQHandler
                0x000000000800444c                DMA1_Channel3_IRQHandler
                0x000000000800444c                COMP_IRQHandler
                0x000000000800444c                WWDG_IRQHandler
                0x000000000800444c                DAC_IRQHandler
                0x000000000800444c                EXTI1_IRQHandler
                0x000000000800444c                TIM11_IRQHandler
                0x000000000800444c                USART2_IRQHandler
                0x000000000800444c                I2C2_ER_IRQHandler
                0x000000000800444c                DMA1_Channel2_IRQHandler
                0x000000000800444c                FLASH_IRQHandler
                0x000000000800444c                USART1_IRQHandler
                0x000000000800444c                SPI3_IRQHandler
                0x000000000800444c                I2C1_ER_IRQHandler
                0x000000000800444c                DMA2_Channel3_IRQHandler
 *fill*         0x000000000800444e        0x2 
 .text.__libc_init_array
                0x0000000008004450       0x48 c:/st/stm32cubeide_1.10.1/stm32cubeide/plugins/com.st.stm32cube.ide.mcu.externaltools.gnu-tools-for-stm32.10.3-2021.10.win32_1.0.0.202111181127/tools/bin/../lib/gcc/arm-none-eabi/10.3.1/../../../../arm-none-eabi/lib/thumb/v7-m/nofp\libc_nano.a(lib_a-init.o)
                0x0000000008004450                __libc_init_array
 .text.memcpy   0x0000000008004498       0x1c c:/st/stm32cubeide_1.10.1/stm32cubeide/plugins/com.st.stm32cube.ide.mcu.externaltools.gnu-tools-for-stm32.10.3-2021.10.win32_1.0.0.202111181127/tools/bin/../lib/gcc/arm-none-eabi/10.3.1/../../../../arm-none-eabi/lib/thumb/v7-m/nofp\libc_nano.a(lib_a-memcpy-stub.o)
                0x0000000008004498                memcpy
 .text.memset   0x00000000080044b4       0x10 c:/st/stm32cubeide_1.10.1/stm32cubeide/plugins/com.st.stm32cube.ide.mcu.externaltools.gnu-tools-for-stm32.10.3-2021.10.win32_1.0.0.202111181127/tools/bin/../lib/gcc/arm-none-eabi/10.3.1/../../../../arm-none-eabi/lib/thumb/v7-m/nofp\libc_nano.a(lib_a-memset.o)
                0x00000000080044b4                memset
 *(.glue_7)
 .glue_7        0x00000000080044c4        0x0 linker stubs
 *(.glue_7t)
 .glue_7t       0x00000000080044c4        0x0 linker stubs
 *(.eh_frame)
 .eh_frame      0x00000000080044c4        0x0 c:/st/stm32cubeide_1.10.1/stm32cubeide/plugins/com.st.stm32cube.ide.mcu.externaltools.gnu-tools-for-stm32.10.3-2021.10.win32_1.0.0.202111181127/tools/bin/../lib/gcc/arm-none-eabi/10.3.1/thumb/v7-m/nofp/crtbegin.o
 *(.init)
 .init          0x00000000080044c4        0x4 c:/st/stm32cubeide_1.10.1/stm32cubeide/plugins/com.st.stm32cube.ide.mcu.externaltools.gnu-tools-for-stm32.10.3-2021.10.win32_1.0.0.202111181127/tools/bin/../lib/gcc/arm-none-eabi/10.3.1/thumb/v7-m/nofp/crti.o
                0x00000000080044c4                _init
 .init          0x00000000080044c8        0x8 c:/st/stm32cubeide_1.10.1/stm32cubeide/plugins/com.st.stm32cube.ide.mcu.externaltools.gnu-tools-for-stm32.10.3-2021.10.win32_1.0.0.202111181127/tools/bin/../lib/gcc/arm-none-eabi/10.3.1/thumb/v7-m/nofp/crtn.o
 *(.fini)
 .fini          0x00000000080044d0        0x4 c:/st/stm32cubeide_1.10.1/stm32cubeide/plugins/com.st.stm32cube.ide.mcu.externaltools.gnu-tools-for-stm32.10.3-2021.10.win32_1.0.0.202111181127/tools/bin/../lib/gcc/arm-none-eabi/10.3.1/thumb/v7-m/nofp/crti.o
                0x00000000080044d0                _fini
 .fini          0x00000000080044d4        0x8 c:/st/stm32cubeide_1.10.1/stm32cubeide/plugins/com.st.stm32cube.ide.mcu.externaltools.gnu-tools-for-stm32.10.3-2021.10.win32_1.0.0.202111181127/tools/bin/../lib/gcc/arm-none-eabi/10.3.1/thumb/v7-m/nofp/crtn.o
                0x00000000080044dc                . = ALIGN (0x4)
                0x00000000080044dc                _etext = .

.vfp11_veneer   0x00000000080044dc        0x0
 .vfp11_veneer  0x00000000080044dc        0x0 linker stubs

.v4_bx          0x00000000080044dc        0x0
 .v4_bx         0x00000000080044dc        0x0 linker stubs

.iplt           0x00000000080044dc        0x0
 .iplt          0x00000000080044dc        0x0 c:/st/stm32cubeide_1.10.1/stm32cubeide/plugins/com.st.stm32cube.ide.mcu.externaltools.gnu-tools-for-stm32.10.3-2021.10.win32_1.0.0.202111181127/tools/bin/../lib/gcc/arm-none-eabi/10.3.1/thumb/v7-m/nofp/crtbegin.o

.rodata         0x00000000080044dc       0xcc
                0x00000000080044dc                . = ALIGN (0x4)
 *(.rodata)
 *(.rodata*)
 .rodata.str1.4
                0x00000000080044dc       0x38 build/main.o
 .rodata.SPIMutex_attributes
                0x0000000008004514       0x10 build/main.o
                0x0000000008004514                SPIMutex_attributes
 .rodata.defaultTask_attributes
                0x0000000008004524       0x24 build/main.o
                0x0000000008004524                defaultTask_attributes
 .rodata.greenSwitchTask_attributes
                0x0000000008004548       0x24 build/main.o
                0x0000000008004548                greenSwitchTask_attributes
 .rodata.AHBPrescTable
                0x000000000800456c       0x10 build/system_stm32l1xx.o
                0x000000000800456c                AHBPrescTable
 .rodata.APBPrescTable
                0x000000000800457c        0x8 build/system_stm32l1xx.o
                0x000000000800457c                APBPrescTable
 .rodata.PLLMulTable
                0x0000000008004584        0x9 build/system_stm32l1xx.o
                0x0000000008004584                PLLMulTable
 *fill*         0x000000000800458d        0x3 
 .rodata.vTaskStartScheduler.str1.4
                0x0000000008004590        0x5 build/tasks.o
 *fill*         0x0000000008004595        0x3 
 .rodata.prvCheckForValidListAndQueue.str1.4
                0x0000000008004598        0x5 build/timers.o
 *fill*         0x000000000800459d        0x3 
 .rodata.xTimerCreateTimerTask.str1.4
                0x00000000080045a0        0x8 build/timers.o
                0x00000000080045a8                . = ALIGN (0x4)

.ARM.extab
 *(.ARM.extab* .gnu.linkonce.armextab.*)

.ARM            0x00000000080045a8        0x8
                0x00000000080045a8                __exidx_start = .
 *(.ARM.exidx*)
 .ARM.exidx     0x00000000080045a8        0x8 c:/st/stm32cubeide_1.10.1/stm32cubeide/plugins/com.st.stm32cube.ide.mcu.externaltools.gnu-tools-for-stm32.10.3-2021.10.win32_1.0.0.202111181127/tools/bin/../lib/gcc/arm-none-eabi/10.3.1/thumb/v7-m/nofp\libgcc.a(_udivmoddi4.o)
                0x00000000080045b0                __exidx_end = .

.rel.dyn        0x00000000080045b0        0x0
 .rel.iplt      0x00000000080045b0        0x0 c:/st/stm32cubeide_1.10.1/stm32cubeide/plugins/com.st.stm32cube.ide.mcu.externaltools.gnu-tools-for-stm32.10.3-2021.10.win32_1.0.0.202111181127/tools/bin/../lib/gcc/arm-none-eabi/10.3.1/thumb/v7-m/nofp/crtbegin.o

.preinit_array  0x00000000080045b0        0x0
                0x00000000080045b0                PROVIDE (__preinit_array_start = .)
 *(.preinit_array*)
                0x00000000080045b0                PROVIDE (__preinit_array_end = .)

.init_array     0x00000000080045b0        0x4
                0x00000000080045b0                PROVIDE (__init_array_start = .)
 *(SORT_BY_NAME(.init_array.*))
 *(.init_array*)
 .init_array    0x00000000080045b0        0x4 c:/st/stm32cubeide_1.10.1/stm32cubeide/plugins/com.st.stm32cube.ide.mcu.externaltools.gnu-tools-for-stm32.10.3-2021.10.win32_1.0.0.202111181127/tools/bin/../lib/gcc/arm-none-eabi/10.3.1/thumb/v7-m/nofp/crtbegin.o
                0x00000000080045b4                PROVIDE (__init_array_end = .)

.fini_array     0x00000000080045b4        0x4
                [!provide]                        PROVIDE (__fini_array_start = .)
 *(SORT_BY_NAME(.fini_array.*))
 *(.fini_array*)
 .fini_array    0x00000000080045b4        0x4 c:/st/stm32cubeide_1.10.1/stm32cubeide/plugins/com.st.stm32cube.ide.mcu.externaltools.gnu-tools-for-stm32.10.3-2021.10.win32_1.0.0.202111181127/tools/bin/../lib/gcc/arm-none-eabi/10.3.1/thumb/v7-m/nofp/crtbegin.o
                [!provide]                        PROVIDE (__fini_array_end = .)
                0x00000000080045b8                _sidata = LOADADDR (.data)

.data           0x0000000020000000       0x10 load address 0x00000000080045b8
                0x0000000020000000                . = ALIGN (0x4)
                0x0000000020000000                _sdata = .
 *(.data)
 *(.data*)
 .data.uwTickFreq
                0x0000000020000000        0x4 build/stm32l1xx_hal.o
                0x0000000020000000                uwTickFreq
 .data.uwTickPrio
                0x0000000020000004        0x4 build/stm32l1xx_hal.o
                0x0000000020000004                uwTickPrio
 .data.SystemCoreClock
                0x0000000020000008        0x4 build/system_stm32l1xx.o
                0x0000000020000008                SystemCoreClock
 .data.uxCriticalNesting
                0x000000002000000c        0x4 build/port.o
                0x0000000020000010                . = ALIGN (0x4)
                0x0000000020000010                _edata = .

.igot.plt       0x0000000020000010        0x0 load address 0x00000000080045c8
 .igot.plt      0x0000000020000010        0x0 c:/st/stm32cubeide_1.10.1/stm32cubeide/plugins/com.st.stm32cube.ide.mcu.externaltools.gnu-tools-for-stm32.10.3-2021.10.win32_1.0.0.202111181127/tools/bin/../lib/gcc/arm-none-eabi/10.3.1/thumb/v7-m/nofp/crtbegin.o
                0x0000000020000010                . = ALIGN (0x4)

.bss            0x0000000020000010     0x1a18 load address 0x00000000080045c8
                0x0000000020000010                _sbss = .
                0x0000000020000010                __bss_start__ = _sbss
 *(.bss)
 .bss           0x0000000020000010       0x1c c:/st/stm32cubeide_1.10.1/stm32cubeide/plugins/com.st.stm32cube.ide.mcu.externaltools.gnu-tools-for-stm32.10.3-2021.10.win32_1.0.0.202111181127/tools/bin/../lib/gcc/arm-none-eabi/10.3.1/thumb/v7-m/nofp/crtbegin.o
 *(.bss*)
 .bss.SPIMutexHandle
                0x000000002000002c        0x4 build/main.o
                0x000000002000002c                SPIMutexHandle
 .bss.blueStatus
                0x0000000020000030        0x1 build/main.o
                0x0000000020000030                blueStatus
 *fill*         0x0000000020000031        0x3 
 .bss.blueSwitchTaskHandle
                0x0000000020000034        0x4 build/main.o
                0x0000000020000034                blueSwitchTaskHandle
 .bss.defaultTaskHandle
                0x0000000020000038        0x4 build/main.o
                0x0000000020000038                defaultTaskHandle
 .bss.greenStatus
                0x000000002000003c        0x1 build/main.o
                0x000000002000003c                greenStatus
 *fill*         0x000000002000003d        0x3 
 .bss.greenSwitchTaskHandle
                0x0000000020000040        0x4 build/main.o
                0x0000000020000040                greenSwitchTaskHandle
 .bss.hspi1     0x0000000020000044       0x58 build/main.o
                0x0000000020000044                hspi1
 .bss.htim2     0x000000002000009c       0x40 build/stm32l1xx_hal_timebase_tim.o
                0x000000002000009c                htim2
 .bss.uwTick    0x00000000200000dc        0x4 build/stm32l1xx_hal.o
                0x00000000200000dc                uwTick
 .bss.xQueueRegistry
                0x00000000200000e0       0x40 build/queue.o
                0x00000000200000e0                xQueueRegistry
 .bss.pxCurrentTCB
                0x0000000020000120        0x4 build/tasks.o
                0x0000000020000120                pxCurrentTCB
 .bss.pxDelayedTaskList
                0x0000000020000124        0x4 build/tasks.o
 .bss.pxOverflowDelayedTaskList
                0x0000000020000128        0x4 build/tasks.o
 .bss.pxReadyTasksLists
                0x000000002000012c      0x460 build/tasks.o
 .bss.uxCurrentNumberOfTasks
                0x000000002000058c        0x4 build/tasks.o
 .bss.uxDeletedTasksWaitingCleanUp
                0x0000000020000590        0x4 build/tasks.o
 .bss.uxPendedTicks
                0x0000000020000594        0x4 build/tasks.o
 .bss.uxSchedulerSuspended
                0x0000000020000598        0x4 build/tasks.o
 .bss.uxTaskNumber
                0x000000002000059c        0x4 build/tasks.o
 .bss.uxTopReadyPriority
                0x00000000200005a0        0x4 build/tasks.o
 .bss.xDelayedTaskList1
                0x00000000200005a4       0x14 build/tasks.o
 .bss.xDelayedTaskList2
                0x00000000200005b8       0x14 build/tasks.o
 .bss.xIdleTaskHandle
                0x00000000200005cc        0x4 build/tasks.o
 .bss.xNextTaskUnblockTime
                0x00000000200005d0        0x4 build/tasks.o
 .bss.xNumOfOverflows
                0x00000000200005d4        0x4 build/tasks.o
 .bss.xPendingReadyList
                0x00000000200005d8       0x14 build/tasks.o
 .bss.xSchedulerRunning
                0x00000000200005ec        0x4 build/tasks.o
 .bss.xSuspendedTaskList
                0x00000000200005f0       0x14 build/tasks.o
 .bss.xTasksWaitingTermination
                0x0000000020000604       0x14 build/tasks.o
 .bss.xTickCount
                0x0000000020000618        0x4 build/tasks.o
 .bss.xYieldPending
                0x000000002000061c        0x4 build/tasks.o
 .bss.pxCurrentTimerList
                0x0000000020000620        0x4 build/timers.o
 .bss.pxOverflowTimerList
                0x0000000020000624        0x4 build/timers.o
 .bss.ucStaticTimerQueueStorage.1
                0x0000000020000628       0xa0 build/timers.o
 .bss.xActiveTimerList1
                0x00000000200006c8       0x14 build/timers.o
 .bss.xActiveTimerList2
                0x00000000200006dc       0x14 build/timers.o
 .bss.xLastTime.2
                0x00000000200006f0        0x4 build/timers.o
 .bss.xStaticTimerQueue.0
                0x00000000200006f4       0x50 build/timers.o
 .bss.xTimerQueue
                0x0000000020000744        0x4 build/timers.o
 .bss.xTimerTaskHandle
                0x0000000020000748        0x4 build/timers.o
 .bss.Idle_Stack
                0x000000002000074c      0x200 build/cmsis_os2.o
 .bss.Idle_TCB  0x000000002000094c       0x5c build/cmsis_os2.o
 .bss.KernelState
                0x00000000200009a8        0x4 build/cmsis_os2.o
 .bss.Timer_Stack
                0x00000000200009ac      0x400 build/cmsis_os2.o
 .bss.Timer_TCB
                0x0000000020000dac       0x5c build/cmsis_os2.o
 .bss.pxEnd     0x0000000020000e08        0x4 build/heap_4.o
 .bss.ucHeap    0x0000000020000e0c      0xc00 build/heap_4.o
 .bss.xBlockAllocatedBit
                0x0000000020001a0c        0x4 build/heap_4.o
 .bss.xFreeBytesRemaining
                0x0000000020001a10        0x4 build/heap_4.o
 .bss.xMinimumEverFreeBytesRemaining
                0x0000000020001a14        0x4 build/heap_4.o
 .bss.xStart    0x0000000020001a18        0x8 build/heap_4.o
 .bss.ucMaxSysCallPriority
                0x0000000020001a20        0x1 build/port.o
 *fill*         0x0000000020001a21        0x3 
 .bss.ulMaxPRIGROUPValue
                0x0000000020001a24        0x4 build/port.o
 *(COMMON)
                0x0000000020001a28                . = ALIGN (0x4)
                0x0000000020001a28                _ebss = .
                0x0000000020001a28                __bss_end__ = _ebss

._user_heap_stack
                0x0000000020001a28      0x600 load address 0x00000000080045c8
                0x0000000020001a28                . = ALIGN (0x8)
                [!provide]                        PROVIDE (end = .)
                [!provide]                        PROVIDE (_end = .)
                0x0000000020001c28                . = (. + _Min_Heap_Size)
 *fill*         0x0000000020001a28      0x200 
                0x0000000020002028                . = (. + _Min_Stack_Size)
 *fill*         0x0000000020001c28      0x400 
                0x0000000020002028                . = ALIGN (0x8)

/DISCARD/
 libc.a(*)
 libm.a(*)
 libgcc.a(*)

.ARM.attributes
                0x0000000000000000       0x29
 *(.ARM.attributes)
 .ARM.attributes
                0x0000000000000000       0x1d c:/st/stm32cubeide_1.10.1/stm32cubeide/plugins/com.st.stm32cube.ide.mcu.externaltools.gnu-tools-for-stm32.10.3-2021.10.win32_1.0.0.202111181127/tools/bin/../lib/gcc/arm-none-eabi/10.3.1/thumb/v7-m/nofp/crti.o
 .ARM.attributes
                0x000000000000001d       0x2d c:/st/stm32cubeide_1.10.1/stm32cubeide/plugins/com.st.stm32cube.ide.mcu.externaltools.gnu-tools-for-stm32.10.3-2021.10.win32_1.0.0.202111181127/tools/bin/../lib/gcc/arm-none-eabi/10.3.1/thumb/v7-m/nofp/crtbegin.o
 .ARM.attributes
                0x000000000000004a       0x2d build/main.o
 .ARM.attributes
                0x0000000000000077       0x2d build/stm32l1xx_it.o
 .ARM.attributes
                0x00000000000000a4       0x2d build/stm32l1xx_hal_msp.o
 .ARM.attributes
                0x00000000000000d1       0x2d build/stm32l1xx_hal_timebase_tim.o
 .ARM.attributes
                0x00000000000000fe       0x2d build/stm32l1xx_hal.o
 .ARM.attributes
                0x000000000000012b       0x2d build/stm32l1xx_hal_rcc.o
 .ARM.attributes
                0x0000000000000158       0x2d build/stm32l1xx_hal_gpio.o
 .ARM.attributes
                0x0000000000000185       0x2d build/stm32l1xx_hal_cortex.o
 .ARM.attributes
                0x00000000000001b2       0x2d build/stm32l1xx_hal_spi.o
 .ARM.attributes
                0x00000000000001df       0x2d build/stm32l1xx_hal_tim.o
 .ARM.attributes
                0x000000000000020c       0x2d build/system_stm32l1xx.o
 .ARM.attributes
                0x0000000000000239       0x2d build/list.o
 .ARM.attributes
                0x0000000000000266       0x2d build/queue.o
 .ARM.attributes
                0x0000000000000293       0x2d build/tasks.o
 .ARM.attributes
                0x00000000000002c0       0x2d build/timers.o
 .ARM.attributes
                0x00000000000002ed       0x2d build/cmsis_os2.o
 .ARM.attributes
                0x000000000000031a       0x2d build/heap_4.o
 .ARM.attributes
                0x0000000000000347       0x2d build/port.o
 .ARM.attributes
                0x0000000000000374       0x2d build/CAN.o
 .ARM.attributes
                0x00000000000003a1       0x2d build/BlueSwitchTask.o
 .ARM.attributes
                0x00000000000003ce       0x2d build/GreenSwitchTask.o
 .ARM.attributes
                0x00000000000003fb       0x21 build/startup_stm32l152xe.o
 .ARM.attributes
                0x000000000000041c       0x2d c:/st/stm32cubeide_1.10.1/stm32cubeide/plugins/com.st.stm32cube.ide.mcu.externaltools.gnu-tools-for-stm32.10.3-2021.10.win32_1.0.0.202111181127/tools/bin/../lib/gcc/arm-none-eabi/10.3.1/../../../../arm-none-eabi/lib/thumb/v7-m/nofp\libc_nano.a(lib_a-init.o)
 .ARM.attributes
                0x0000000000000449       0x2d c:/st/stm32cubeide_1.10.1/stm32cubeide/plugins/com.st.stm32cube.ide.mcu.externaltools.gnu-tools-for-stm32.10.3-2021.10.win32_1.0.0.202111181127/tools/bin/../lib/gcc/arm-none-eabi/10.3.1/../../../../arm-none-eabi/lib/thumb/v7-m/nofp\libc_nano.a(lib_a-memcpy-stub.o)
 .ARM.attributes
                0x0000000000000476       0x2d c:/st/stm32cubeide_1.10.1/stm32cubeide/plugins/com.st.stm32cube.ide.mcu.externaltools.gnu-tools-for-stm32.10.3-2021.10.win32_1.0.0.202111181127/tools/bin/../lib/gcc/arm-none-eabi/10.3.1/../../../../arm-none-eabi/lib/thumb/v7-m/nofp\libc_nano.a(lib_a-memset.o)
 .ARM.attributes
                0x00000000000004a3       0x1d c:/st/stm32cubeide_1.10.1/stm32cubeide/plugins/com.st.stm32cube.ide.mcu.externaltools.gnu-tools-for-stm32.10.3-2021.10.win32_1.0.0.202111181127/tools/bin/../lib/gcc/arm-none-eabi/10.3.1/thumb/v7-m/nofp\libgcc.a(_aeabi_uldivmod.o)
 .ARM.attributes
                0x00000000000004c0       0x2d c:/st/stm32cubeide_1.10.1/stm32cubeide/plugins/com.st.stm32cube.ide.mcu.externaltools.gnu-tools-for-stm32.10.3-2021.10.win32_1.0.0.202111181127/tools/bin/../lib/gcc/arm-none-eabi/10.3.1/thumb/v7-m/nofp\libgcc.a(_udivmoddi4.o)
 .ARM.attributes
                0x00000000000004ed       0x1d c:/st/stm32cubeide_1.10.1/stm32cubeide/plugins/com.st.stm32cube.ide.mcu.externaltools.gnu-tools-for-stm32.10.3-2021.10.win32_1.0.0.202111181127/tools/bin/../lib/gcc/arm-none-eabi/10.3.1/thumb/v7-m/nofp\libgcc.a(_dvmd_tls.o)
 .ARM.attributes
                0x000000000000050a       0x1d c:/st/stm32cubeide_1.10.1/stm32cubeide/plugins/com.st.stm32cube.ide.mcu.externaltools.gnu-tools-for-stm32.10.3-2021.10.win32_1.0.0.202111181127/tools/bin/../lib/gcc/arm-none-eabi/10.3.1/thumb/v7-m/nofp/crtn.o
OUTPUT(build/Helios_CAN.elf elf32-littlearm)
LOAD linker stubs
LOAD c:/st/stm32cubeide_1.10.1/stm32cubeide/plugins/com.st.stm32cube.ide.mcu.externaltools.gnu-tools-for-stm32.10.3-2021.10.win32_1.0.0.202111181127/tools/bin/../lib/gcc/arm-none-eabi/10.3.1/../../../../arm-none-eabi/lib/thumb/v7-m/nofp\libc.a
LOAD c:/st/stm32cubeide_1.10.1/stm32cubeide/plugins/com.st.stm32cube.ide.mcu.externaltools.gnu-tools-for-stm32.10.3-2021.10.win32_1.0.0.202111181127/tools/bin/../lib/gcc/arm-none-eabi/10.3.1/../../../../arm-none-eabi/lib/thumb/v7-m/nofp\libm.a
LOAD c:/st/stm32cubeide_1.10.1/stm32cubeide/plugins/com.st.stm32cube.ide.mcu.externaltools.gnu-tools-for-stm32.10.3-2021.10.win32_1.0.0.202111181127/tools/bin/../lib/gcc/arm-none-eabi/10.3.1/thumb/v7-m/nofp\libgcc.a

.debug_info     0x0000000000000000    0x1b4c7
 .debug_info    0x0000000000000000     0x1a67 build/main.o
 .debug_info    0x0000000000001a67      0x790 build/stm32l1xx_it.o
 .debug_info    0x00000000000021f7      0xb8c build/stm32l1xx_hal_msp.o
 .debug_info    0x0000000000002d83      0xbc7 build/stm32l1xx_hal_timebase_tim.o
 .debug_info    0x000000000000394a      0x875 build/stm32l1xx_hal.o
 .debug_info    0x00000000000041bf      0xd24 build/stm32l1xx_hal_rcc.o
 .debug_info    0x0000000000004ee3      0x6e5 build/stm32l1xx_hal_gpio.o
 .debug_info    0x00000000000055c8     0x10df build/stm32l1xx_hal_cortex.o
 .debug_info    0x00000000000066a7     0x1fec build/stm32l1xx_hal_spi.o
 .debug_info    0x0000000000008693     0x3c0a build/stm32l1xx_hal_tim.o
 .debug_info    0x000000000000c29d      0x2ec build/system_stm32l1xx.o
 .debug_info    0x000000000000c589      0x309 build/list.o
 .debug_info    0x000000000000c892     0x2947 build/queue.o
 .debug_info    0x000000000000f1d9     0x3239 build/tasks.o
 .debug_info    0x0000000000012412     0x1bca build/timers.o
 .debug_info    0x0000000000013fdc     0x5246 build/cmsis_os2.o
 .debug_info    0x0000000000019222      0x4a1 build/heap_4.o
 .debug_info    0x00000000000196c3      0x563 build/port.o
 .debug_info    0x0000000000019c26     0x1191 build/CAN.o
 .debug_info    0x000000000001adb7      0x377 build/BlueSwitchTask.o
 .debug_info    0x000000000001b12e      0x377 build/GreenSwitchTask.o
 .debug_info    0x000000000001b4a5       0x22 build/startup_stm32l152xe.o

.debug_abbrev   0x0000000000000000     0x3745
 .debug_abbrev  0x0000000000000000      0x354 build/main.o
 .debug_abbrev  0x0000000000000354      0x194 build/stm32l1xx_it.o
 .debug_abbrev  0x00000000000004e8      0x1ad build/stm32l1xx_hal_msp.o
 .debug_abbrev  0x0000000000000695      0x22d build/stm32l1xx_hal_timebase_tim.o
 .debug_abbrev  0x00000000000008c2      0x28a build/stm32l1xx_hal.o
 .debug_abbrev  0x0000000000000b4c      0x2fc build/stm32l1xx_hal_rcc.o
 .debug_abbrev  0x0000000000000e48      0x22b build/stm32l1xx_hal_gpio.o
 .debug_abbrev  0x0000000000001073      0x382 build/stm32l1xx_hal_cortex.o
 .debug_abbrev  0x00000000000013f5      0x2c6 build/stm32l1xx_hal_spi.o
 .debug_abbrev  0x00000000000016bb      0x2a1 build/stm32l1xx_hal_tim.o
 .debug_abbrev  0x000000000000195c      0x11b build/system_stm32l1xx.o
 .debug_abbrev  0x0000000000001a77      0x124 build/list.o
 .debug_abbrev  0x0000000000001b9b      0x459 build/queue.o
 .debug_abbrev  0x0000000000001ff4      0x405 build/tasks.o
 .debug_abbrev  0x00000000000023f9      0x3cb build/timers.o
 .debug_abbrev  0x00000000000027c4      0x4c6 build/cmsis_os2.o
 .debug_abbrev  0x0000000000002c8a      0x267 build/heap_4.o
 .debug_abbrev  0x0000000000002ef1      0x2c2 build/port.o
 .debug_abbrev  0x00000000000031b3      0x242 build/CAN.o
 .debug_abbrev  0x00000000000033f5      0x19f build/BlueSwitchTask.o
 .debug_abbrev  0x0000000000003594      0x19f build/GreenSwitchTask.o
 .debug_abbrev  0x0000000000003733       0x12 build/startup_stm32l152xe.o

.debug_loc      0x0000000000000000    0x15e57
 .debug_loc     0x0000000000000000      0x1eb build/main.o
 .debug_loc     0x00000000000001eb       0x40 build/stm32l1xx_it.o
 .debug_loc     0x000000000000022b      0x120 build/stm32l1xx_hal_msp.o
 .debug_loc     0x000000000000034b      0x152 build/stm32l1xx_hal_timebase_tim.o
 .debug_loc     0x000000000000049d      0x26d build/stm32l1xx_hal.o
 .debug_loc     0x000000000000070a      0x8b4 build/stm32l1xx_hal_rcc.o
 .debug_loc     0x0000000000000fbe      0x4d6 build/stm32l1xx_hal_gpio.o
 .debug_loc     0x0000000000001494      0x7a4 build/stm32l1xx_hal_cortex.o
 .debug_loc     0x0000000000001c38     0x2501 build/stm32l1xx_hal_spi.o
 .debug_loc     0x0000000000004139     0x4d69 build/stm32l1xx_hal_tim.o
 .debug_loc     0x0000000000008ea2      0x1d6 build/system_stm32l1xx.o
 .debug_loc     0x0000000000009078       0xe5 build/list.o
 .debug_loc     0x000000000000915d     0x1eda build/queue.o
 .debug_loc     0x000000000000b037     0x2b44 build/tasks.o
 .debug_loc     0x000000000000db7b     0x135a build/timers.o
 .debug_loc     0x000000000000eed5     0x62c5 build/cmsis_os2.o
 .debug_loc     0x000000000001519a      0x3c1 build/heap_4.o
 .debug_loc     0x000000000001555b      0x16c build/port.o
 .debug_loc     0x00000000000156c7      0x706 build/CAN.o
 .debug_loc     0x0000000000015dcd       0x45 build/BlueSwitchTask.o
 .debug_loc     0x0000000000015e12       0x45 build/GreenSwitchTask.o

.debug_aranges  0x0000000000000000     0x1160
 .debug_aranges
                0x0000000000000000       0x58 build/main.o
 .debug_aranges
                0x0000000000000058       0x58 build/stm32l1xx_it.o
 .debug_aranges
                0x00000000000000b0       0x30 build/stm32l1xx_hal_msp.o
 .debug_aranges
                0x00000000000000e0       0x30 build/stm32l1xx_hal_timebase_tim.o
 .debug_aranges
                0x0000000000000110       0xe0 build/stm32l1xx_hal.o
 .debug_aranges
                0x00000000000001f0       0x90 build/stm32l1xx_hal_rcc.o
 .debug_aranges
                0x0000000000000280       0x58 build/stm32l1xx_hal_gpio.o
 .debug_aranges
                0x00000000000002d8       0xa8 build/stm32l1xx_hal_cortex.o
 .debug_aranges
                0x0000000000000380      0x1d0 build/stm32l1xx_hal_spi.o
 .debug_aranges
                0x0000000000000550      0x3d0 build/stm32l1xx_hal_tim.o
 .debug_aranges
                0x0000000000000920       0x28 build/system_stm32l1xx.o
 .debug_aranges
                0x0000000000000948       0x40 build/list.o
 .debug_aranges
                0x0000000000000988      0x158 build/queue.o
 .debug_aranges
                0x0000000000000ae0      0x1f8 build/tasks.o
 .debug_aranges
                0x0000000000000cd8       0xe0 build/timers.o
 .debug_aranges
                0x0000000000000db8      0x228 build/cmsis_os2.o
 .debug_aranges
                0x0000000000000fe0       0x50 build/heap_4.o
 .debug_aranges
                0x0000000000001030       0x78 build/port.o
 .debug_aranges
                0x00000000000010a8       0x50 build/CAN.o
 .debug_aranges
                0x00000000000010f8       0x20 build/BlueSwitchTask.o
 .debug_aranges
                0x0000000000001118       0x20 build/GreenSwitchTask.o
 .debug_aranges
                0x0000000000001138       0x28 build/startup_stm32l152xe.o

.debug_ranges   0x0000000000000000     0x12a0
 .debug_ranges  0x0000000000000000       0x48 build/main.o
 .debug_ranges  0x0000000000000048       0x48 build/stm32l1xx_it.o
 .debug_ranges  0x0000000000000090       0x20 build/stm32l1xx_hal_msp.o
 .debug_ranges  0x00000000000000b0       0x20 build/stm32l1xx_hal_timebase_tim.o
 .debug_ranges  0x00000000000000d0       0xd0 build/stm32l1xx_hal.o
 .debug_ranges  0x00000000000001a0       0x98 build/stm32l1xx_hal_rcc.o
 .debug_ranges  0x0000000000000238       0x48 build/stm32l1xx_hal_gpio.o
 .debug_ranges  0x0000000000000280       0xf8 build/stm32l1xx_hal_cortex.o
 .debug_ranges  0x0000000000000378      0x1c0 build/stm32l1xx_hal_spi.o
 .debug_ranges  0x0000000000000538      0x3c0 build/stm32l1xx_hal_tim.o
 .debug_ranges  0x00000000000008f8       0x18 build/system_stm32l1xx.o
 .debug_ranges  0x0000000000000910       0x30 build/list.o
 .debug_ranges  0x0000000000000940      0x218 build/queue.o
 .debug_ranges  0x0000000000000b58      0x320 build/tasks.o
 .debug_ranges  0x0000000000000e78       0xd0 build/timers.o
 .debug_ranges  0x0000000000000f48      0x218 build/cmsis_os2.o
 .debug_ranges  0x0000000000001160       0x40 build/heap_4.o
 .debug_ranges  0x00000000000011a0       0x68 build/port.o
 .debug_ranges  0x0000000000001208       0x58 build/CAN.o
 .debug_ranges  0x0000000000001260       0x10 build/BlueSwitchTask.o
 .debug_ranges  0x0000000000001270       0x10 build/GreenSwitchTask.o
 .debug_ranges  0x0000000000001280       0x20 build/startup_stm32l152xe.o

.debug_line     0x0000000000000000    0x14720
 .debug_line    0x0000000000000000      0x6e4 build/main.o
 .debug_line    0x00000000000006e4      0x374 build/stm32l1xx_it.o
 .debug_line    0x0000000000000a58      0x353 build/stm32l1xx_hal_msp.o
 .debug_line    0x0000000000000dab      0x3a7 build/stm32l1xx_hal_timebase_tim.o
 .debug_line    0x0000000000001152      0x606 build/stm32l1xx_hal.o
 .debug_line    0x0000000000001758      0xe8c build/stm32l1xx_hal_rcc.o
 .debug_line    0x00000000000025e4      0x62c build/stm32l1xx_hal_gpio.o
 .debug_line    0x0000000000002c10      0x82a build/stm32l1xx_hal_cortex.o
 .debug_line    0x000000000000343a     0x25af build/stm32l1xx_hal_spi.o
 .debug_line    0x00000000000059e9     0x3efb build/stm32l1xx_hal_tim.o
 .debug_line    0x00000000000098e4      0x307 build/system_stm32l1xx.o
 .debug_line    0x0000000000009beb      0x41e build/list.o
 .debug_line    0x000000000000a009     0x21d9 build/queue.o
 .debug_line    0x000000000000c1e2     0x2d5d build/tasks.o
 .debug_line    0x000000000000ef3f      0xf03 build/timers.o
 .debug_line    0x000000000000fe42     0x2f1a build/cmsis_os2.o
 .debug_line    0x0000000000012d5c      0x77d build/heap_4.o
 .debug_line    0x00000000000134d9      0x6cf build/port.o
 .debug_line    0x0000000000013ba8      0x559 build/CAN.o
 .debug_line    0x0000000000014101      0x2d3 build/BlueSwitchTask.o
 .debug_line    0x00000000000143d4      0x2d7 build/GreenSwitchTask.o
 .debug_line    0x00000000000146ab       0x75 build/startup_stm32l152xe.o

.debug_str      0x0000000000000000     0x60eb
 .debug_str     0x0000000000000000     0x14f0 build/main.o
                                       0x15d1 (size before relaxing)
 .debug_str     0x00000000000014f0       0xd2 build/stm32l1xx_it.o
                                        0x6f5 (size before relaxing)
 .debug_str     0x00000000000015c2       0x60 build/stm32l1xx_hal_msp.o
                                        0xa01 (size before relaxing)
 .debug_str     0x0000000000001622       0xfe build/stm32l1xx_hal_timebase_tim.o
                                        0xba3 (size before relaxing)
 .debug_str     0x0000000000001720      0x241 build/stm32l1xx_hal.o
                                        0x845 (size before relaxing)
 .debug_str     0x0000000000001961      0x255 build/stm32l1xx_hal_rcc.o
                                        0x6ec (size before relaxing)
 .debug_str     0x0000000000001bb6       0xba build/stm32l1xx_hal_gpio.o
                                        0x3f8 (size before relaxing)
 .debug_str     0x0000000000001c70      0x4b4 build/stm32l1xx_hal_cortex.o
                                        0xa76 (size before relaxing)
 .debug_str     0x0000000000002124      0x55b build/stm32l1xx_hal_spi.o
                                        0xb60 (size before relaxing)
 .debug_str     0x000000000000267f      0xe33 build/stm32l1xx_hal_tim.o
                                       0x1563 (size before relaxing)
 .debug_str     0x00000000000034b2       0x5e build/system_stm32l1xx.o
                                        0x277 (size before relaxing)
 .debug_str     0x0000000000003510      0x14d build/list.o
                                        0x2dd (size before relaxing)
 .debug_str     0x000000000000365d      0x9b7 build/queue.o
                                        0xc68 (size before relaxing)
 .debug_str     0x0000000000004014      0xc45 build/tasks.o
                                       0x1257 (size before relaxing)
 .debug_str     0x0000000000004c59      0x5a9 build/timers.o
                                        0xbdd (size before relaxing)
 .debug_str     0x0000000000005202      0x9dc build/cmsis_os2.o
                                       0x1939 (size before relaxing)
 .debug_str     0x0000000000005bde      0x1d5 build/heap_4.o
                                        0x3d1 (size before relaxing)
 .debug_str     0x0000000000005db3      0x17d build/port.o
                                        0x449 (size before relaxing)
 .debug_str     0x0000000000005f30      0x138 build/CAN.o
                                        0x79f (size before relaxing)
 .debug_str     0x0000000000006068       0x35 build/BlueSwitchTask.o
                                        0x319 (size before relaxing)
 .debug_str     0x000000000000609d       0x2a build/GreenSwitchTask.o
                                        0x31c (size before relaxing)
 .debug_str     0x00000000000060c7       0x24 build/startup_stm32l152xe.o
                                         0x5b (size before relaxing)

.comment        0x0000000000000000       0x50
 .comment       0x0000000000000000       0x50 build/main.o
                                         0x51 (size before relaxing)
 .comment       0x0000000000000050       0x51 build/stm32l1xx_it.o
 .comment       0x0000000000000050       0x51 build/stm32l1xx_hal_msp.o
 .comment       0x0000000000000050       0x51 build/stm32l1xx_hal_timebase_tim.o
 .comment       0x0000000000000050       0x51 build/stm32l1xx_hal.o
 .comment       0x0000000000000050       0x51 build/stm32l1xx_hal_rcc.o
 .comment       0x0000000000000050       0x51 build/stm32l1xx_hal_gpio.o
 .comment       0x0000000000000050       0x51 build/stm32l1xx_hal_cortex.o
 .comment       0x0000000000000050       0x51 build/stm32l1xx_hal_spi.o
 .comment       0x0000000000000050       0x51 build/stm32l1xx_hal_tim.o
 .comment       0x0000000000000050       0x51 build/system_stm32l1xx.o
 .comment       0x0000000000000050       0x51 build/list.o
 .comment       0x0000000000000050       0x51 build/queue.o
 .comment       0x0000000000000050       0x51 build/tasks.o
 .comment       0x0000000000000050       0x51 build/timers.o
 .comment       0x0000000000000050       0x51 build/cmsis_os2.o
 .comment       0x0000000000000050       0x51 build/heap_4.o
 .comment       0x0000000000000050       0x51 build/port.o
 .comment       0x0000000000000050       0x51 build/CAN.o
 .comment       0x0000000000000050       0x51 build/BlueSwitchTask.o
 .comment       0x0000000000000050       0x51 build/GreenSwitchTask.o

.debug_frame    0x0000000000000000     0x31f4
 .debug_frame   0x0000000000000000       0xe8 build/main.o
 .debug_frame   0x00000000000000e8       0xa0 build/stm32l1xx_it.o
 .debug_frame   0x0000000000000188       0x64 build/stm32l1xx_hal_msp.o
 .debug_frame   0x00000000000001ec       0x54 build/stm32l1xx_hal_timebase_tim.o
 .debug_frame   0x0000000000000240      0x1cc build/stm32l1xx_hal.o
 .debug_frame   0x000000000000040c      0x1a4 build/stm32l1xx_hal_rcc.o
 .debug_frame   0x00000000000005b0       0xd0 build/stm32l1xx_hal_gpio.o
 .debug_frame   0x0000000000000680      0x148 build/stm32l1xx_hal_cortex.o
 .debug_frame   0x00000000000007c8      0x5a4 build/stm32l1xx_hal_spi.o
 .debug_frame   0x0000000000000d6c      0xafc build/stm32l1xx_hal_tim.o
 .debug_frame   0x0000000000001868       0x30 build/system_stm32l1xx.o
 .debug_frame   0x0000000000001898       0x70 build/list.o
 .debug_frame   0x0000000000001908      0x458 build/queue.o
 .debug_frame   0x0000000000001d60      0x660 build/tasks.o
 .debug_frame   0x00000000000023c0      0x2c4 build/timers.o
 .debug_frame   0x0000000000002684      0x79c build/cmsis_os2.o
 .debug_frame   0x0000000000002e20       0xb0 build/heap_4.o
 .debug_frame   0x0000000000002ed0       0xf0 build/port.o
 .debug_frame   0x0000000000002fc0      0x110 build/CAN.o
 .debug_frame   0x00000000000030d0       0x28 build/BlueSwitchTask.o
 .debug_frame   0x00000000000030f8       0x28 build/GreenSwitchTask.o
 .debug_frame   0x0000000000003120       0x2c c:/st/stm32cubeide_1.10.1/stm32cubeide/plugins/com.st.stm32cube.ide.mcu.externaltools.gnu-tools-for-stm32.10.3-2021.10.win32_1.0.0.202111181127/tools/bin/../lib/gcc/arm-none-eabi/10.3.1/../../../../arm-none-eabi/lib/thumb/v7-m/nofp\libc_nano.a(lib_a-init.o)
 .debug_frame   0x000000000000314c       0x28 c:/st/stm32cubeide_1.10.1/stm32cubeide/plugins/com.st.stm32cube.ide.mcu.externaltools.gnu-tools-for-stm32.10.3-2021.10.win32_1.0.0.202111181127/tools/bin/../lib/gcc/arm-none-eabi/10.3.1/../../../../arm-none-eabi/lib/thumb/v7-m/nofp\libc_nano.a(lib_a-memcpy-stub.o)
 .debug_frame   0x0000000000003174       0x20 c:/st/stm32cubeide_1.10.1/stm32cubeide/plugins/com.st.stm32cube.ide.mcu.externaltools.gnu-tools-for-stm32.10.3-2021.10.win32_1.0.0.202111181127/tools/bin/../lib/gcc/arm-none-eabi/10.3.1/../../../../arm-none-eabi/lib/thumb/v7-m/nofp\libc_nano.a(lib_a-memset.o)
 .debug_frame   0x0000000000003194       0x2c c:/st/stm32cubeide_1.10.1/stm32cubeide/plugins/com.st.stm32cube.ide.mcu.externaltools.gnu-tools-for-stm32.10.3-2021.10.win32_1.0.0.202111181127/tools/bin/../lib/gcc/arm-none-eabi/10.3.1/thumb/v7-m/nofp\libgcc.a(_aeabi_uldivmod.o)
 .debug_frame   0x00000000000031c0       0x34 c:/st/stm32cubeide_1.10.1/stm32cubeide/plugins/com.st.stm32cube.ide.mcu.externaltools.gnu-tools-for-stm32.10.3-2021.10.win32_1.0.0.202111181127/tools/bin/../lib/gcc/arm-none-eabi/10.3.1/thumb/v7-m/nofp\libgcc.a(_udivmoddi4.o)

Cross Reference Table

Symbol                                            File
ADC1_IRQHandler                                   build/startup_stm32l152xe.o
AHBPrescTable                                     build/system_stm32l1xx.o
                                                  build/stm32l1xx_hal_rcc.o
APBPrescTable                                     build/system_stm32l1xx.o
                                                  build/stm32l1xx_hal_rcc.o
BusFault_Handler                                  build/stm32l1xx_it.o
CAN_IC_READ_REGISTER                              build/CAN.o
CAN_IC_WRITE_REGISTER                             build/CAN.o
                                                  build/main.o
CAN_IC_WRITE_REGISTER_BITWISE                     build/CAN.o
COMP_ACQ_IRQHandler                               build/startup_stm32l152xe.o
COMP_IRQHandler                                   build/startup_stm32l152xe.o
ConfigureCANSPI                                   build/CAN.o
                                                  build/main.o
DAC_IRQHandler                                    build/startup_stm32l152xe.o
DMA1_Channel1_IRQHandler                          build/startup_stm32l152xe.o
DMA1_Channel2_IRQHandler                          build/startup_stm32l152xe.o
DMA1_Channel3_IRQHandler                          build/startup_stm32l152xe.o
DMA1_Channel4_IRQHandler                          build/startup_stm32l152xe.o
DMA1_Channel5_IRQHandler                          build/startup_stm32l152xe.o
DMA1_Channel6_IRQHandler                          build/startup_stm32l152xe.o
DMA1_Channel7_IRQHandler                          build/startup_stm32l152xe.o
DMA2_Channel1_IRQHandler                          build/startup_stm32l152xe.o
DMA2_Channel2_IRQHandler                          build/startup_stm32l152xe.o
DMA2_Channel3_IRQHandler                          build/startup_stm32l152xe.o
DMA2_Channel4_IRQHandler                          build/startup_stm32l152xe.o
DMA2_Channel5_IRQHandler                          build/startup_stm32l152xe.o
DebugMon_Handler                                  build/stm32l1xx_it.o
Default_Handler                                   build/startup_stm32l152xe.o
EXTI0_IRQHandler                                  build/startup_stm32l152xe.o
EXTI15_10_IRQHandler                              build/startup_stm32l152xe.o
EXTI1_IRQHandler                                  build/startup_stm32l152xe.o
EXTI2_IRQHandler                                  build/startup_stm32l152xe.o
EXTI3_IRQHandler                                  build/startup_stm32l152xe.o
EXTI4_IRQHandler                                  build/startup_stm32l152xe.o
EXTI9_5_IRQHandler                                build/stm32l1xx_it.o
Error_Handler                                     build/main.o
FLASH_IRQHandler                                  build/startup_stm32l152xe.o
FLASH_PageErase                                   build/stm32l1xx_hal_flash_ex.o
                                                  build/stm32l1xx_hal_flash.o
FLASH_WaitForLastOperation                        build/stm32l1xx_hal_flash.o
                                                  build/stm32l1xx_hal_flash_ex.o
HAL_DBGMCU_DisableDBGSleepMode                    build/stm32l1xx_hal.o
HAL_DBGMCU_DisableDBGStandbyMode                  build/stm32l1xx_hal.o
HAL_DBGMCU_DisableDBGStopMode                     build/stm32l1xx_hal.o
HAL_DBGMCU_EnableDBGSleepMode                     build/stm32l1xx_hal.o
HAL_DBGMCU_EnableDBGStandbyMode                   build/stm32l1xx_hal.o
HAL_DBGMCU_EnableDBGStopMode                      build/stm32l1xx_hal.o
HAL_DMA_Abort                                     build/stm32l1xx_hal_dma.o
                                                  build/stm32l1xx_hal_spi.o
HAL_DMA_Abort_IT                                  build/stm32l1xx_hal_dma.o
                                                  build/stm32l1xx_hal_tim.o
                                                  build/stm32l1xx_hal_spi.o
HAL_DMA_DeInit                                    build/stm32l1xx_hal_dma.o
HAL_DMA_GetError                                  build/stm32l1xx_hal_dma.o
HAL_DMA_GetState                                  build/stm32l1xx_hal_dma.o
HAL_DMA_IRQHandler                                build/stm32l1xx_hal_dma.o
HAL_DMA_Init                                      build/stm32l1xx_hal_dma.o
HAL_DMA_PollForTransfer                           build/stm32l1xx_hal_dma.o
HAL_DMA_RegisterCallback                          build/stm32l1xx_hal_dma.o
HAL_DMA_Start                                     build/stm32l1xx_hal_dma.o
HAL_DMA_Start_IT                                  build/stm32l1xx_hal_dma.o
                                                  build/stm32l1xx_hal_tim.o
                                                  build/stm32l1xx_hal_spi.o
HAL_DMA_UnRegisterCallback                        build/stm32l1xx_hal_dma.o
HAL_DeInit                                        build/stm32l1xx_hal.o
HAL_Delay                                         build/stm32l1xx_hal.o
HAL_EXTI_ClearConfigLine                          build/stm32l1xx_hal_exti.o
HAL_EXTI_ClearPending                             build/stm32l1xx_hal_exti.o
HAL_EXTI_GenerateSWI                              build/stm32l1xx_hal_exti.o
HAL_EXTI_GetConfigLine                            build/stm32l1xx_hal_exti.o
HAL_EXTI_GetHandle                                build/stm32l1xx_hal_exti.o
HAL_EXTI_GetPending                               build/stm32l1xx_hal_exti.o
HAL_EXTI_IRQHandler                               build/stm32l1xx_hal_exti.o
HAL_EXTI_RegisterCallback                         build/stm32l1xx_hal_exti.o
HAL_EXTI_SetConfigLine                            build/stm32l1xx_hal_exti.o
HAL_FLASHEx_AdvOBGetConfig                        build/stm32l1xx_hal_flash_ex.o
HAL_FLASHEx_AdvOBProgram                          build/stm32l1xx_hal_flash_ex.o
HAL_FLASHEx_DATAEEPROM_DisableFixedTimeProgram    build/stm32l1xx_hal_flash_ex.o
HAL_FLASHEx_DATAEEPROM_EnableFixedTimeProgram     build/stm32l1xx_hal_flash_ex.o
HAL_FLASHEx_DATAEEPROM_Erase                      build/stm32l1xx_hal_flash_ex.o
HAL_FLASHEx_DATAEEPROM_EraseDoubleWord            build/stm32l1xx_hal_flash_ramfunc.o
HAL_FLASHEx_DATAEEPROM_Lock                       build/stm32l1xx_hal_flash_ex.o
HAL_FLASHEx_DATAEEPROM_Program                    build/stm32l1xx_hal_flash_ex.o
HAL_FLASHEx_DATAEEPROM_ProgramDoubleWord          build/stm32l1xx_hal_flash_ramfunc.o
HAL_FLASHEx_DATAEEPROM_Unlock                     build/stm32l1xx_hal_flash_ex.o
HAL_FLASHEx_DisableRunPowerDown                   build/stm32l1xx_hal_flash_ramfunc.o
HAL_FLASHEx_EnableRunPowerDown                    build/stm32l1xx_hal_flash_ramfunc.o
HAL_FLASHEx_Erase                                 build/stm32l1xx_hal_flash_ex.o
HAL_FLASHEx_EraseParallelPage                     build/stm32l1xx_hal_flash_ramfunc.o
HAL_FLASHEx_Erase_IT                              build/stm32l1xx_hal_flash_ex.o
HAL_FLASHEx_GetError                              build/stm32l1xx_hal_flash_ramfunc.o
HAL_FLASHEx_HalfPageProgram                       build/stm32l1xx_hal_flash_ramfunc.o
HAL_FLASHEx_OBGetConfig                           build/stm32l1xx_hal_flash_ex.o
HAL_FLASHEx_OBProgram                             build/stm32l1xx_hal_flash_ex.o
HAL_FLASHEx_ProgramParallelHalfPage               build/stm32l1xx_hal_flash_ramfunc.o
HAL_FLASH_EndOfOperationCallback                  build/stm32l1xx_hal_flash.o
HAL_FLASH_GetError                                build/stm32l1xx_hal_flash.o
HAL_FLASH_IRQHandler                              build/stm32l1xx_hal_flash.o
HAL_FLASH_Lock                                    build/stm32l1xx_hal_flash.o
HAL_FLASH_OB_Launch                               build/stm32l1xx_hal_flash.o
HAL_FLASH_OB_Lock                                 build/stm32l1xx_hal_flash.o
HAL_FLASH_OB_Unlock                               build/stm32l1xx_hal_flash.o
HAL_FLASH_OperationErrorCallback                  build/stm32l1xx_hal_flash.o
HAL_FLASH_Program                                 build/stm32l1xx_hal_flash.o
HAL_FLASH_Program_IT                              build/stm32l1xx_hal_flash.o
HAL_FLASH_Unlock                                  build/stm32l1xx_hal_flash.o
HAL_GPIO_DeInit                                   build/stm32l1xx_hal_gpio.o
                                                  build/stm32l1xx_hal_msp.o
HAL_GPIO_EXTI_Callback                            build/main.o
HAL_GPIO_EXTI_IRQHandler                          build/stm32l1xx_hal_gpio.o
                                                  build/stm32l1xx_it.o
HAL_GPIO_Init                                     build/stm32l1xx_hal_gpio.o
                                                  build/stm32l1xx_hal_rcc.o
                                                  build/stm32l1xx_hal_msp.o
                                                  build/main.o
HAL_GPIO_LockPin                                  build/stm32l1xx_hal_gpio.o
HAL_GPIO_ReadPin                                  build/stm32l1xx_hal_gpio.o
                                                  build/GreenSwitchTask.o
                                                  build/BlueSwitchTask.o
HAL_GPIO_TogglePin                                build/stm32l1xx_hal_gpio.o
                                                  build/main.o
HAL_GPIO_WritePin                                 build/stm32l1xx_hal_gpio.o
                                                  build/CAN.o
                                                  build/main.o
HAL_GetDEVID                                      build/stm32l1xx_hal.o
HAL_GetHalVersion                                 build/stm32l1xx_hal.o
HAL_GetREVID                                      build/stm32l1xx_hal.o
HAL_GetTick                                       build/stm32l1xx_hal.o
                                                  build/stm32l1xx_hal_spi.o
                                                  build/stm32l1xx_hal_dma.o
                                                  build/stm32l1xx_hal_flash.o
                                                  build/stm32l1xx_hal_rcc_ex.o
                                                  build/stm32l1xx_hal_rcc.o
HAL_GetTickFreq                                   build/stm32l1xx_hal.o
HAL_GetTickPrio                                   build/stm32l1xx_hal.o
HAL_GetUIDw0                                      build/stm32l1xx_hal.o
HAL_GetUIDw1                                      build/stm32l1xx_hal.o
HAL_GetUIDw2                                      build/stm32l1xx_hal.o
HAL_IncTick                                       build/stm32l1xx_hal.o
                                                  build/main.o
HAL_Init                                          build/stm32l1xx_hal.o
                                                  build/main.o
HAL_InitTick                                      build/stm32l1xx_hal_timebase_tim.o
                                                  build/stm32l1xx_hal_rcc.o
HAL_MPU_ConfigRegion                              build/stm32l1xx_hal_cortex.o
HAL_MPU_Disable                                   build/stm32l1xx_hal_cortex.o
HAL_MPU_Enable                                    build/stm32l1xx_hal_cortex.o
HAL_MspDeInit                                     build/stm32l1xx_hal.o
HAL_MspInit                                       build/stm32l1xx_hal_msp.o
HAL_NVIC_ClearPendingIRQ                          build/stm32l1xx_hal_cortex.o
HAL_NVIC_DisableIRQ                               build/stm32l1xx_hal_cortex.o
HAL_NVIC_EnableIRQ                                build/stm32l1xx_hal_cortex.o
                                                  build/stm32l1xx_hal_timebase_tim.o
                                                  build/main.o
HAL_NVIC_GetActive                                build/stm32l1xx_hal_cortex.o
HAL_NVIC_GetPendingIRQ                            build/stm32l1xx_hal_cortex.o
HAL_NVIC_GetPriority                              build/stm32l1xx_hal_cortex.o
HAL_NVIC_GetPriorityGrouping                      build/stm32l1xx_hal_cortex.o
HAL_NVIC_SetPendingIRQ                            build/stm32l1xx_hal_cortex.o
HAL_NVIC_SetPriority                              build/stm32l1xx_hal_cortex.o
                                                  build/stm32l1xx_hal.o
                                                  build/stm32l1xx_hal_timebase_tim.o
                                                  build/stm32l1xx_hal_msp.o
                                                  build/main.o
HAL_NVIC_SetPriorityGrouping                      build/stm32l1xx_hal_cortex.o
                                                  build/stm32l1xx_hal.o
HAL_NVIC_SystemReset                              build/stm32l1xx_hal_cortex.o
HAL_PWREx_DisableFastWakeUp                       build/stm32l1xx_hal_pwr_ex.o
HAL_PWREx_DisableLowPowerRunMode                  build/stm32l1xx_hal_pwr_ex.o
HAL_PWREx_DisableUltraLowPower                    build/stm32l1xx_hal_pwr_ex.o
HAL_PWREx_EnableFastWakeUp                        build/stm32l1xx_hal_pwr_ex.o
HAL_PWREx_EnableLowPowerRunMode                   build/stm32l1xx_hal_pwr_ex.o
HAL_PWREx_EnableUltraLowPower                     build/stm32l1xx_hal_pwr_ex.o
HAL_PWREx_GetVoltageRange                         build/stm32l1xx_hal_pwr_ex.o
HAL_PWR_ConfigPVD                                 build/stm32l1xx_hal_pwr.o
HAL_PWR_DeInit                                    build/stm32l1xx_hal_pwr.o
HAL_PWR_DisableBkUpAccess                         build/stm32l1xx_hal_pwr.o
HAL_PWR_DisablePVD                                build/stm32l1xx_hal_pwr.o
HAL_PWR_DisableSEVOnPend                          build/stm32l1xx_hal_pwr.o
HAL_PWR_DisableSleepOnExit                        build/stm32l1xx_hal_pwr.o
HAL_PWR_DisableWakeUpPin                          build/stm32l1xx_hal_pwr.o
HAL_PWR_EnableBkUpAccess                          build/stm32l1xx_hal_pwr.o
HAL_PWR_EnablePVD                                 build/stm32l1xx_hal_pwr.o
HAL_PWR_EnableSEVOnPend                           build/stm32l1xx_hal_pwr.o
HAL_PWR_EnableSleepOnExit                         build/stm32l1xx_hal_pwr.o
HAL_PWR_EnableWakeUpPin                           build/stm32l1xx_hal_pwr.o
HAL_PWR_EnterSLEEPMode                            build/stm32l1xx_hal_pwr.o
HAL_PWR_EnterSTANDBYMode                          build/stm32l1xx_hal_pwr.o
HAL_PWR_EnterSTOPMode                             build/stm32l1xx_hal_pwr.o
HAL_PWR_PVDCallback                               build/stm32l1xx_hal_pwr.o
HAL_PWR_PVD_IRQHandler                            build/stm32l1xx_hal_pwr.o
HAL_RCCEx_DisableLSECSS                           build/stm32l1xx_hal_rcc_ex.o
HAL_RCCEx_EnableLSECSS                            build/stm32l1xx_hal_rcc_ex.o
HAL_RCCEx_EnableLSECSS_IT                         build/stm32l1xx_hal_rcc_ex.o
HAL_RCCEx_GetPeriphCLKConfig                      build/stm32l1xx_hal_rcc_ex.o
HAL_RCCEx_GetPeriphCLKFreq                        build/stm32l1xx_hal_rcc_ex.o
HAL_RCCEx_LSECSS_Callback                         build/stm32l1xx_hal_rcc_ex.o
HAL_RCCEx_LSECSS_IRQHandler                       build/stm32l1xx_hal_rcc_ex.o
HAL_RCCEx_PeriphCLKConfig                         build/stm32l1xx_hal_rcc_ex.o
HAL_RCC_CSSCallback                               build/stm32l1xx_hal_rcc.o
HAL_RCC_ClockConfig                               build/stm32l1xx_hal_rcc.o
                                                  build/main.o
HAL_RCC_DeInit                                    build/stm32l1xx_hal_rcc.o
HAL_RCC_DisableCSS                                build/stm32l1xx_hal_rcc.o
HAL_RCC_EnableCSS                                 build/stm32l1xx_hal_rcc.o
HAL_RCC_GetClockConfig                            build/stm32l1xx_hal_rcc.o
                                                  build/stm32l1xx_hal_timebase_tim.o
HAL_RCC_GetHCLKFreq                               build/stm32l1xx_hal_rcc.o
HAL_RCC_GetOscConfig                              build/stm32l1xx_hal_rcc.o
HAL_RCC_GetPCLK1Freq                              build/stm32l1xx_hal_rcc.o
                                                  build/stm32l1xx_hal_timebase_tim.o
HAL_RCC_GetPCLK2Freq                              build/stm32l1xx_hal_rcc.o
HAL_RCC_GetSysClockFreq                           build/stm32l1xx_hal_rcc.o
HAL_RCC_MCOConfig                                 build/stm32l1xx_hal_rcc.o
HAL_RCC_NMI_IRQHandler                            build/stm32l1xx_hal_rcc.o
HAL_RCC_OscConfig                                 build/stm32l1xx_hal_rcc.o
                                                  build/main.o
HAL_ResumeTick                                    build/stm32l1xx_hal_timebase_tim.o
HAL_SPI_Abort                                     build/stm32l1xx_hal_spi.o
HAL_SPI_AbortCpltCallback                         build/stm32l1xx_hal_spi.o
HAL_SPI_Abort_IT                                  build/stm32l1xx_hal_spi.o
HAL_SPI_DMAPause                                  build/stm32l1xx_hal_spi.o
HAL_SPI_DMAResume                                 build/stm32l1xx_hal_spi.o
HAL_SPI_DMAStop                                   build/stm32l1xx_hal_spi.o
HAL_SPI_DeInit                                    build/stm32l1xx_hal_spi.o
HAL_SPI_ErrorCallback                             build/stm32l1xx_hal_spi.o
HAL_SPI_GetError                                  build/stm32l1xx_hal_spi.o
HAL_SPI_GetState                                  build/stm32l1xx_hal_spi.o
HAL_SPI_IRQHandler                                build/stm32l1xx_hal_spi.o
HAL_SPI_Init                                      build/stm32l1xx_hal_spi.o
                                                  build/main.o
HAL_SPI_MspDeInit                                 build/stm32l1xx_hal_msp.o
HAL_SPI_MspInit                                   build/stm32l1xx_hal_msp.o
HAL_SPI_Receive                                   build/stm32l1xx_hal_spi.o
                                                  build/CAN.o
HAL_SPI_Receive_DMA                               build/stm32l1xx_hal_spi.o
HAL_SPI_Receive_IT                                build/stm32l1xx_hal_spi.o
HAL_SPI_RxCpltCallback                            build/stm32l1xx_hal_spi.o
HAL_SPI_RxHalfCpltCallback                        build/stm32l1xx_hal_spi.o
HAL_SPI_Transmit                                  build/stm32l1xx_hal_spi.o
                                                  build/CAN.o
HAL_SPI_TransmitReceive                           build/stm32l1xx_hal_spi.o
HAL_SPI_TransmitReceive_DMA                       build/stm32l1xx_hal_spi.o
HAL_SPI_TransmitReceive_IT                        build/stm32l1xx_hal_spi.o
HAL_SPI_Transmit_DMA                              build/stm32l1xx_hal_spi.o
HAL_SPI_Transmit_IT                               build/stm32l1xx_hal_spi.o
HAL_SPI_TxCpltCallback                            build/stm32l1xx_hal_spi.o
HAL_SPI_TxHalfCpltCallback                        build/stm32l1xx_hal_spi.o
HAL_SPI_TxRxCpltCallback                          build/stm32l1xx_hal_spi.o
HAL_SPI_TxRxHalfCpltCallback                      build/stm32l1xx_hal_spi.o
HAL_SYSTICK_CLKSourceConfig                       build/stm32l1xx_hal_cortex.o
HAL_SYSTICK_Callback                              build/stm32l1xx_hal_cortex.o
HAL_SYSTICK_Config                                build/stm32l1xx_hal_cortex.o
                                                  build/stm32l1xx_hal.o
HAL_SYSTICK_IRQHandler                            build/stm32l1xx_hal_cortex.o
HAL_SetTickFreq                                   build/stm32l1xx_hal.o
HAL_SuspendTick                                   build/stm32l1xx_hal_timebase_tim.o
HAL_TIMEx_MasterConfigSynchronization             build/stm32l1xx_hal_tim_ex.o
HAL_TIMEx_RemapConfig                             build/stm32l1xx_hal_tim_ex.o
HAL_TIM_Base_DeInit                               build/stm32l1xx_hal_tim.o
HAL_TIM_Base_GetState                             build/stm32l1xx_hal_tim.o
HAL_TIM_Base_Init                                 build/stm32l1xx_hal_tim.o
                                                  build/stm32l1xx_hal_timebase_tim.o
HAL_TIM_Base_MspDeInit                            build/stm32l1xx_hal_tim.o
HAL_TIM_Base_MspInit                              build/stm32l1xx_hal_tim.o
HAL_TIM_Base_Start                                build/stm32l1xx_hal_tim.o
HAL_TIM_Base_Start_DMA                            build/stm32l1xx_hal_tim.o
HAL_TIM_Base_Start_IT                             build/stm32l1xx_hal_tim.o
                                                  build/stm32l1xx_hal_timebase_tim.o
HAL_TIM_Base_Stop                                 build/stm32l1xx_hal_tim.o
HAL_TIM_Base_Stop_DMA                             build/stm32l1xx_hal_tim.o
HAL_TIM_Base_Stop_IT                              build/stm32l1xx_hal_tim.o
HAL_TIM_ConfigClockSource                         build/stm32l1xx_hal_tim.o
HAL_TIM_ConfigOCrefClear                          build/stm32l1xx_hal_tim.o
HAL_TIM_ConfigTI1Input                            build/stm32l1xx_hal_tim.o
HAL_TIM_DMABurstState                             build/stm32l1xx_hal_tim.o
HAL_TIM_DMABurst_MultiReadStart                   build/stm32l1xx_hal_tim.o
HAL_TIM_DMABurst_MultiWriteStart                  build/stm32l1xx_hal_tim.o
HAL_TIM_DMABurst_ReadStart                        build/stm32l1xx_hal_tim.o
HAL_TIM_DMABurst_ReadStop                         build/stm32l1xx_hal_tim.o
HAL_TIM_DMABurst_WriteStart                       build/stm32l1xx_hal_tim.o
HAL_TIM_DMABurst_WriteStop                        build/stm32l1xx_hal_tim.o
HAL_TIM_Encoder_DeInit                            build/stm32l1xx_hal_tim.o
HAL_TIM_Encoder_GetState                          build/stm32l1xx_hal_tim.o
HAL_TIM_Encoder_Init                              build/stm32l1xx_hal_tim.o
HAL_TIM_Encoder_MspDeInit                         build/stm32l1xx_hal_tim.o
HAL_TIM_Encoder_MspInit                           build/stm32l1xx_hal_tim.o
HAL_TIM_Encoder_Start                             build/stm32l1xx_hal_tim.o
HAL_TIM_Encoder_Start_DMA                         build/stm32l1xx_hal_tim.o
HAL_TIM_Encoder_Start_IT                          build/stm32l1xx_hal_tim.o
HAL_TIM_Encoder_Stop                              build/stm32l1xx_hal_tim.o
HAL_TIM_Encoder_Stop_DMA                          build/stm32l1xx_hal_tim.o
HAL_TIM_Encoder_Stop_IT                           build/stm32l1xx_hal_tim.o
HAL_TIM_ErrorCallback                             build/stm32l1xx_hal_tim.o
HAL_TIM_GenerateEvent                             build/stm32l1xx_hal_tim.o
HAL_TIM_GetActiveChannel                          build/stm32l1xx_hal_tim.o
HAL_TIM_GetChannelState                           build/stm32l1xx_hal_tim.o
HAL_TIM_IC_CaptureCallback                        build/stm32l1xx_hal_tim.o
HAL_TIM_IC_CaptureHalfCpltCallback                build/stm32l1xx_hal_tim.o
HAL_TIM_IC_ConfigChannel                          build/stm32l1xx_hal_tim.o
HAL_TIM_IC_DeInit                                 build/stm32l1xx_hal_tim.o
HAL_TIM_IC_GetState                               build/stm32l1xx_hal_tim.o
HAL_TIM_IC_Init                                   build/stm32l1xx_hal_tim.o
HAL_TIM_IC_MspDeInit                              build/stm32l1xx_hal_tim.o
HAL_TIM_IC_MspInit                                build/stm32l1xx_hal_tim.o
HAL_TIM_IC_Start                                  build/stm32l1xx_hal_tim.o
HAL_TIM_IC_Start_DMA                              build/stm32l1xx_hal_tim.o
HAL_TIM_IC_Start_IT                               build/stm32l1xx_hal_tim.o
HAL_TIM_IC_Stop                                   build/stm32l1xx_hal_tim.o
HAL_TIM_IC_Stop_DMA                               build/stm32l1xx_hal_tim.o