Archive member included to satisfy reference by file (symbol)

/opt/gcc4mbed/gcc-arm-none-eabi/bin/../lib/gcc/arm-none-eabi/6.3.1/../../../../arm-none-eabi/lib/thumb/v7-m/libc_nano.a(lib_a-exit.o)
                              /opt/gcc4mbed/gcc-arm-none-eabi/bin/../lib/gcc/arm-none-eabi/6.3.1/../../../../arm-none-eabi/lib/thumb/v7-m/crt0.o (exit)
/opt/gcc4mbed/gcc-arm-none-eabi/bin/../lib/gcc/arm-none-eabi/6.3.1/../../../../arm-none-eabi/lib/thumb/v7-m/libc_nano.a(lib_a-impure.o)
                              /opt/gcc4mbed/gcc-arm-none-eabi/bin/../lib/gcc/arm-none-eabi/6.3.1/../../../../arm-none-eabi/lib/thumb/v7-m/libc_nano.a(lib_a-exit.o) (_global_impure_ptr)
/opt/gcc4mbed/gcc-arm-none-eabi/bin/../lib/gcc/arm-none-eabi/6.3.1/../../../../arm-none-eabi/lib/thumb/v7-m/libc_nano.a(lib_a-init.o)
                              /opt/gcc4mbed/gcc-arm-none-eabi/bin/../lib/gcc/arm-none-eabi/6.3.1/../../../../arm-none-eabi/lib/thumb/v7-m/crt0.o (__libc_init_array)
/opt/gcc4mbed/gcc-arm-none-eabi/bin/../lib/gcc/arm-none-eabi/6.3.1/../../../../arm-none-eabi/lib/thumb/v7-m/libc_nano.a(lib_a-memcpy-stub.o)
                              build/queue.o (memcpy)
/opt/gcc4mbed/gcc-arm-none-eabi/bin/../lib/gcc/arm-none-eabi/6.3.1/../../../../arm-none-eabi/lib/thumb/v7-m/libc_nano.a(lib_a-memset.o)
                              /opt/gcc4mbed/gcc-arm-none-eabi/bin/../lib/gcc/arm-none-eabi/6.3.1/../../../../arm-none-eabi/lib/thumb/v7-m/crt0.o (memset)
/opt/gcc4mbed/gcc-arm-none-eabi/bin/../lib/gcc/arm-none-eabi/6.3.1/../../../../arm-none-eabi/lib/thumb/v7-m/libnosys.a(_exit.o)
                              /opt/gcc4mbed/gcc-arm-none-eabi/bin/../lib/gcc/arm-none-eabi/6.3.1/../../../../arm-none-eabi/lib/thumb/v7-m/libc_nano.a(lib_a-exit.o) (_exit)
/opt/gcc4mbed/gcc-arm-none-eabi/bin/../lib/gcc/arm-none-eabi/6.3.1/thumb/v7-m/libgcc.a(_aeabi_uldivmod.o)
                              build/stm32l1xx_hal_rcc.o (__aeabi_uldivmod)
/opt/gcc4mbed/gcc-arm-none-eabi/bin/../lib/gcc/arm-none-eabi/6.3.1/thumb/v7-m/libgcc.a(_udivmoddi4.o)
                              /opt/gcc4mbed/gcc-arm-none-eabi/bin/../lib/gcc/arm-none-eabi/6.3.1/thumb/v7-m/libgcc.a(_aeabi_uldivmod.o) (__udivmoddi4)
/opt/gcc4mbed/gcc-arm-none-eabi/bin/../lib/gcc/arm-none-eabi/6.3.1/thumb/v7-m/libgcc.a(_dvmd_tls.o)
                              /opt/gcc4mbed/gcc-arm-none-eabi/bin/../lib/gcc/arm-none-eabi/6.3.1/thumb/v7-m/libgcc.a(_aeabi_uldivmod.o) (__aeabi_ldiv0)

Allocating common symbols
Common symbol       size              file

hUsbDeviceFS        0x29c             build/usb_device.o
defaultTaskHandle   0x4               build/main.o
uwTick              0x4               build/stm32l1xx_hal.o
xQueueRegistry      0x40              build/queue.o
pFlash              0x18              build/stm32l1xx_hal_flash.o
hspi1               0x58              build/main.o
htim2               0x40              build/stm32l1xx_hal_timebase_tim.o
hpcd_USB_FS         0x2ec             build/usbd_conf.o
USBD_StrDesc        0x200             build/usbd_desc.o

Discarded input sections

 .text          0x0000000000000000        0x0 /opt/gcc4mbed/gcc-arm-none-eabi/bin/../lib/gcc/arm-none-eabi/6.3.1/thumb/v7-m/crti.o
 .data          0x0000000000000000        0x0 /opt/gcc4mbed/gcc-arm-none-eabi/bin/../lib/gcc/arm-none-eabi/6.3.1/thumb/v7-m/crti.o
 .bss           0x0000000000000000        0x0 /opt/gcc4mbed/gcc-arm-none-eabi/bin/../lib/gcc/arm-none-eabi/6.3.1/thumb/v7-m/crti.o
 .data          0x0000000000000000        0x4 /opt/gcc4mbed/gcc-arm-none-eabi/bin/../lib/gcc/arm-none-eabi/6.3.1/thumb/v7-m/crtbegin.o
 .text          0x0000000000000000       0x74 /opt/gcc4mbed/gcc-arm-none-eabi/bin/../lib/gcc/arm-none-eabi/6.3.1/../../../../arm-none-eabi/lib/thumb/v7-m/crt0.o
 .data          0x0000000000000000        0x0 /opt/gcc4mbed/gcc-arm-none-eabi/bin/../lib/gcc/arm-none-eabi/6.3.1/../../../../arm-none-eabi/lib/thumb/v7-m/crt0.o
 .bss           0x0000000000000000        0x0 /opt/gcc4mbed/gcc-arm-none-eabi/bin/../lib/gcc/arm-none-eabi/6.3.1/../../../../arm-none-eabi/lib/thumb/v7-m/crt0.o
 .ARM.extab     0x0000000000000000        0x0 /opt/gcc4mbed/gcc-arm-none-eabi/bin/../lib/gcc/arm-none-eabi/6.3.1/../../../../arm-none-eabi/lib/thumb/v7-m/crt0.o
 .ARM.exidx     0x0000000000000000        0x8 /opt/gcc4mbed/gcc-arm-none-eabi/bin/../lib/gcc/arm-none-eabi/6.3.1/../../../../arm-none-eabi/lib/thumb/v7-m/crt0.o
 .ARM.attributes
                0x0000000000000000       0x1b /opt/gcc4mbed/gcc-arm-none-eabi/bin/../lib/gcc/arm-none-eabi/6.3.1/../../../../arm-none-eabi/lib/thumb/v7-m/crt0.o
 .text          0x0000000000000000        0x0 build/main.o
 .data          0x0000000000000000        0x0 build/main.o
 .bss           0x0000000000000000        0x0 build/main.o
 .text          0x0000000000000000        0x0 build/freertos.o
 .data          0x0000000000000000        0x0 build/freertos.o
 .bss           0x0000000000000000        0x0 build/freertos.o
 .debug_info    0x0000000000000000      0x175 build/freertos.o
[...]
Memory Configuration

Name             Origin             Length             Attributes
RAM              0x0000000020000000 0x0000000000014000 xrw
FLASH            0x0000000008000000 0x0000000000080000 xr
*default*        0x0000000000000000 0xffffffffffffffff

Linker script and memory map

LOAD /opt/gcc4mbed/gcc-arm-none-eabi/bin/../lib/gcc/arm-none-eabi/6.3.1/thumb/v7-m/crti.o
LOAD /opt/gcc4mbed/gcc-arm-none-eabi/bin/../lib/gcc/arm-none-eabi/6.3.1/thumb/v7-m/crtbegin.o
LOAD /opt/gcc4mbed/gcc-arm-none-eabi/bin/../lib/gcc/arm-none-eabi/6.3.1/../../../../arm-none-eabi/lib/thumb/v7-m/crt0.o
LOAD build/main.o
LOAD build/freertos.o
LOAD build/stm32l1xx_it.o
LOAD build/stm32l1xx_hal_msp.o
LOAD build/stm32l1xx_hal_timebase_tim.o
LOAD build/usb_device.o
LOAD build/usbd_desc.o
LOAD build/usbd_dfu_if.o
LOAD build/usbd_conf.o
LOAD build/stm32l1xx_hal_pcd.o
LOAD build/stm32l1xx_hal_pcd_ex.o
LOAD build/stm32l1xx_ll_usb.o
LOAD build/stm32l1xx_hal.o
LOAD build/stm32l1xx_hal_rcc.o
LOAD build/stm32l1xx_hal_rcc_ex.o
LOAD build/stm32l1xx_hal_flash.o
LOAD build/stm32l1xx_hal_flash_ex.o
LOAD build/stm32l1xx_hal_flash_ramfunc.o
LOAD build/stm32l1xx_hal_gpio.o
LOAD build/stm32l1xx_hal_dma.o
LOAD build/stm32l1xx_hal_pwr.o
LOAD build/stm32l1xx_hal_pwr_ex.o
LOAD build/stm32l1xx_hal_cortex.o
LOAD build/stm32l1xx_hal_exti.o
LOAD build/stm32l1xx_hal_spi.o
LOAD build/stm32l1xx_hal_tim.o
LOAD build/stm32l1xx_hal_tim_ex.o
LOAD build/system_stm32l1xx.o
LOAD build/croutine.o
LOAD build/event_groups.o
LOAD build/list.o
LOAD build/queue.o
LOAD build/stream_buffer.o
LOAD build/tasks.o
LOAD build/timers.o
LOAD build/cmsis_os2.o
LOAD build/heap_4.o
LOAD build/port.o
LOAD build/usbd_core.o
LOAD build/usbd_ctlreq.o
LOAD build/usbd_ioreq.o
LOAD build/usbd_dfu.o
LOAD build/startup_stm32l152xe.o
LOAD /opt/gcc4mbed/gcc-arm-none-eabi/bin/../lib/gcc/arm-none-eabi/6.3.1/../../../../arm-none-eabi/lib/thumb/v7-m/libc_nano.a
LOAD /opt/gcc4mbed/gcc-arm-none-eabi/bin/../lib/gcc/arm-none-eabi/6.3.1/../../../../arm-none-eabi/lib/thumb/v7-m/libm.a
LOAD /opt/gcc4mbed/gcc-arm-none-eabi/bin/../lib/gcc/arm-none-eabi/6.3.1/../../../../arm-none-eabi/lib/thumb/v7-m/libnosys.a
START GROUP
LOAD /opt/gcc4mbed/gcc-arm-none-eabi/bin/../lib/gcc/arm-none-eabi/6.3.1/thumb/v7-m/libgcc.a
LOAD /opt/gcc4mbed/gcc-arm-none-eabi/bin/../lib/gcc/arm-none-eabi/6.3.1/../../../../arm-none-eabi/lib/thumb/v7-m/libc_nano.a
END GROUP
START GROUP
LOAD /opt/gcc4mbed/gcc-arm-none-eabi/bin/../lib/gcc/arm-none-eabi/6.3.1/thumb/v7-m/libgcc.a
LOAD /opt/gcc4mbed/gcc-arm-none-eabi/bin/../lib/gcc/arm-none-eabi/6.3.1/../../../../arm-none-eabi/lib/thumb/v7-m/libc_nano.a
END GROUP
LOAD /opt/gcc4mbed/gcc-arm-none-eabi/bin/../lib/gcc/arm-none-eabi/6.3.1/thumb/v7-m/crtend.o
LOAD /opt/gcc4mbed/gcc-arm-none-eabi/bin/../lib/gcc/arm-none-eabi/6.3.1/thumb/v7-m/crtn.o
                0x0000000020014000                _estack = (ORIGIN (RAM) + LENGTH (RAM))
                0x0000000000000200                _Min_Heap_Size = 0x200
                0x0000000000000400                _Min_Stack_Size = 0x400

.isr_vector     0x0000000008000000      0x13c
                0x0000000008000000                . = ALIGN (0x4)
 *(.isr_vector)
 .isr_vector    0x0000000008000000      0x13c build/startup_stm32l152xe.o
                0x0000000008000000                g_pfnVectors
                0x000000000800013c                . = ALIGN (0x4)

.text           0x0000000008000140     0x62b4
                0x0000000008000140                . = ALIGN (0x4)
 *(.text)
 .text          0x0000000008000140       0x6c /opt/gcc4mbed/gcc-arm-none-eabi/bin/../lib/gcc/arm-none-eabi/6.3.1/thumb/v7-m/crtbegin.o
 .text          0x00000000080001ac       0x30 /opt/gcc4mbed/gcc-arm-none-eabi/bin/../lib/gcc/arm-none-eabi/6.3.1/thumb/v7-m/libgcc.a(_aeabi_uldivmod.o)
                0x00000000080001ac                __aeabi_uldivmod
 .text          0x00000000080001dc      0x2dc /opt/gcc4mbed/gcc-arm-none-eabi/bin/../lib/gcc/arm-none-eabi/6.3.1/thumb/v7-m/libgcc.a(_udivmoddi4.o)
                0x00000000080001dc                __udivmoddi4
 .text          0x00000000080004b8        0x4 /opt/gcc4mbed/gcc-arm-none-eabi/bin/../lib/gcc/arm-none-eabi/6.3.1/thumb/v7-m/libgcc.a(_dvmd_tls.o)
                0x00000000080004b8                __aeabi_ldiv0
                0x00000000080004b8                __aeabi_idiv0
 *(.text*)
 .text.MX_GPIO_Init
                0x00000000080004bc       0xdc build/main.o
 .text.StartDefaultTask
                0x0000000008000598        0xe build/main.o
                0x0000000008000598                StartDefaultTask
 .text.HAL_TIM_PeriodElapsedCallback
                0x00000000080005a6       0x12 build/main.o
                0x00000000080005a6                HAL_TIM_PeriodElapsedCallback
 .text.Error_Handler
                0x00000000080005b8        0x4 build/main.o
                0x00000000080005b8                Error_Handler
 .text.MX_SPI1_Init
                0x00000000080005bc       0x40 build/main.o
 .text.SystemClock_Config
                0x00000000080005fc       0x80 build/main.o
                0x00000000080005fc                SystemClock_Config
 .text.main     0x000000000800067c       0x38 build/main.o
                0x000000000800067c                main
 .text.NMI_Handler
                0x00000000080006b4        0x2 build/stm32l1xx_it.o
                0x00000000080006b4                NMI_Handler
 .text.HardFault_Handler
                0x00000000080006b6        0x2 build/stm32l1xx_it.o
                0x00000000080006b6                HardFault_Handler
 .text.MemManage_Handler
                0x00000000080006b8        0x2 build/stm32l1xx_it.o
                0x00000000080006b8                MemManage_Handler
 .text.BusFault_Handler
                0x00000000080006ba        0x2 build/stm32l1xx_it.o
                0x00000000080006ba                BusFault_Handler
 .text.UsageFault_Handler
                0x00000000080006bc        0x2 build/stm32l1xx_it.o
                0x00000000080006bc                UsageFault_Handler
 .text.DebugMon_Handler
                0x00000000080006be        0x2 build/stm32l1xx_it.o
                0x00000000080006be                DebugMon_Handler
 .text.USB_LP_IRQHandler
                0x00000000080006c0       0x10 build/stm32l1xx_it.o
                0x00000000080006c0                USB_LP_IRQHandler
 .text.TIM2_IRQHandler
                0x00000000080006d0       0x10 build/stm32l1xx_it.o
                0x00000000080006d0                TIM2_IRQHandler
 .text.HAL_MspInit
                0x00000000080006e0       0x54 build/stm32l1xx_hal_msp.o
                0x00000000080006e0                HAL_MspInit
 .text.HAL_SPI_MspInit
                0x0000000008000734       0x68 build/stm32l1xx_hal_msp.o
                0x0000000008000734                HAL_SPI_MspInit
 .text.HAL_InitTick
                0x000000000800079c       0x78 build/stm32l1xx_hal_timebase_tim.o
                0x000000000800079c                HAL_InitTick
 .text.MX_USB_DEVICE_Init
                0x0000000008000814       0x54 build/usb_device.o
                0x0000000008000814                MX_USB_DEVICE_Init
 .text.USBD_FS_DeviceDescriptor
                0x0000000008000868        0xc build/usbd_desc.o
                0x0000000008000868                USBD_FS_DeviceDescriptor
 .text.USBD_FS_LangIDStrDescriptor
                0x0000000008000874        0xc build/usbd_desc.o
                0x0000000008000874                USBD_FS_LangIDStrDescriptor
 .text.IntToUnicode
                0x0000000008000880       0x36 build/usbd_desc.o
 *fill*         0x00000000080008b6        0x2 
 .text.Get_SerialNum
                0x00000000080008b8       0x34 build/usbd_desc.o
 .text.USBD_FS_SerialStrDescriptor
                0x00000000080008ec       0x14 build/usbd_desc.o
                0x00000000080008ec                USBD_FS_SerialStrDescriptor
 .text.USBD_FS_ProductStrDescriptor
                0x0000000008000900       0x24 build/usbd_desc.o
                0x0000000008000900                USBD_FS_ProductStrDescriptor
 .text.USBD_FS_ManufacturerStrDescriptor
                0x0000000008000924       0x1c build/usbd_desc.o
                0x0000000008000924                USBD_FS_ManufacturerStrDescriptor
 .text.USBD_FS_ConfigStrDescriptor
                0x0000000008000940       0x24 build/usbd_desc.o
                0x0000000008000940                USBD_FS_ConfigStrDescriptor
 .text.USBD_FS_InterfaceStrDescriptor
                0x0000000008000964       0x24 build/usbd_desc.o
                0x0000000008000964                USBD_FS_InterfaceStrDescriptor
 .text.MEM_If_Init_FS
                0x0000000008000988        0x4 build/usbd_dfu_if.o
 .text.MEM_If_DeInit_FS
                0x000000000800098c        0x4 build/usbd_dfu_if.o
 .text.MEM_If_Erase_FS
                0x0000000008000990        0x4 build/usbd_dfu_if.o
 .text.MEM_If_Write_FS
                0x0000000008000994        0x4 build/usbd_dfu_if.o
 .text.MEM_If_Read_FS
                0x0000000008000998        0x4 build/usbd_dfu_if.o
 .text.MEM_If_GetStatus_FS
                0x000000000800099c        0x4 build/usbd_dfu_if.o
 .text.USBD_Get_USB_Status
                0x00000000080009a0       0x12 build/usbd_conf.o
 *fill*         0x00000000080009b2        0x2 
 .text.HAL_PCDEx_SetConnectionState
                0x00000000080009b4       0x20 build/usbd_conf.o
                0x00000000080009b4                HAL_PCDEx_SetConnectionState
 .text.HAL_PCD_MspInit
                0x00000000080009d4       0x40 build/usbd_conf.o
                0x00000000080009d4                HAL_PCD_MspInit
 .text.HAL_PCD_SetupStageCallback
                0x0000000008000a14       0x10 build/usbd_conf.o
                0x0000000008000a14                HAL_PCD_SetupStageCallback
 .text.HAL_PCD_DataOutStageCallback
                0x0000000008000a24       0x18 build/usbd_conf.o
                0x0000000008000a24                HAL_PCD_DataOutStageCallback
 .text.HAL_PCD_DataInStageCallback
                0x0000000008000a3c       0x16 build/usbd_conf.o
                0x0000000008000a3c                HAL_PCD_DataInStageCallback
 .text.HAL_PCD_SOFCallback
                0x0000000008000a52        0xc build/usbd_conf.o
                0x0000000008000a52                HAL_PCD_SOFCallback
 .text.HAL_PCD_ResetCallback
                0x0000000008000a5e       0x22 build/usbd_conf.o
                0x0000000008000a5e                HAL_PCD_ResetCallback
 .text.HAL_PCD_SuspendCallback
                0x0000000008000a80       0x20 build/usbd_conf.o
                0x0000000008000a80                HAL_PCD_SuspendCallback
 .text.HAL_PCD_ResumeCallback
                0x0000000008000aa0        0xc build/usbd_conf.o
                0x0000000008000aa0                HAL_PCD_ResumeCallback
 .text.USBD_LL_Init
                0x0000000008000aac       0x58 build/usbd_conf.o
                0x0000000008000aac                USBD_LL_Init
 .text.USBD_LL_Start
                0x0000000008000b04       0x10 build/usbd_conf.o
                0x0000000008000b04                USBD_LL_Start
 .text.USBD_LL_Stop
                0x0000000008000b14       0x10 build/usbd_conf.o
                0x0000000008000b14                USBD_LL_Stop
 .text.USBD_LL_OpenEP
                0x0000000008000b24       0x16 build/usbd_conf.o
                0x0000000008000b24                USBD_LL_OpenEP
 .text.USBD_LL_StallEP
                0x0000000008000b3a       0x10 build/usbd_conf.o
                0x0000000008000b3a                USBD_LL_StallEP
 .text.USBD_LL_ClearStallEP
                0x0000000008000b4a       0x10 build/usbd_conf.o
                0x0000000008000b4a                USBD_LL_ClearStallEP
 .text.USBD_LL_IsStallEP
                0x0000000008000b5a       0x2e build/usbd_conf.o
                0x0000000008000b5a                USBD_LL_IsStallEP
 .text.USBD_LL_SetUSBAddress
                0x0000000008000b88       0x10 build/usbd_conf.o
                0x0000000008000b88                USBD_LL_SetUSBAddress
 .text.USBD_LL_Transmit
                0x0000000008000b98       0x10 build/usbd_conf.o
                0x0000000008000b98                USBD_LL_Transmit
 .text.USBD_LL_PrepareReceive
                0x0000000008000ba8       0x10 build/usbd_conf.o
                0x0000000008000ba8                USBD_LL_PrepareReceive
 .text.USBD_static_malloc
                0x0000000008000bb8        0x8 build/usbd_conf.o
                0x0000000008000bb8                USBD_static_malloc
 .text.USBD_static_free
                0x0000000008000bc0        0x2 build/usbd_conf.o
                0x0000000008000bc0                USBD_static_free
 .text.HAL_PCD_EP_DB_Receive
                0x0000000008000bc2      0x116 build/stm32l1xx_hal_pcd.o
 .text.HAL_PCD_Init
                0x0000000008000cd8       0xc8 build/stm32l1xx_hal_pcd.o
                0x0000000008000cd8                HAL_PCD_Init
 .text.HAL_PCD_Start
                0x0000000008000da0       0x32 build/stm32l1xx_hal_pcd.o
                0x0000000008000da0                HAL_PCD_Start
 .text.HAL_PCD_Stop
                0x0000000008000dd2       0x32 build/stm32l1xx_hal_pcd.o
                0x0000000008000dd2                HAL_PCD_Stop
 .text.HAL_PCD_EP_DB_Transmit
                0x0000000008000e04      0x420 build/stm32l1xx_hal_pcd.o
 .text.PCD_EP_ISR_Handler
                0x0000000008001224      0x424 build/stm32l1xx_hal_pcd.o
 .text.HAL_PCD_SetAddress
                0x0000000008001648       0x28 build/stm32l1xx_hal_pcd.o
                0x0000000008001648                HAL_PCD_SetAddress
 .text.HAL_PCD_IRQHandler
                0x0000000008001670      0x158 build/stm32l1xx_hal_pcd.o
                0x0000000008001670                HAL_PCD_IRQHandler
 .text.HAL_PCD_EP_Open
                0x00000000080017c8       0x74 build/stm32l1xx_hal_pcd.o
                0x00000000080017c8                HAL_PCD_EP_Open
 .text.HAL_PCD_EP_Receive
                0x000000000800183c       0x42 build/stm32l1xx_hal_pcd.o
                0x000000000800183c                HAL_PCD_EP_Receive
 .text.HAL_PCD_EP_Transmit
                0x000000000800187e       0x4a build/stm32l1xx_hal_pcd.o
                0x000000000800187e                HAL_PCD_EP_Transmit
 .text.HAL_PCD_EP_SetStall
                0x00000000080018c8       0x68 build/stm32l1xx_hal_pcd.o
                0x00000000080018c8                HAL_PCD_EP_SetStall
 .text.HAL_PCD_EP_ClrStall
                0x0000000008001930       0x74 build/stm32l1xx_hal_pcd.o
                0x0000000008001930                HAL_PCD_EP_ClrStall
 .text.HAL_PCDEx_PMAConfig
                0x00000000080019a4       0x3c build/stm32l1xx_hal_pcd_ex.o
                0x00000000080019a4                HAL_PCDEx_PMAConfig
 .text.USB_EnableGlobalInt
                0x00000000080019e0       0x12 build/stm32l1xx_ll_usb.o
                0x00000000080019e0                USB_EnableGlobalInt
 .text.USB_DisableGlobalInt
                0x00000000080019f2       0x14 build/stm32l1xx_ll_usb.o
                0x00000000080019f2                USB_DisableGlobalInt
 .text.USB_DevInit
                0x0000000008001a06       0x26 build/stm32l1xx_ll_usb.o
                0x0000000008001a06                USB_DevInit
 .text.USB_ActivateEndpoint
                0x0000000008001a2c      0x348 build/stm32l1xx_ll_usb.o
                0x0000000008001a2c                USB_ActivateEndpoint
 .text.USB_EPSetStall
                0x0000000008001d74       0x4a build/stm32l1xx_ll_usb.o
                0x0000000008001d74                USB_EPSetStall
 .text.USB_EPClearStall
                0x0000000008001dbe       0xa2 build/stm32l1xx_ll_usb.o
                0x0000000008001dbe                USB_EPClearStall
 .text.USB_SetDevAddress
                0x0000000008001e60        0xc build/stm32l1xx_ll_usb.o
                0x0000000008001e60                USB_SetDevAddress
 .text.USB_DevConnect
                0x0000000008001e6c        0x4 build/stm32l1xx_ll_usb.o
                0x0000000008001e6c                USB_DevConnect
 .text.USB_DevDisconnect
                0x0000000008001e70        0x4 build/stm32l1xx_ll_usb.o
                0x0000000008001e70                USB_DevDisconnect
 .text.USB_ReadInterrupts
                0x0000000008001e74        0x8 build/stm32l1xx_ll_usb.o
                0x0000000008001e74                USB_ReadInterrupts
 .text.USB_WritePMA
                0x0000000008001e7c       0x2a build/stm32l1xx_ll_usb.o
                0x0000000008001e7c                USB_WritePMA
 .text.USB_EPStartXfer
                0x0000000008001ea6      0x89e build/stm32l1xx_ll_usb.o
                0x0000000008001ea6                USB_EPStartXfer
 .text.USB_ReadPMA
                0x0000000008002744       0x30 build/stm32l1xx_ll_usb.o
                0x0000000008002744                USB_ReadPMA
 .text.HAL_Init
                0x0000000008002774       0x1e build/stm32l1xx_hal.o
                0x0000000008002774                HAL_Init
 *fill*         0x0000000008002792        0x2 
 .text.HAL_IncTick
                0x0000000008002794       0x18 build/stm32l1xx_hal.o
                0x0000000008002794                HAL_IncTick
 .text.HAL_GetTick
                0x00000000080027ac        0xc build/stm32l1xx_hal.o
                0x00000000080027ac                HAL_GetTick
 .text.HAL_Delay
                0x00000000080027b8       0x28 build/stm32l1xx_hal.o
                0x00000000080027b8                HAL_Delay
 .text.RCC_SetFlashLatencyFromMSIRange
                0x00000000080027e0       0x98 build/stm32l1xx_hal_rcc.o
 .text.HAL_RCC_OscConfig
                0x0000000008002878      0x50c build/stm32l1xx_hal_rcc.o
                0x0000000008002878                HAL_RCC_OscConfig
 .text.HAL_RCC_GetSysClockFreq
                0x0000000008002d84       0xa4 build/stm32l1xx_hal_rcc.o
                0x0000000008002d84                HAL_RCC_GetSysClockFreq
 .text.HAL_RCC_ClockConfig
                0x0000000008002e28      0x1dc build/stm32l1xx_hal_rcc.o
                0x0000000008002e28                HAL_RCC_ClockConfig
 .text.HAL_RCC_GetHCLKFreq
                0x0000000008003004        0xc build/stm32l1xx_hal_rcc.o
                0x0000000008003004                HAL_RCC_GetHCLKFreq
 .text.HAL_RCC_GetPCLK1Freq
                0x0000000008003010       0x20 build/stm32l1xx_hal_rcc.o
                0x0000000008003010                HAL_RCC_GetPCLK1Freq
 .text.HAL_RCC_GetClockConfig
                0x0000000008003030       0x3c build/stm32l1xx_hal_rcc.o
                0x0000000008003030                HAL_RCC_GetClockConfig
 .text.HAL_GPIO_Init
                0x000000000800306c      0x1c8 build/stm32l1xx_hal_gpio.o
                0x000000000800306c                HAL_GPIO_Init
 .text.HAL_GPIO_WritePin
                0x0000000008003234        0xc build/stm32l1xx_hal_gpio.o
                0x0000000008003234                HAL_GPIO_WritePin
 .text.HAL_NVIC_SetPriorityGrouping
                0x0000000008003240       0x24 build/stm32l1xx_hal_cortex.o
                0x0000000008003240                HAL_NVIC_SetPriorityGrouping
 .text.HAL_NVIC_SetPriority
                0x0000000008003264       0x64 build/stm32l1xx_hal_cortex.o
                0x0000000008003264                HAL_NVIC_SetPriority
 .text.HAL_NVIC_EnableIRQ
                0x00000000080032c8       0x1c build/stm32l1xx_hal_cortex.o
                0x00000000080032c8                HAL_NVIC_EnableIRQ
 .text.HAL_SPI_Init
                0x00000000080032e4       0xbe build/stm32l1xx_hal_spi.o
                0x00000000080032e4                HAL_SPI_Init
 *fill*         0x00000000080033a2        0x2 
 .text.TIM_Base_SetConfig
                0x00000000080033a4       0x88 build/stm32l1xx_hal_tim.o
 .text.HAL_TIM_Base_MspInit
                0x000000000800342c        0x2 build/stm32l1xx_hal_tim.o
                0x000000000800342c                HAL_TIM_Base_MspInit
 .text.HAL_TIM_Base_Init
                0x000000000800342e       0x46 build/stm32l1xx_hal_tim.o
                0x000000000800342e                HAL_TIM_Base_Init
 .text.HAL_TIM_Base_Start_IT
                0x0000000008003474       0x68 build/stm32l1xx_hal_tim.o
                0x0000000008003474                HAL_TIM_Base_Start_IT
 .text.HAL_TIM_OC_DelayElapsedCallback
                0x00000000080034dc        0x2 build/stm32l1xx_hal_tim.o
                0x00000000080034dc                HAL_TIM_OC_DelayElapsedCallback
 .text.HAL_TIM_IC_CaptureCallback
                0x00000000080034de        0x2 build/stm32l1xx_hal_tim.o
                0x00000000080034de                HAL_TIM_IC_CaptureCallback
 .text.HAL_TIM_PWM_PulseFinishedCallback
                0x00000000080034e0        0x2 build/stm32l1xx_hal_tim.o
                0x00000000080034e0                HAL_TIM_PWM_PulseFinishedCallback
 .text.HAL_TIM_TriggerCallback
                0x00000000080034e2        0x2 build/stm32l1xx_hal_tim.o
                0x00000000080034e2                HAL_TIM_TriggerCallback
 .text.HAL_TIM_IRQHandler
                0x00000000080034e4      0x13a build/stm32l1xx_hal_tim.o
                0x00000000080034e4                HAL_TIM_IRQHandler
 .text.SystemInit
                0x000000000800361e        0x2 build/system_stm32l1xx.o
                0x000000000800361e                SystemInit
 .text.vListInitialise
                0x0000000008003620       0x16 build/list.o
                0x0000000008003620                vListInitialise
 .text.vListInitialiseItem
                0x0000000008003636        0x6 build/list.o
                0x0000000008003636                vListInitialiseItem
 .text.vListInsertEnd
                0x000000000800363c       0x18 build/list.o
                0x000000000800363c                vListInsertEnd
 .text.vListInsert
                0x0000000008003654       0x34 build/list.o
                0x0000000008003654                vListInsert
 .text.uxListRemove
                0x0000000008003688       0x28 build/list.o
                0x0000000008003688                uxListRemove
 .text.prvIsQueueFull
                0x00000000080036b0       0x1e build/queue.o
 .text.prvIsQueueEmpty
                0x00000000080036ce       0x1a build/queue.o
 .text.prvCopyDataToQueue
                0x00000000080036e8       0x76 build/queue.o
 .text.prvCopyDataFromQueue
                0x000000000800375e       0x24 build/queue.o
 .text.prvUnlockQueue
                0x0000000008003782       0x6e build/queue.o
 .text.xQueueGenericReset
                0x00000000080037f0       0x80 build/queue.o
                0x00000000080037f0                xQueueGenericReset
 .text.prvInitialiseNewQueue
                0x0000000008003870       0x22 build/queue.o
 .text.xQueueGenericCreateStatic
                0x0000000008003892       0xa0 build/queue.o
                0x0000000008003892                xQueueGenericCreateStatic
 *fill*         0x0000000008003932        0x2 
 .text.xQueueGenericSend
                0x0000000008003934      0x188 build/queue.o
                0x0000000008003934                xQueueGenericSend
 .text.xQueueGenericSendFromISR
                0x0000000008003abc       0xde build/queue.o
                0x0000000008003abc                xQueueGenericSendFromISR
 *fill*         0x0000000008003b9a        0x2 
 .text.xQueueReceive
                0x0000000008003b9c      0x15c build/queue.o
                0x0000000008003b9c                xQueueReceive
 .text.vQueueAddToRegistry
                0x0000000008003cf8       0x28 build/queue.o
                0x0000000008003cf8                vQueueAddToRegistry
 .text.vQueueWaitForMessageRestricted
                0x0000000008003d20       0x52 build/queue.o
                0x0000000008003d20                vQueueWaitForMessageRestricted
 *fill*         0x0000000008003d72        0x2 
 .text.prvResetNextTaskUnblockTime
                0x0000000008003d74       0x34 build/tasks.o
 .text.prvInitialiseNewTask
                0x0000000008003da8       0x90 build/tasks.o
 .text.prvInitialiseTaskLists
                0x0000000008003e38       0x68 build/tasks.o
 .text.prvAddNewTaskToReadyList
                0x0000000008003ea0       0xac build/tasks.o
 .text.prvDeleteTCB
                0x0000000008003f4c       0x3a build/tasks.o
 *fill*         0x0000000008003f86        0x2 
 .text.prvCheckTasksWaitingTermination
                0x0000000008003f88       0x4c build/tasks.o
 .text.prvIdleTask
                0x0000000008003fd4       0x28 build/tasks.o
 .text.prvAddCurrentTaskToDelayedList
                0x0000000008003ffc       0x7c build/tasks.o
 .text.xTaskCreateStatic
                0x0000000008004078       0x72 build/tasks.o
                0x0000000008004078                xTaskCreateStatic
 .text.xTaskCreate
                0x00000000080040ea       0x66 build/tasks.o
                0x00000000080040ea                xTaskCreate
 .text.vTaskStartScheduler
                0x0000000008004150       0x9c build/tasks.o
                0x0000000008004150                vTaskStartScheduler
 .text.vTaskSuspendAll
                0x00000000080041ec       0x10 build/tasks.o
                0x00000000080041ec                vTaskSuspendAll
 .text.xTaskGetTickCount
                0x00000000080041fc        0xc build/tasks.o
                0x00000000080041fc                xTaskGetTickCount
 .text.xTaskIncrementTick
                0x0000000008004208      0x120 build/tasks.o
                0x0000000008004208                xTaskIncrementTick
 .text.xTaskResumeAll
                0x0000000008004328       0xfc build/tasks.o
                0x0000000008004328                xTaskResumeAll
 .text.vTaskDelay
                0x0000000008004424       0x50 build/tasks.o
                0x0000000008004424                vTaskDelay
 .text.vTaskSwitchContext
                0x0000000008004474       0x98 build/tasks.o
                0x0000000008004474                vTaskSwitchContext
 .text.vTaskPlaceOnEventList
                0x000000000800450c       0x30 build/tasks.o
                0x000000000800450c                vTaskPlaceOnEventList
 .text.vTaskPlaceOnEventListRestricted
                0x000000000800453c       0x38 build/tasks.o
                0x000000000800453c                vTaskPlaceOnEventListRestricted
 .text.xTaskRemoveFromEventList
                0x0000000008004574       0x8c build/tasks.o
                0x0000000008004574                xTaskRemoveFromEventList
 .text.vTaskInternalSetTimeOutState
                0x0000000008004600       0x18 build/tasks.o
                0x0000000008004600                vTaskInternalSetTimeOutState
 .text.xTaskCheckForTimeOut
                0x0000000008004618       0x80 build/tasks.o
                0x0000000008004618                xTaskCheckForTimeOut
 .text.vTaskMissedYield
                0x0000000008004698        0xc build/tasks.o
                0x0000000008004698                vTaskMissedYield
 .text.xTaskGetSchedulerState
                0x00000000080046a4       0x20 build/tasks.o
                0x00000000080046a4                xTaskGetSchedulerState
 .text.xTaskPriorityDisinherit
                0x00000000080046c4       0x90 build/tasks.o
                0x00000000080046c4                xTaskPriorityDisinherit
 .text.prvGetNextExpireTime
                0x0000000008004754       0x20 build/timers.o
 .text.prvInsertTimerInActiveList
                0x0000000008004774       0x48 build/timers.o
 .text.prvCheckForValidListAndQueue
                0x00000000080047bc       0x70 build/timers.o
 .text.xTimerCreateTimerTask
                0x000000000800482c       0x70 build/timers.o
                0x000000000800482c                xTimerCreateTimerTask
 .text.xTimerGenericCommand
                0x000000000800489c       0x6c build/timers.o
                0x000000000800489c                xTimerGenericCommand
 .text.prvSwitchTimerLists
                0x0000000008004908       0x78 build/timers.o
 .text.prvSampleTimeNow
                0x0000000008004980       0x2c build/timers.o
 .text.prvProcessExpiredTimer
                0x00000000080049ac       0x60 build/timers.o
 .text.prvProcessTimerOrBlockTask
                0x0000000008004a0c       0x74 build/timers.o
 .text.prvProcessReceivedCommands
                0x0000000008004a80       0xfc build/timers.o
 .text.prvTimerTask
                0x0000000008004b7c       0x16 build/timers.o
 *fill*         0x0000000008004b92        0x2 
 .text.osKernelInitialize
                0x0000000008004b94       0x44 build/cmsis_os2.o
                0x0000000008004b94                osKernelInitialize
 .text.osKernelStart
                0x0000000008004bd8       0x4c build/cmsis_os2.o
                0x0000000008004bd8                osKernelStart
 .text.osThreadNew
                0x0000000008004c24       0xec build/cmsis_os2.o
                0x0000000008004c24                osThreadNew
 .text.osDelay  0x0000000008004d10       0x44 build/cmsis_os2.o
                0x0000000008004d10                osDelay
 .text.vApplicationGetIdleTaskMemory
                0x0000000008004d54       0x18 build/cmsis_os2.o
                0x0000000008004d54                vApplicationGetIdleTaskMemory
 .text.vApplicationGetTimerTaskMemory
                0x0000000008004d6c       0x18 build/cmsis_os2.o
                0x0000000008004d6c                vApplicationGetTimerTaskMemory
 .text.prvHeapInit
                0x0000000008004d84       0x64 build/heap_4.o
 .text.prvInsertBlockIntoFreeList
                0x0000000008004de8       0x54 build/heap_4.o
 .text.pvPortMalloc
                0x0000000008004e3c      0x108 build/heap_4.o
                0x0000000008004e3c                pvPortMalloc
 .text.vPortFree
                0x0000000008004f44       0x70 build/heap_4.o
                0x0000000008004f44                vPortFree
 .text.prvTaskExitError
                0x0000000008004fb4       0x40 build/port.o
 .text.prvPortStartFirstTask
                0x0000000008004ff4       0x20 build/port.o
 .text.pxPortInitialiseStack
                0x0000000008005014       0x24 build/port.o
                0x0000000008005014                pxPortInitialiseStack
 *fill*         0x0000000008005038        0x8 
 .text.SVC_Handler
                0x0000000008005040       0x24 build/port.o
                0x0000000008005040                SVC_Handler
 .text.vPortEnterCritical
                0x0000000008005064       0x44 build/port.o
                0x0000000008005064                vPortEnterCritical
 .text.vPortExitCritical
                0x00000000080050a8       0x2c build/port.o
                0x00000000080050a8                vPortExitCritical
 *fill*         0x00000000080050d4        0xc 
 .text.PendSV_Handler
                0x00000000080050e0       0x44 build/port.o
                0x00000000080050e0                PendSV_Handler
 .text.SysTick_Handler
                0x0000000008005124       0x2c build/port.o
                0x0000000008005124                SysTick_Handler
 .text.vPortSetupTimerInterrupt
                0x0000000008005150       0x38 build/port.o
                0x0000000008005150                vPortSetupTimerInterrupt
 .text.xPortStartScheduler
                0x0000000008005188       0xb8 build/port.o
                0x0000000008005188                xPortStartScheduler
 .text.vPortValidateInterruptPriority
                0x0000000008005240       0x5c build/port.o
                0x0000000008005240                vPortValidateInterruptPriority
 .text.USBD_Init
                0x000000000800529c       0x2e build/usbd_core.o
                0x000000000800529c                USBD_Init
 .text.USBD_RegisterClass
                0x00000000080052ca        0xe build/usbd_core.o
                0x00000000080052ca                USBD_RegisterClass
 .text.USBD_Start
                0x00000000080052d8        0xa build/usbd_core.o
                0x00000000080052d8                USBD_Start
 .text.USBD_Stop
                0x00000000080052e2       0x18 build/usbd_core.o
                0x00000000080052e2                USBD_Stop
 .text.USBD_SetClassConfig
                0x00000000080052fa       0x1a build/usbd_core.o
                0x00000000080052fa                USBD_SetClassConfig
 .text.USBD_ClrClassConfig
                0x0000000008005314        0xe build/usbd_core.o
                0x0000000008005314                USBD_ClrClassConfig
 .text.USBD_LL_SetupStage
                0x0000000008005322       0x5a build/usbd_core.o
                0x0000000008005322                USBD_LL_SetupStage
 .text.USBD_LL_DataOutStage
                0x000000000800537c       0x94 build/usbd_core.o
                0x000000000800537c                USBD_LL_DataOutStage
 .text.USBD_LL_DataInStage
                0x0000000008005410       0xd4 build/usbd_core.o
                0x0000000008005410                USBD_LL_DataInStage
 .text.USBD_LL_Reset
                0x00000000080054e4       0x50 build/usbd_core.o
                0x00000000080054e4                USBD_LL_Reset
 .text.USBD_LL_SetSpeed
                0x0000000008005534        0x6 build/usbd_core.o
                0x0000000008005534                USBD_LL_SetSpeed
 .text.USBD_LL_Suspend
                0x000000000800553a       0x12 build/usbd_core.o
                0x000000000800553a                USBD_LL_Suspend
 .text.USBD_LL_Resume
                0x000000000800554c        0xc build/usbd_core.o
                0x000000000800554c                USBD_LL_Resume
 .text.USBD_LL_SOF
                0x0000000008005558       0x1c build/usbd_core.o
                0x0000000008005558                USBD_LL_SOF
 .text.USBD_GetLen
                0x0000000008005574       0x14 build/usbd_ctlreq.o
 .text.USBD_SetFeature
                0x0000000008005588       0x14 build/usbd_ctlreq.o
 .text.USBD_ParseSetupRequest
                0x000000000800559c       0x28 build/usbd_ctlreq.o
                0x000000000800559c                USBD_ParseSetupRequest
 .text.USBD_CtlError
                0x00000000080055c4       0x14 build/usbd_ctlreq.o
                0x00000000080055c4                USBD_CtlError
 .text.USBD_GetDescriptor
                0x00000000080055d8      0x146 build/usbd_ctlreq.o
 .text.USBD_SetAddress
                0x000000000800571e       0x4e build/usbd_ctlreq.o
 .text.USBD_SetConfig
                0x000000000800576c       0xb0 build/usbd_ctlreq.o
 .text.USBD_GetConfig
                0x000000000800581c       0x3c build/usbd_ctlreq.o
 .text.USBD_GetStatus
                0x0000000008005858       0x38 build/usbd_ctlreq.o
 .text.USBD_ClrFeature
                0x0000000008005890       0x26 build/usbd_ctlreq.o
 .text.USBD_StdDevReq
                0x00000000080058b6       0x68 build/usbd_ctlreq.o
                0x00000000080058b6                USBD_StdDevReq
 .text.USBD_StdItfReq
                0x000000000800591e       0x60 build/usbd_ctlreq.o
                0x000000000800591e                USBD_StdItfReq
 .text.USBD_StdEPReq
                0x000000000800597e      0x20a build/usbd_ctlreq.o
                0x000000000800597e                USBD_StdEPReq
 .text.USBD_GetString
                0x0000000008005b88       0x38 build/usbd_ctlreq.o
                0x0000000008005b88                USBD_GetString
 .text.USBD_CtlSendData
                0x0000000008005bc0       0x1a build/usbd_ioreq.o
                0x0000000008005bc0                USBD_CtlSendData
 .text.USBD_CtlContinueSendData
                0x0000000008005bda       0x10 build/usbd_ioreq.o
                0x0000000008005bda                USBD_CtlContinueSendData
 .text.USBD_CtlPrepareRx
                0x0000000008005bea       0x1e build/usbd_ioreq.o
                0x0000000008005bea                USBD_CtlPrepareRx
 .text.USBD_CtlContinueRx
                0x0000000008005c08       0x10 build/usbd_ioreq.o
                0x0000000008005c08                USBD_CtlContinueRx
 .text.USBD_CtlSendStatus
                0x0000000008005c18       0x16 build/usbd_ioreq.o
                0x0000000008005c18                USBD_CtlSendStatus
 .text.USBD_CtlReceiveStatus
                0x0000000008005c2e       0x16 build/usbd_ioreq.o
                0x0000000008005c2e                USBD_CtlReceiveStatus
 .text.USBD_DFU_GetCfgDesc
                0x0000000008005c44        0xc build/usbd_dfu.o
 .text.USBD_DFU_DataIn
                0x0000000008005c50        0x4 build/usbd_dfu.o
 .text.USBD_DFU_EP0_RxReady
                0x0000000008005c54        0x4 build/usbd_dfu.o
 .text.USBD_DFU_SOF
                0x0000000008005c58        0x4 build/usbd_dfu.o
 .text.USBD_DFU_IsoINIncomplete
                0x0000000008005c5c        0x4 build/usbd_dfu.o
 .text.USBD_DFU_IsoOutIncomplete
                0x0000000008005c60        0x4 build/usbd_dfu.o
 .text.USBD_DFU_DataOut
                0x0000000008005c64        0x4 build/usbd_dfu.o
 .text.USBD_DFU_GetDeviceQualifierDesc
                0x0000000008005c68        0xc build/usbd_dfu.o
 .text.DFU_ClearStatus
                0x0000000008005c74       0x52 build/usbd_dfu.o
 .text.DFU_Abort
                0x0000000008005cc6       0x46 build/usbd_dfu.o
 .text.USBD_DFU_GetUsrStringDesc
                0x0000000008005d0c       0x20 build/usbd_dfu.o
 .text.DFU_Leave
                0x0000000008005d2c       0x7c build/usbd_dfu.o
 .text.USBD_DFU_EP0_TxReady
                0x0000000008005da8       0xf8 build/usbd_dfu.o
 .text.DFU_Upload
                0x0000000008005ea0       0xec build/usbd_dfu.o
 .text.DFU_GetStatus
                0x0000000008005f8c       0xe0 build/usbd_dfu.o
 .text.DFU_GetState
                0x000000000800606c       0x12 build/usbd_dfu.o
 .text.DFU_Download
                0x000000000800607e       0x6c build/usbd_dfu.o
 *fill*         0x00000000080060ea        0x2 
 .text.DFU_Detach
                0x00000000080060ec       0x6c build/usbd_dfu.o
 .text.USBD_DFU_Setup
                0x0000000008006158      0x118 build/usbd_dfu.o
 .text.USBD_DFU_DeInit
                0x0000000008006270       0x44 build/usbd_dfu.o
 .text.USBD_DFU_Init
                0x00000000080062b4       0x60 build/usbd_dfu.o
 .text.USBD_DFU_RegisterMedia
                0x0000000008006314        0xa build/usbd_dfu.o
                0x0000000008006314                USBD_DFU_RegisterMedia
 *fill*         0x000000000800631e        0x2 
 .text.Reset_Handler
                0x0000000008006320       0x48 build/startup_stm32l152xe.o
                0x0000000008006320                Reset_Handler
 .text.Default_Handler
                0x0000000008006368        0x2 build/startup_stm32l152xe.o
                0x0000000008006368                RTC_Alarm_IRQHandler
                0x0000000008006368                EXTI2_IRQHandler
                0x0000000008006368                COMP_ACQ_IRQHandler
                0x0000000008006368                TIM10_IRQHandler
                0x0000000008006368                USB_HP_IRQHandler
                0x0000000008006368                TIM6_IRQHandler
                0x0000000008006368                PVD_IRQHandler
                0x0000000008006368                EXTI3_IRQHandler
                0x0000000008006368                EXTI0_IRQHandler
                0x0000000008006368                I2C2_EV_IRQHandler
                0x0000000008006368                SPI1_IRQHandler
                0x0000000008006368                USB_FS_WKUP_IRQHandler
                0x0000000008006368                DMA2_Channel2_IRQHandler
                0x0000000008006368                DMA1_Channel4_IRQHandler
                0x0000000008006368                ADC1_IRQHandler
                0x0000000008006368                USART3_IRQHandler
                0x0000000008006368                DMA1_Channel7_IRQHandler
                0x0000000008006368                LCD_IRQHandler
                0x0000000008006368                UART5_IRQHandler
                0x0000000008006368                TIM4_IRQHandler
                0x0000000008006368                DMA2_Channel1_IRQHandler
                0x0000000008006368                I2C1_EV_IRQHandler
                0x0000000008006368                DMA1_Channel6_IRQHandler
                0x0000000008006368                UART4_IRQHandler
                0x0000000008006368                DMA2_Channel4_IRQHandler
                0x0000000008006368                TIM3_IRQHandler
                0x0000000008006368                RCC_IRQHandler
                0x0000000008006368                DMA1_Channel1_IRQHandler
                0x0000000008006368                Default_Handler
                0x0000000008006368                EXTI15_10_IRQHandler
                0x0000000008006368                TIM7_IRQHandler
                0x0000000008006368                TIM5_IRQHandler
                0x0000000008006368                EXTI9_5_IRQHandler
                0x0000000008006368                TIM9_IRQHandler
                0x0000000008006368                TAMPER_STAMP_IRQHandler
                0x0000000008006368                RTC_WKUP_IRQHandler
                0x0000000008006368                SPI2_IRQHandler
                0x0000000008006368                DMA2_Channel5_IRQHandler
                0x0000000008006368                DMA1_Channel5_IRQHandler
                0x0000000008006368                EXTI4_IRQHandler
                0x0000000008006368                DMA1_Channel3_IRQHandler
                0x0000000008006368                COMP_IRQHandler
                0x0000000008006368                WWDG_IRQHandler
                0x0000000008006368                DAC_IRQHandler
                0x0000000008006368                EXTI1_IRQHandler
                0x0000000008006368                TIM11_IRQHandler
                0x0000000008006368                USART2_IRQHandler
                0x0000000008006368                I2C2_ER_IRQHandler
                0x0000000008006368                DMA1_Channel2_IRQHandler
                0x0000000008006368                FLASH_IRQHandler
                0x0000000008006368                USART1_IRQHandler
                0x0000000008006368                SPI3_IRQHandler
                0x0000000008006368                I2C1_ER_IRQHandler
                0x0000000008006368                DMA2_Channel3_IRQHandler
 *fill*         0x000000000800636a        0x2 
 .text.__libc_init_array
                0x000000000800636c       0x48 /opt/gcc4mbed/gcc-arm-none-eabi/bin/../lib/gcc/arm-none-eabi/6.3.1/../../../../arm-none-eabi/lib/thumb/v7-m/libc_nano.a(lib_a-init.o)
                0x000000000800636c                __libc_init_array
 .text.memcpy   0x00000000080063b4       0x16 /opt/gcc4mbed/gcc-arm-none-eabi/bin/../lib/gcc/arm-none-eabi/6.3.1/../../../../arm-none-eabi/lib/thumb/v7-m/libc_nano.a(lib_a-memcpy-stub.o)
                0x00000000080063b4                memcpy
 .text.memset   0x00000000080063ca       0x10 /opt/gcc4mbed/gcc-arm-none-eabi/bin/../lib/gcc/arm-none-eabi/6.3.1/../../../../arm-none-eabi/lib/thumb/v7-m/libc_nano.a(lib_a-memset.o)
                0x00000000080063ca                memset
 *(.glue_7)
 .glue_7        0x00000000080063da        0x0 linker stubs
 *(.glue_7t)
 .glue_7t       0x00000000080063da        0x0 linker stubs
 *(.eh_frame)
 *fill*         0x00000000080063da        0x2 
 .eh_frame      0x00000000080063dc        0x0 /opt/gcc4mbed/gcc-arm-none-eabi/bin/../lib/gcc/arm-none-eabi/6.3.1/thumb/v7-m/crtbegin.o
 *(.init)
 .init          0x00000000080063dc        0x4 /opt/gcc4mbed/gcc-arm-none-eabi/bin/../lib/gcc/arm-none-eabi/6.3.1/thumb/v7-m/crti.o
                0x00000000080063dc                _init
 .init          0x00000000080063e0        0x8 /opt/gcc4mbed/gcc-arm-none-eabi/bin/../lib/gcc/arm-none-eabi/6.3.1/thumb/v7-m/crtn.o
 *(.fini)
 .fini          0x00000000080063e8        0x4 /opt/gcc4mbed/gcc-arm-none-eabi/bin/../lib/gcc/arm-none-eabi/6.3.1/thumb/v7-m/crti.o
                0x00000000080063e8                _fini
 .fini          0x00000000080063ec        0x8 /opt/gcc4mbed/gcc-arm-none-eabi/bin/../lib/gcc/arm-none-eabi/6.3.1/thumb/v7-m/crtn.o
                0x00000000080063f4                . = ALIGN (0x4)
                0x00000000080063f4                _etext = .

.vfp11_veneer   0x00000000080063f4        0x0
 .vfp11_veneer  0x00000000080063f4        0x0 linker stubs

.v4_bx          0x00000000080063f4        0x0
 .v4_bx         0x00000000080063f4        0x0 linker stubs

.iplt           0x00000000080063f4        0x0
 .iplt          0x00000000080063f4        0x0 /opt/gcc4mbed/gcc-arm-none-eabi/bin/../lib/gcc/arm-none-eabi/6.3.1/thumb/v7-m/crtbegin.o

.rodata         0x00000000080063f4      0x11c
                0x00000000080063f4                . = ALIGN (0x4)
 *(.rodata)
 *(.rodata*)
 .rodata.defaultTask_attributes
                0x00000000080063f4       0x24 build/main.o
                0x00000000080063f4                defaultTask_attributes
 .rodata.str1.4
                0x0000000008006418        0xc build/main.o
 .rodata.USBD_FS_ConfigStrDescriptor.str1.4
                0x0000000008006424        0xb build/usbd_desc.o
 *fill*         0x000000000800642f        0x1 
 .rodata.USBD_FS_InterfaceStrDescriptor.str1.4
                0x0000000008006430        0xe build/usbd_desc.o
 *fill*         0x000000000800643e        0x2 
 .rodata.USBD_FS_ManufacturerStrDescriptor.str1.4
                0x0000000008006440       0x13 build/usbd_desc.o
 *fill*         0x0000000008006453        0x1 
 .rodata.USBD_FS_ProductStrDescriptor.str1.4
                0x0000000008006454       0x1f build/usbd_desc.o
 *fill*         0x0000000008006473        0x1 
 .rodata.str1.4
                0x0000000008006474       0x5d build/usbd_dfu_if.o
 *fill*         0x00000000080064d1        0x3 
 .rodata.AHBPrescTable
                0x00000000080064d4       0x10 build/system_stm32l1xx.o
                0x00000000080064d4                AHBPrescTable
 .rodata.APBPrescTable
                0x00000000080064e4        0x8 build/system_stm32l1xx.o
                0x00000000080064e4                APBPrescTable
 .rodata.PLLMulTable
                0x00000000080064ec        0x9 build/system_stm32l1xx.o
                0x00000000080064ec                PLLMulTable
 *fill*         0x00000000080064f5        0x3 
 .rodata.vTaskStartScheduler.str1.4
                0x00000000080064f8        0x5 build/tasks.o
 *fill*         0x00000000080064fd        0x3 
 .rodata.prvCheckForValidListAndQueue.str1.4
                0x0000000008006500        0x5 build/timers.o
 *fill*         0x0000000008006505        0x3 
 .rodata.xTimerCreateTimerTask.str1.4
                0x0000000008006508        0x8 build/timers.o
                0x0000000008006510                . = ALIGN (0x4)

.ARM.extab
 *(.ARM.extab* .gnu.linkonce.armextab.*)

.ARM            0x0000000008006510        0x8
                0x0000000008006510                __exidx_start = .
 *(.ARM.exidx*)
 .ARM.exidx     0x0000000008006510        0x8 /opt/gcc4mbed/gcc-arm-none-eabi/bin/../lib/gcc/arm-none-eabi/6.3.1/thumb/v7-m/libgcc.a(_udivmoddi4.o)
                0x0000000008006518                __exidx_end = .

.rel.dyn        0x0000000008006518        0x0
 .rel.iplt      0x0000000008006518        0x0 /opt/gcc4mbed/gcc-arm-none-eabi/bin/../lib/gcc/arm-none-eabi/6.3.1/thumb/v7-m/crtbegin.o

.preinit_array  0x0000000008006518        0x0
                0x0000000008006518                PROVIDE (__preinit_array_start, .)
 *(.preinit_array*)
                0x0000000008006518                PROVIDE (__preinit_array_end, .)

.init_array     0x0000000008006518        0x4
                0x0000000008006518                PROVIDE (__init_array_start, .)
 *(SORT(.init_array.*))
 *(.init_array*)
 .init_array    0x0000000008006518        0x4 /opt/gcc4mbed/gcc-arm-none-eabi/bin/../lib/gcc/arm-none-eabi/6.3.1/thumb/v7-m/crtbegin.o
                0x000000000800651c                PROVIDE (__init_array_end, .)

.fini_array     0x000000000800651c        0x4
                [!provide]                        PROVIDE (__fini_array_start, .)
 *(SORT(.fini_array.*))
 *(.fini_array*)
 .fini_array    0x000000000800651c        0x4 /opt/gcc4mbed/gcc-arm-none-eabi/bin/../lib/gcc/arm-none-eabi/6.3.1/thumb/v7-m/crtbegin.o
                [!provide]                        PROVIDE (__fini_array_end, .)
                0x0000000008006520                _sidata = LOADADDR (.data)

.data           0x0000000020000000       0xe0 load address 0x0000000008006520
                0x0000000020000000                . = ALIGN (0x4)
                0x0000000020000000                _sdata = .
 *(.data)
 *(.data*)
 .data.FS_Desc  0x0000000020000000       0x1c build/usbd_desc.o
                0x0000000020000000                FS_Desc
 .data.USBD_FS_DeviceDesc
                0x000000002000001c       0x12 build/usbd_desc.o
                0x000000002000001c                USBD_FS_DeviceDesc
 *fill*         0x000000002000002e        0x2 
 .data.USBD_LangIDDesc
                0x0000000020000030        0x4 build/usbd_desc.o
                0x0000000020000030                USBD_LangIDDesc
 .data.USBD_StringSerial
                0x0000000020000034       0x1a build/usbd_desc.o
                0x0000000020000034                USBD_StringSerial
 *fill*         0x000000002000004e        0x2 
 .data.USBD_DFU_fops_FS
                0x0000000020000050       0x1c build/usbd_dfu_if.o
                0x0000000020000050                USBD_DFU_fops_FS
 .data.uwTickFreq
                0x000000002000006c        0x4 build/stm32l1xx_hal.o
                0x000000002000006c                uwTickFreq
 .data.uwTickPrio
                0x0000000020000070        0x4 build/stm32l1xx_hal.o
                0x0000000020000070                uwTickPrio
 .data.SystemCoreClock
                0x0000000020000074        0x4 build/system_stm32l1xx.o
                0x0000000020000074                SystemCoreClock
 .data.uxCriticalNesting
                0x0000000020000078        0x4 build/port.o
 .data.USBD_DFU
                0x000000002000007c       0x3c build/usbd_dfu.o
                0x000000002000007c                USBD_DFU
 .data.USBD_DFU_CfgDesc
                0x00000000200000b8       0x1b build/usbd_dfu.o
 *fill*         0x00000000200000d3        0x1 
 .data.USBD_DFU_DeviceQualifierDesc
                0x00000000200000d4        0xa build/usbd_dfu.o
                0x00000000200000e0                . = ALIGN (0x4)
 *fill*         0x00000000200000de        0x2 
                0x00000000200000e0                _edata = .

.jcr            0x00000000200000e0        0x0 load address 0x0000000008006600
 .jcr           0x00000000200000e0        0x0 /opt/gcc4mbed/gcc-arm-none-eabi/bin/../lib/gcc/arm-none-eabi/6.3.1/thumb/v7-m/crtbegin.o

.igot.plt       0x00000000200000e0        0x0 load address 0x0000000008006600
 .igot.plt      0x00000000200000e0        0x0 /opt/gcc4mbed/gcc-arm-none-eabi/bin/../lib/gcc/arm-none-eabi/6.3.1/thumb/v7-m/crtbegin.o
                0x00000000200000e0                . = ALIGN (0x4)

.bss            0x00000000200000e0     0x26ac load address 0x0000000008006600
                0x00000000200000e0                _sbss = .
                0x00000000200000e0                __bss_start__ = _sbss
 *(.bss)
 .bss           0x00000000200000e0       0x1c /opt/gcc4mbed/gcc-arm-none-eabi/bin/../lib/gcc/arm-none-eabi/6.3.1/thumb/v7-m/crtbegin.o
 *(.bss*)
 .bss.mem.8340  0x00000000200000fc      0x420 build/usbd_conf.o
 .bss.pxCurrentTCB
                0x000000002000051c        0x4 build/tasks.o
                0x000000002000051c                pxCurrentTCB
 .bss.pxDelayedTaskList
                0x0000000020000520        0x4 build/tasks.o
 .bss.pxOverflowDelayedTaskList
                0x0000000020000524        0x4 build/tasks.o
 .bss.pxReadyTasksLists
                0x0000000020000528      0x460 build/tasks.o
 .bss.uxCurrentNumberOfTasks
                0x0000000020000988        0x4 build/tasks.o
 .bss.uxDeletedTasksWaitingCleanUp
                0x000000002000098c        0x4 build/tasks.o
 .bss.uxPendedTicks
                0x0000000020000990        0x4 build/tasks.o
 .bss.uxSchedulerSuspended
                0x0000000020000994        0x4 build/tasks.o
 .bss.uxTaskNumber
                0x0000000020000998        0x4 build/tasks.o
 .bss.uxTopReadyPriority
                0x000000002000099c        0x4 build/tasks.o
 .bss.xDelayedTaskList1
                0x00000000200009a0       0x14 build/tasks.o
 .bss.xDelayedTaskList2
                0x00000000200009b4       0x14 build/tasks.o
 .bss.xNextTaskUnblockTime
                0x00000000200009c8        0x4 build/tasks.o
 .bss.xNumOfOverflows
                0x00000000200009cc        0x4 build/tasks.o
 .bss.xPendingReadyList
                0x00000000200009d0       0x14 build/tasks.o
 .bss.xSchedulerRunning
                0x00000000200009e4        0x4 build/tasks.o
 .bss.xSuspendedTaskList
                0x00000000200009e8       0x14 build/tasks.o
 .bss.xTasksWaitingTermination
                0x00000000200009fc       0x14 build/tasks.o
 .bss.xTickCount
                0x0000000020000a10        0x4 build/tasks.o
 .bss.xYieldPending
                0x0000000020000a14        0x4 build/tasks.o
 .bss.pxCurrentTimerList
                0x0000000020000a18        0x4 build/timers.o
 .bss.pxOverflowTimerList
                0x0000000020000a1c        0x4 build/timers.o
 .bss.ucStaticTimerQueueStorage.5526
                0x0000000020000a20       0xa0 build/timers.o
 .bss.xActiveTimerList1
                0x0000000020000ac0       0x14 build/timers.o
 .bss.xActiveTimerList2
                0x0000000020000ad4       0x14 build/timers.o
 .bss.xLastTime.5475
                0x0000000020000ae8        0x4 build/timers.o
 .bss.xStaticTimerQueue.5525
                0x0000000020000aec       0x50 build/timers.o
 .bss.xTimerQueue
                0x0000000020000b3c        0x4 build/timers.o
 .bss.xTimerTaskHandle
                0x0000000020000b40        0x4 build/timers.o
 .bss.Idle_Stack
                0x0000000020000b44      0x200 build/cmsis_os2.o
 .bss.Idle_TCB  0x0000000020000d44       0x5c build/cmsis_os2.o
 .bss.KernelState
                0x0000000020000da0        0x4 build/cmsis_os2.o
 .bss.Timer_Stack
                0x0000000020000da4      0x400 build/cmsis_os2.o
 .bss.Timer_TCB
                0x00000000200011a4       0x5c build/cmsis_os2.o
 .bss.pxEnd     0x0000000020001200        0x4 build/heap_4.o
 .bss.ucHeap    0x0000000020001204      0xc00 build/heap_4.o
 .bss.xBlockAllocatedBit
                0x0000000020001e04        0x4 build/heap_4.o
 .bss.xFreeBytesRemaining
                0x0000000020001e08        0x4 build/heap_4.o
 .bss.xMinimumEverFreeBytesRemaining
                0x0000000020001e0c        0x4 build/heap_4.o
 .bss.xStart    0x0000000020001e10        0x8 build/heap_4.o
 .bss.ucMaxSysCallPriority
                0x0000000020001e18        0x1 build/port.o
 *fill*         0x0000000020001e19        0x3 
 .bss.ulMaxPRIGROUPValue
                0x0000000020001e1c        0x4 build/port.o
 .bss.cfgidx.8265
                0x0000000020001e20        0x1 build/usbd_ctlreq.o
 *fill*         0x0000000020001e21        0x3 
 .bss.USBD_StrDesc.8333
                0x0000000020001e24       0xff build/usbd_dfu.o
 *(COMMON)
 *fill*         0x0000000020001f23        0x1 
 COMMON         0x0000000020001f24       0x5c build/main.o
                0x0000000020001f24                defaultTaskHandle
                0x0000000020001f28                hspi1
 COMMON         0x0000000020001f80       0x40 build/stm32l1xx_hal_timebase_tim.o
                0x0000000020001f80                htim2
 COMMON         0x0000000020001fc0      0x29c build/usb_device.o
                0x0000000020001fc0                hUsbDeviceFS
 COMMON         0x000000002000225c      0x200 build/usbd_desc.o
                0x000000002000225c                USBD_StrDesc
 COMMON         0x000000002000245c      0x2ec build/usbd_conf.o
                0x000000002000245c                hpcd_USB_FS
 COMMON         0x0000000020002748        0x4 build/stm32l1xx_hal.o
                0x0000000020002748                uwTick
 COMMON         0x000000002000274c       0x40 build/queue.o
                0x000000002000274c                xQueueRegistry
                0x000000002000278c                . = ALIGN (0x4)
                0x000000002000278c                _ebss = .
                0x000000002000278c                __bss_end__ = _ebss

._user_heap_stack
                0x000000002000278c      0x604 load address 0x0000000008006600
                0x0000000020002790                . = ALIGN (0x8)
 *fill*         0x000000002000278c        0x4 
                [!provide]                        PROVIDE (end, .)
                [!provide]                        PROVIDE (_end, .)
                0x0000000020002990                . = (. + _Min_Heap_Size)
 *fill*         0x0000000020002790      0x200 
                0x0000000020002d90                . = (. + _Min_Stack_Size)
 *fill*         0x0000000020002990      0x400 
                0x0000000020002d90                . = ALIGN (0x8)

/DISCARD/
 libc.a(*)
 libm.a(*)
 libgcc.a(*)

.ARM.attributes
                0x0000000000000000       0x29
 *(.ARM.attributes)
 .ARM.attributes
                0x0000000000000000       0x1d /opt/gcc4mbed/gcc-arm-none-eabi/bin/../lib/gcc/arm-none-eabi/6.3.1/thumb/v7-m/crti.o
 .ARM.attributes
                0x000000000000001d       0x2d /opt/gcc4mbed/gcc-arm-none-eabi/bin/../lib/gcc/arm-none-eabi/6.3.1/thumb/v7-m/crtbegin.o
 .ARM.attributes
                0x000000000000004a       0x33 build/main.o
 .ARM.attributes
                0x000000000000007d       0x33 build/stm32l1xx_it.o
 .ARM.attributes
                0x00000000000000b0       0x33 build/stm32l1xx_hal_msp.o
 .ARM.attributes
                0x00000000000000e3       0x33 build/stm32l1xx_hal_timebase_tim.o
 .ARM.attributes
                0x0000000000000116       0x33 build/usb_device.o
 .ARM.attributes
                0x0000000000000149       0x33 build/usbd_desc.o
 .ARM.attributes
                0x000000000000017c       0x33 build/usbd_dfu_if.o
 .ARM.attributes
                0x00000000000001af       0x33 build/usbd_conf.o
 .ARM.attributes
                0x00000000000001e2       0x33 build/stm32l1xx_hal_pcd.o
 .ARM.attributes
                0x0000000000000215       0x33 build/stm32l1xx_hal_pcd_ex.o
 .ARM.attributes
                0x0000000000000248       0x33 build/stm32l1xx_ll_usb.o
 .ARM.attributes
                0x000000000000027b       0x33 build/stm32l1xx_hal.o
 .ARM.attributes
                0x00000000000002ae       0x33 build/stm32l1xx_hal_rcc.o
 .ARM.attributes
                0x00000000000002e1       0x33 build/stm32l1xx_hal_gpio.o
 .ARM.attributes
                0x0000000000000314       0x33 build/stm32l1xx_hal_cortex.o
 .ARM.attributes
                0x0000000000000347       0x33 build/stm32l1xx_hal_spi.o
 .ARM.attributes
                0x000000000000037a       0x33 build/stm32l1xx_hal_tim.o
 .ARM.attributes
                0x00000000000003ad       0x33 build/system_stm32l1xx.o
 .ARM.attributes
                0x00000000000003e0       0x33 build/list.o
 .ARM.attributes
                0x0000000000000413       0x33 build/queue.o
 .ARM.attributes
                0x0000000000000446       0x33 build/tasks.o
 .ARM.attributes
                0x0000000000000479       0x33 build/timers.o
 .ARM.attributes
                0x00000000000004ac       0x33 build/cmsis_os2.o
 .ARM.attributes
                0x00000000000004df       0x33 build/heap_4.o
 .ARM.attributes
                0x0000000000000512       0x33 build/port.o
 .ARM.attributes
                0x0000000000000545       0x33 build/usbd_core.o
 .ARM.attributes
                0x0000000000000578       0x33 build/usbd_ctlreq.o
 .ARM.attributes
                0x00000000000005ab       0x33 build/usbd_ioreq.o
 .ARM.attributes
                0x00000000000005de       0x33 build/usbd_dfu.o
 .ARM.attributes
                0x0000000000000611       0x21 build/startup_stm32l152xe.o
 .ARM.attributes
                0x0000000000000632       0x2d /opt/gcc4mbed/gcc-arm-none-eabi/bin/../lib/gcc/arm-none-eabi/6.3.1/../../../../arm-none-eabi/lib/thumb/v7-m/libc_nano.a(lib_a-init.o)
 .ARM.attributes
                0x000000000000065f       0x2d /opt/gcc4mbed/gcc-arm-none-eabi/bin/../lib/gcc/arm-none-eabi/6.3.1/../../../../arm-none-eabi/lib/thumb/v7-m/libc_nano.a(lib_a-memcpy-stub.o)
 .ARM.attributes
                0x000000000000068c       0x2d /opt/gcc4mbed/gcc-arm-none-eabi/bin/../lib/gcc/arm-none-eabi/6.3.1/../../../../arm-none-eabi/lib/thumb/v7-m/libc_nano.a(lib_a-memset.o)
 .ARM.attributes
                0x00000000000006b9       0x1d /opt/gcc4mbed/gcc-arm-none-eabi/bin/../lib/gcc/arm-none-eabi/6.3.1/thumb/v7-m/libgcc.a(_aeabi_uldivmod.o)
 .ARM.attributes
                0x00000000000006d6       0x2d /opt/gcc4mbed/gcc-arm-none-eabi/bin/../lib/gcc/arm-none-eabi/6.3.1/thumb/v7-m/libgcc.a(_udivmoddi4.o)
 .ARM.attributes
                0x0000000000000703       0x1d /opt/gcc4mbed/gcc-arm-none-eabi/bin/../lib/gcc/arm-none-eabi/6.3.1/thumb/v7-m/libgcc.a(_dvmd_tls.o)
 .ARM.attributes
                0x0000000000000720       0x1d /opt/gcc4mbed/gcc-arm-none-eabi/bin/../lib/gcc/arm-none-eabi/6.3.1/thumb/v7-m/crtn.o
OUTPUT(build/HeliosSoftwareDev.elf elf32-littlearm)

.debug_info     0x0000000000000000    0x2a960
 .debug_info    0x0000000000000000     0x1cb4 build/main.o
 .debug_info    0x0000000000001cb4      0xcb0 build/stm32l1xx_it.o
 .debug_info    0x0000000000002964      0xb8d build/stm32l1xx_hal_msp.o
 .debug_info    0x00000000000034f1      0xb86 build/stm32l1xx_hal_timebase_tim.o
 .debug_info    0x0000000000004077     0x113c build/usb_device.o
 .debug_info    0x00000000000051b3      0xf8d build/usbd_desc.o
 .debug_info    0x0000000000006140     0x1184 build/usbd_dfu_if.o
 .debug_info    0x00000000000072c4     0x2583 build/usbd_conf.o
 .debug_info    0x0000000000009847     0x198d build/stm32l1xx_hal_pcd.o
 .debug_info    0x000000000000b1d4      0x807 build/stm32l1xx_hal_pcd_ex.o
 .debug_info    0x000000000000b9db     0x1866 build/stm32l1xx_ll_usb.o
 .debug_info    0x000000000000d241      0x888 build/stm32l1xx_hal.o
 .debug_info    0x000000000000dac9      0xc3e build/stm32l1xx_hal_rcc.o
 .debug_info    0x000000000000e707      0x73a build/stm32l1xx_hal_gpio.o
 .debug_info    0x000000000000ee41      0xfd6 build/stm32l1xx_hal_cortex.o
 .debug_info    0x000000000000fe17     0x1d76 build/stm32l1xx_hal_spi.o
 .debug_info    0x0000000000011b8d     0x36aa build/stm32l1xx_hal_tim.o
 .debug_info    0x0000000000015237      0x30f build/system_stm32l1xx.o
 .debug_info    0x0000000000015546      0xbe8 build/list.o
 .debug_info    0x000000000001612e     0x2e8d build/queue.o
 .debug_info    0x0000000000018fbb     0x36c1 build/tasks.o
 .debug_info    0x000000000001c67c     0x217e build/timers.o
 .debug_info    0x000000000001e7fa     0x4e4e build/cmsis_os2.o
 .debug_info    0x0000000000023648      0xd82 build/heap_4.o
 .debug_info    0x00000000000243ca      0x54c build/port.o
 .debug_info    0x0000000000024916     0x174b build/usbd_core.o
 .debug_info    0x0000000000026061     0x19dc build/usbd_ctlreq.o
 .debug_info    0x0000000000027a3d     0x11ea build/usbd_ioreq.o
 .debug_info    0x0000000000028c27     0x1cb7 build/usbd_dfu.o
 .debug_info    0x000000000002a8de       0x82 build/startup_stm32l152xe.o

.debug_abbrev   0x0000000000000000     0x4caf
 .debug_abbrev  0x0000000000000000      0x2fd build/main.o
 .debug_abbrev  0x00000000000002fd      0x190 build/stm32l1xx_it.o
 .debug_abbrev  0x000000000000048d      0x19a build/stm32l1xx_hal_msp.o
 .debug_abbrev  0x0000000000000627      0x1ec build/stm32l1xx_hal_timebase_tim.o
 .debug_abbrev  0x0000000000000813      0x1fc build/usb_device.o
 .debug_abbrev  0x0000000000000a0f      0x2de build/usbd_desc.o
 .debug_abbrev  0x0000000000000ced      0x207 build/usbd_dfu_if.o
 .debug_abbrev  0x0000000000000ef4      0x361 build/usbd_conf.o
 .debug_abbrev  0x0000000000001255      0x2de build/stm32l1xx_hal_pcd.o
 .debug_abbrev  0x0000000000001533      0x185 build/stm32l1xx_hal_pcd_ex.o
 .debug_abbrev  0x00000000000016b8      0x2e0 build/stm32l1xx_ll_usb.o
 .debug_abbrev  0x0000000000001998      0x225 build/stm32l1xx_hal.o
 .debug_abbrev  0x0000000000001bbd      0x294 build/stm32l1xx_hal_rcc.o
 .debug_abbrev  0x0000000000001e51      0x21a build/stm32l1xx_hal_gpio.o
 .debug_abbrev  0x000000000000206b      0x33b build/stm32l1xx_hal_cortex.o
 .debug_abbrev  0x00000000000023a6      0x284 build/stm32l1xx_hal_spi.o
 .debug_abbrev  0x000000000000262a      0x270 build/stm32l1xx_hal_tim.o
 .debug_abbrev  0x000000000000289a      0x110 build/system_stm32l1xx.o
 .debug_abbrev  0x00000000000029aa      0x21e build/list.o
 .debug_abbrev  0x0000000000002bc8      0x3fc build/queue.o
 .debug_abbrev  0x0000000000002fc4      0x3f1 build/tasks.o
 .debug_abbrev  0x00000000000033b5      0x386 build/timers.o
 .debug_abbrev  0x000000000000373b      0x448 build/cmsis_os2.o
 .debug_abbrev  0x0000000000003b83      0x312 build/heap_4.o
 .debug_abbrev  0x0000000000003e95      0x257 build/port.o
 .debug_abbrev  0x00000000000040ec      0x2e0 build/usbd_core.o
 .debug_abbrev  0x00000000000043cc      0x323 build/usbd_ctlreq.o
 .debug_abbrev  0x00000000000046ef      0x1f5 build/usbd_ioreq.o
 .debug_abbrev  0x00000000000048e4      0x3b9 build/usbd_dfu.o
 .debug_abbrev  0x0000000000004c9d       0x12 build/startup_stm32l152xe.o

.debug_loc      0x0000000000000000    0x18c11
 .debug_loc     0x0000000000000000      0x15a build/main.o
 .debug_loc     0x000000000000015a       0x40 build/stm32l1xx_it.o
 .debug_loc     0x000000000000019a      0x110 build/stm32l1xx_hal_msp.o
 .debug_loc     0x00000000000002aa       0xbd build/stm32l1xx_hal_timebase_tim.o
 .debug_loc     0x0000000000000367       0x20 build/usb_device.o
 .debug_loc     0x0000000000000387      0x3fa build/usbd_desc.o
 .debug_loc     0x0000000000000781       0x84 build/usbd_dfu_if.o
 .debug_loc     0x0000000000000805      0xdb3 build/usbd_conf.o
 .debug_loc     0x00000000000015b8     0x13a5 build/stm32l1xx_hal_pcd.o
 .debug_loc     0x000000000000295d      0x122 build/stm32l1xx_hal_pcd_ex.o
 .debug_loc     0x0000000000002a7f     0x183d build/stm32l1xx_ll_usb.o
 .debug_loc     0x00000000000042bc      0x21c build/stm32l1xx_hal.o
 .debug_loc     0x00000000000044d8      0x6ef build/stm32l1xx_hal_rcc.o
 .debug_loc     0x0000000000004bc7      0x3fa build/stm32l1xx_hal_gpio.o
 .debug_loc     0x0000000000004fc1      0x6a6 build/stm32l1xx_hal_cortex.o
 .debug_loc     0x0000000000005667     0x21f0 build/stm32l1xx_hal_spi.o
 .debug_loc     0x0000000000007857     0x4baf build/stm32l1xx_hal_tim.o
 .debug_loc     0x000000000000c406      0x18f build/system_stm32l1xx.o
 .debug_loc     0x000000000000c595       0x9c build/list.o
 .debug_loc     0x000000000000c631     0x1a04 build/queue.o
 .debug_loc     0x000000000000e035     0x244a build/tasks.o
 .debug_loc     0x000000000001047f      0xf91 build/timers.o
 .debug_loc     0x0000000000011410     0x4a73 build/cmsis_os2.o
 .debug_loc     0x0000000000015e83      0x324 build/heap_4.o
 .debug_loc     0x00000000000161a7      0x152 build/port.o
 .debug_loc     0x00000000000162f9      0x89f build/usbd_core.o
 .debug_loc     0x0000000000016b98     0x1002 build/usbd_ctlreq.o
 .debug_loc     0x0000000000017b9a      0x31c build/usbd_ioreq.o
 .debug_loc     0x0000000000017eb6      0xd5b build/usbd_dfu.o

.debug_aranges  0x0000000000000000     0x1720
 .debug_aranges
                0x0000000000000000       0x50 build/main.o
 .debug_aranges
                0x0000000000000050       0x58 build/stm32l1xx_it.o
 .debug_aranges
                0x00000000000000a8       0x30 build/stm32l1xx_hal_msp.o
 .debug_aranges
                0x00000000000000d8       0x30 build/stm32l1xx_hal_timebase_tim.o
 .debug_aranges
                0x0000000000000108       0x20 build/usb_device.o
 .debug_aranges
                0x0000000000000128       0x60 build/usbd_desc.o
 .debug_aranges
                0x0000000000000188       0x48 build/usbd_dfu_if.o
 .debug_aranges
                0x00000000000001d0      0x118 build/usbd_conf.o
 .debug_aranges
                0x00000000000002e8      0x138 build/stm32l1xx_hal_pcd.o
 .debug_aranges
                0x0000000000000420       0x38 build/stm32l1xx_hal_pcd_ex.o
 .debug_aranges
                0x0000000000000458       0xb0 build/stm32l1xx_ll_usb.o
 .debug_aranges
                0x0000000000000508       0xe0 build/stm32l1xx_hal.o
 .debug_aranges
                0x00000000000005e8       0x90 build/stm32l1xx_hal_rcc.o
 .debug_aranges
                0x0000000000000678       0x58 build/stm32l1xx_hal_gpio.o
 .debug_aranges
                0x00000000000006d0       0xa8 build/stm32l1xx_hal_cortex.o
 .debug_aranges
                0x0000000000000778      0x1d0 build/stm32l1xx_hal_spi.o
 .debug_aranges
                0x0000000000000948      0x3d0 build/stm32l1xx_hal_tim.o
 .debug_aranges
                0x0000000000000d18       0x28 build/system_stm32l1xx.o
 .debug_aranges
                0x0000000000000d40       0x40 build/list.o
 .debug_aranges
                0x0000000000000d80      0x158 build/queue.o
 .debug_aranges
                0x0000000000000ed8      0x1f8 build/tasks.o
 .debug_aranges
                0x00000000000010d0       0xe0 build/timers.o
 .debug_aranges
                0x00000000000011b0      0x228 build/cmsis_os2.o
 .debug_aranges
                0x00000000000013d8       0x50 build/heap_4.o
 .debug_aranges
                0x0000000000001428       0x78 build/port.o
 .debug_aranges
                0x00000000000014a0       0xb8 build/usbd_core.o
 .debug_aranges
                0x0000000000001558       0x88 build/usbd_ctlreq.o
 .debug_aranges
                0x00000000000015e0       0x50 build/usbd_ioreq.o
 .debug_aranges
                0x0000000000001630       0xc8 build/usbd_dfu.o
 .debug_aranges
                0x00000000000016f8       0x28 build/startup_stm32l152xe.o

.debug_ranges   0x0000000000000000     0x1b78
 .debug_ranges  0x0000000000000000       0x40 build/main.o
 .debug_ranges  0x0000000000000040       0x48 build/stm32l1xx_it.o
 .debug_ranges  0x0000000000000088       0x20 build/stm32l1xx_hal_msp.o
 .debug_ranges  0x00000000000000a8       0x20 build/stm32l1xx_hal_timebase_tim.o
 .debug_ranges  0x00000000000000c8       0x10 build/usb_device.o
 .debug_ranges  0x00000000000000d8       0x50 build/usbd_desc.o
 .debug_ranges  0x0000000000000128       0x38 build/usbd_dfu_if.o
 .debug_ranges  0x0000000000000160      0x108 build/usbd_conf.o
 .debug_ranges  0x0000000000000268      0x208 build/stm32l1xx_hal_pcd.o
 .debug_ranges  0x0000000000000470       0x28 build/stm32l1xx_hal_pcd_ex.o
 .debug_ranges  0x0000000000000498      0x360 build/stm32l1xx_ll_usb.o
 .debug_ranges  0x00000000000007f8       0xd0 build/stm32l1xx_hal.o
 .debug_ranges  0x00000000000008c8       0x98 build/stm32l1xx_hal_rcc.o
 .debug_ranges  0x0000000000000960       0x48 build/stm32l1xx_hal_gpio.o
 .debug_ranges  0x00000000000009a8       0xf8 build/stm32l1xx_hal_cortex.o
 .debug_ranges  0x0000000000000aa0      0x1c0 build/stm32l1xx_hal_spi.o
 .debug_ranges  0x0000000000000c60      0x3c0 build/stm32l1xx_hal_tim.o
 .debug_ranges  0x0000000000001020       0x18 build/system_stm32l1xx.o
 .debug_ranges  0x0000000000001038       0x30 build/list.o
 .debug_ranges  0x0000000000001068      0x238 build/queue.o
 .debug_ranges  0x00000000000012a0      0x310 build/tasks.o
 .debug_ranges  0x00000000000015b0       0xd0 build/timers.o
 .debug_ranges  0x0000000000001680      0x218 build/cmsis_os2.o
 .debug_ranges  0x0000000000001898       0x40 build/heap_4.o
 .debug_ranges  0x00000000000018d8       0x68 build/port.o
 .debug_ranges  0x0000000000001940       0xa8 build/usbd_core.o
 .debug_ranges  0x00000000000019e8       0x78 build/usbd_ctlreq.o
 .debug_ranges  0x0000000000001a60       0x40 build/usbd_ioreq.o
 .debug_ranges  0x0000000000001aa0       0xb8 build/usbd_dfu.o
 .debug_ranges  0x0000000000001b58       0x20 build/startup_stm32l152xe.o

.debug_line     0x0000000000000000     0xb590
 .debug_line    0x0000000000000000      0x3ee build/main.o
 .debug_line    0x00000000000003ee      0x26f build/stm32l1xx_it.o
 .debug_line    0x000000000000065d      0x23d build/stm32l1xx_hal_msp.o
 .debug_line    0x000000000000089a      0x23e build/stm32l1xx_hal_timebase_tim.o
 .debug_line    0x0000000000000ad8      0x300 build/usb_device.o
 .debug_line    0x0000000000000dd8      0x34b build/usbd_desc.o
 .debug_line    0x0000000000001123      0x31d build/usbd_dfu_if.o
 .debug_line    0x0000000000001440      0x5af build/usbd_conf.o
 .debug_line    0x00000000000019ef      0x850 build/stm32l1xx_hal_pcd.o
 .debug_line    0x000000000000223f      0x22c build/stm32l1xx_hal_pcd_ex.o
 .debug_line    0x000000000000246b      0x7d1 build/stm32l1xx_ll_usb.o
 .debug_line    0x0000000000002c3c      0x3a4 build/stm32l1xx_hal.o
 .debug_line    0x0000000000002fe0      0x54c build/stm32l1xx_hal_rcc.o
 .debug_line    0x000000000000352c      0x33f build/stm32l1xx_hal_gpio.o
 .debug_line    0x000000000000386b      0x3f8 build/stm32l1xx_hal_cortex.o
 .debug_line    0x0000000000003c63      0xc3d build/stm32l1xx_hal_spi.o
 .debug_line    0x00000000000048a0     0x18fa build/stm32l1xx_hal_tim.o
 .debug_line    0x000000000000619a      0x1b7 build/system_stm32l1xx.o
 .debug_line    0x0000000000006351      0x2c3 build/list.o
 .debug_line    0x0000000000006614      0xae3 build/queue.o
 .debug_line    0x00000000000070f7      0xe84 build/tasks.o
 .debug_line    0x0000000000007f7b      0x5bf build/timers.o
 .debug_line    0x000000000000853a     0x1559 build/cmsis_os2.o
 .debug_line    0x0000000000009a93      0x36b build/heap_4.o
 .debug_line    0x0000000000009dfe      0x2da build/port.o
 .debug_line    0x000000000000a0d8      0x4f1 build/usbd_core.o
 .debug_line    0x000000000000a5c9      0x593 build/usbd_ctlreq.o
 .debug_line    0x000000000000ab5c      0x316 build/usbd_ioreq.o
 .debug_line    0x000000000000ae72      0x6a9 build/usbd_dfu.o
 .debug_line    0x000000000000b51b       0x75 build/startup_stm32l152xe.o

.debug_str      0x0000000000000000     0x7961
 .debug_str     0x0000000000000000     0x13b7 build/main.o
                                       0x14cd (size before relaxing)
 .debug_str     0x00000000000013b7      0x3c6 build/stm32l1xx_it.o
                                        0xaa0 (size before relaxing)
 .debug_str     0x000000000000177d      0x3d2 build/stm32l1xx_hal_msp.o
                                        0xa8b (size before relaxing)
 .debug_str     0x0000000000001b4f      0x108 build/stm32l1xx_hal_timebase_tim.o
                                        0xc1d (size before relaxing)
 .debug_str     0x0000000000001c57      0x3f8 build/usb_device.o
                                        0xaaa (size before relaxing)
 .debug_str     0x000000000000204f      0x181 build/usbd_desc.o
                                        0x8b3 (size before relaxing)
 .debug_str     0x00000000000021d0       0x85 build/usbd_dfu_if.o
                                        0xab2 (size before relaxing)
 .debug_str     0x0000000000002255      0x58f build/usbd_conf.o
                                       0x16e6 (size before relaxing)
 .debug_str     0x00000000000027e4      0x2ae build/stm32l1xx_hal_pcd.o
                                        0xae0 (size before relaxing)
 .debug_str     0x0000000000002a92      0x159 build/stm32l1xx_hal_pcd_ex.o
                                        0x744 (size before relaxing)
 .debug_str     0x0000000000002beb       0xda build/stm32l1xx_ll_usb.o
                                        0x6af (size before relaxing)
 .debug_str     0x0000000000002cc5      0x210 build/stm32l1xx_hal.o
                                        0x8b4 (size before relaxing)
 .debug_str     0x0000000000002ed5      0x20d build/stm32l1xx_hal_rcc.o
                                        0x72c (size before relaxing)
 .debug_str     0x00000000000030e2       0xd5 build/stm32l1xx_hal_gpio.o
                                        0x49e (size before relaxing)
 .debug_str     0x00000000000031b7      0x41a build/stm32l1xx_hal_cortex.o
                                        0xaf8 (size before relaxing)
 .debug_str     0x00000000000035d1      0x555 build/stm32l1xx_hal_spi.o
                                        0xbe4 (size before relaxing)
 .debug_str     0x0000000000003b26      0xe25 build/stm32l1xx_hal_tim.o
                                       0x1609 (size before relaxing)
 .debug_str     0x000000000000494b       0x5e build/system_stm32l1xx.o
                                        0x2d3 (size before relaxing)
 .debug_str     0x00000000000049a9      0x14d build/list.o
                                        0x6f3 (size before relaxing)
 .debug_str     0x0000000000004af6      0x9a8 build/queue.o
                                       0x1060 (size before relaxing)
 .debug_str     0x000000000000549e      0xc52 build/tasks.o
                                       0x166d (size before relaxing)
 .debug_str     0x00000000000060f0      0x5a9 build/timers.o
                                        0xfe4 (size before relaxing)
 .debug_str     0x0000000000006699      0xa40 build/cmsis_os2.o
                                       0x1cbe (size before relaxing)
 .debug_str     0x00000000000070d9      0x1d5 build/heap_4.o
                                        0x7dc (size before relaxing)
 .debug_str     0x00000000000072ae      0x17d build/port.o
                                        0x469 (size before relaxing)
 .debug_str     0x000000000000742b      0x145 build/usbd_core.o
                                        0xca7 (size before relaxing)
 .debug_str     0x0000000000007570       0xe2 build/usbd_ctlreq.o
                                        0xbc1 (size before relaxing)
 .debug_str     0x0000000000007652       0x60 build/usbd_ioreq.o
                                        0xaee (size before relaxing)
 .debug_str     0x00000000000076b2      0x2af build/usbd_dfu.o
                                        0xe05 (size before relaxing)

.comment        0x0000000000000000       0x7f
 .comment       0x0000000000000000       0x7f build/main.o
                                         0x80 (size before relaxing)
 .comment       0x000000000000007f       0x80 build/stm32l1xx_it.o
 .comment       0x000000000000007f       0x80 build/stm32l1xx_hal_msp.o
 .comment       0x000000000000007f       0x80 build/stm32l1xx_hal_timebase_tim.o
 .comment       0x000000000000007f       0x80 build/usb_device.o
 .comment       0x000000000000007f       0x80 build/usbd_desc.o
 .comment       0x000000000000007f       0x80 build/usbd_dfu_if.o
 .comment       0x000000000000007f       0x80 build/usbd_conf.o
 .comment       0x000000000000007f       0x80 build/stm32l1xx_hal_pcd.o
 .comment       0x000000000000007f       0x80 build/stm32l1xx_hal_pcd_ex.o
 .comment       0x000000000000007f       0x80 build/stm32l1xx_ll_usb.o
 .comment       0x000000000000007f       0x80 build/stm32l1xx_hal.o
 .comment       0x000000000000007f       0x80 build/stm32l1xx_hal_rcc.o
 .comment       0x000000000000007f       0x80 build/stm32l1xx_hal_gpio.o
 .comment       0x000000000000007f       0x80 build/stm32l1xx_hal_cortex.o
 .comment       0x000000000000007f       0x80 build/stm32l1xx_hal_spi.o
 .comment       0x000000000000007f       0x80 build/stm32l1xx_hal_tim.o
 .comment       0x000000000000007f       0x80 build/system_stm32l1xx.o
 .comment       0x000000000000007f       0x80 build/list.o
 .comment       0x000000000000007f       0x80 build/queue.o
 .comment       0x000000000000007f       0x80 build/tasks.o
 .comment       0x000000000000007f       0x80 build/timers.o
 .comment       0x000000000000007f       0x80 build/cmsis_os2.o
 .comment       0x000000000000007f       0x80 build/heap_4.o
 .comment       0x000000000000007f       0x80 build/port.o
 .comment       0x000000000000007f       0x80 build/usbd_core.o
 .comment       0x000000000000007f       0x80 build/usbd_ctlreq.o
 .comment       0x000000000000007f       0x80 build/usbd_ioreq.o
 .comment       0x000000000000007f       0x80 build/usbd_dfu.o

.debug_frame    0x0000000000000000     0x4744
 .debug_frame   0x0000000000000000       0xdc build/main.o
 .debug_frame   0x00000000000000dc       0xa8 build/stm32l1xx_it.o
 .debug_frame   0x0000000000000184       0x68 build/stm32l1xx_hal_msp.o
 .debug_frame   0x00000000000001ec       0x50 build/stm32l1xx_hal_timebase_tim.o
 .debug_frame   0x000000000000023c       0x2c build/usb_device.o
 .debug_frame   0x0000000000000268       0xfc build/usbd_desc.o
 .debug_frame   0x0000000000000364       0x70 build/usbd_dfu_if.o
 .debug_frame   0x00000000000003d4      0x354 build/usbd_conf.o
 .debug_frame   0x0000000000000728      0x39c build/stm32l1xx_hal_pcd.o
 .debug_frame   0x0000000000000ac4       0x60 build/stm32l1xx_hal_pcd_ex.o
 .debug_frame   0x0000000000000b24      0x1b4 build/stm32l1xx_ll_usb.o
 .debug_frame   0x0000000000000cd8      0x1e0 build/stm32l1xx_hal.o
 .debug_frame   0x0000000000000eb8      0x1dc build/stm32l1xx_hal_rcc.o
 .debug_frame   0x0000000000001094       0xe4 build/stm32l1xx_hal_gpio.o
 .debug_frame   0x0000000000001178      0x16c build/stm32l1xx_hal_cortex.o
 .debug_frame   0x00000000000012e4      0x634 build/stm32l1xx_hal_spi.o
 .debug_frame   0x0000000000001918      0xce8 build/stm32l1xx_hal_tim.o
 .debug_frame   0x0000000000002600       0x30 build/system_stm32l1xx.o
 .debug_frame   0x0000000000002630       0x70 build/list.o
 .debug_frame   0x00000000000026a0      0x4dc build/queue.o
 .debug_frame   0x0000000000002b7c      0x71c build/tasks.o
 .debug_frame   0x0000000000003298      0x314 build/timers.o
 .debug_frame   0x00000000000035ac      0x890 build/cmsis_os2.o
 .debug_frame   0x0000000000003e3c       0xbc build/heap_4.o
 .debug_frame   0x0000000000003ef8       0xf4 build/port.o
 .debug_frame   0x0000000000003fec      0x1f0 build/usbd_core.o
 .debug_frame   0x00000000000041dc      0x1ac build/usbd_ctlreq.o
 .debug_frame   0x0000000000004388       0xd4 build/usbd_ioreq.o
 .debug_frame   0x000000000000445c      0x214 build/usbd_dfu.o
 .debug_frame   0x0000000000004670       0x2c /opt/gcc4mbed/gcc-arm-none-eabi/bin/../lib/gcc/arm-none-eabi/6.3.1/../../../../arm-none-eabi/lib/thumb/v7-m/libc_nano.a(lib_a-init.o)
 .debug_frame   0x000000000000469c       0x28 /opt/gcc4mbed/gcc-arm-none-eabi/bin/../lib/gcc/arm-none-eabi/6.3.1/../../../../arm-none-eabi/lib/thumb/v7-m/libc_nano.a(lib_a-memcpy-stub.o)
 .debug_frame   0x00000000000046c4       0x20 /opt/gcc4mbed/gcc-arm-none-eabi/bin/../lib/gcc/arm-none-eabi/6.3.1/../../../../arm-none-eabi/lib/thumb/v7-m/libc_nano.a(lib_a-memset.o)
 .debug_frame   0x00000000000046e4       0x2c /opt/gcc4mbed/gcc-arm-none-eabi/bin/../lib/gcc/arm-none-eabi/6.3.1/thumb/v7-m/libgcc.a(_aeabi_uldivmod.o)
 .debug_frame   0x0000000000004710       0x34 /opt/gcc4mbed/gcc-arm-none-eabi/bin/../lib/gcc/arm-none-eabi/6.3.1/thumb/v7-m/libgcc.a(_udivmoddi4.o)

Cross Reference Table

Symbol                                            File
ADC1_IRQHandler                                   build/startup_stm32l152xe.o
AHBPrescTable                                     build/system_stm32l1xx.o
                                                  build/stm32l1xx_hal_rcc.o
APBPrescTable                                     build/system_stm32l1xx.o
                                                  build/stm32l1xx_hal_rcc.o
BusFault_Handler                                  build/stm32l1xx_it.o
COMP_ACQ_IRQHandler                               build/startup_stm32l152xe.o
COMP_IRQHandler                                   build/startup_stm32l152xe.o
DAC_IRQHandler                                    build/startup_stm32l152xe.o
DMA1_Channel1_IRQHandler                          build/startup_stm32l152xe.o
DMA1_Channel2_IRQHandler                          build/startup_stm32l152xe.o
DMA1_Channel3_IRQHandler                          build/startup_stm32l152xe.o
DMA1_Channel4_IRQHandler                          build/startup_stm32l152xe.o
DMA1_Channel5_IRQHandler                          build/startup_stm32l152xe.o
DMA1_Channel6_IRQHandler                          build/startup_stm32l152xe.o
DMA1_Channel7_IRQHandler                          build/startup_stm32l152xe.o
DMA2_Channel1_IRQHandler                          build/startup_stm32l152xe.o
DMA2_Channel2_IRQHandler                          build/startup_stm32l152xe.o
DMA2_Channel3_IRQHandler                          build/startup_stm32l152xe.o
DMA2_Channel4_IRQHandler                          build/startup_stm32l152xe.o
DMA2_Channel5_IRQHandler                          build/startup_stm32l152xe.o
DebugMon_Handler                                  build/stm32l1xx_it.o
Default_Handler                                   build/startup_stm32l152xe.o
EXTI0_IRQHandler                                  build/startup_stm32l152xe.o
EXTI15_10_IRQHandler                              build/startup_stm32l152xe.o
EXTI1_IRQHandler                                  build/startup_stm32l152xe.o
EXTI2_IRQHandler                                  build/startup_stm32l152xe.o
EXTI3_IRQHandler                                  build/startup_stm32l152xe.o
EXTI4_IRQHandler                                  build/startup_stm32l152xe.o
EXTI9_5_IRQHandler                                build/startup_stm32l152xe.o
Error_Handler                                     build/main.o
                                                  build/usbd_conf.o
                                                  build/usb_device.o
FLASH_IRQHandler                                  build/startup_stm32l152xe.o
FLASH_PageErase                                   build/stm32l1xx_hal_flash_ex.o
                                                  build/stm32l1xx_hal_flash.o
FLASH_WaitForLastOperation                        build/stm32l1xx_hal_flash.o
                                                  build/stm32l1xx_hal_flash_ex.o
FS_Desc                                           build/usbd_desc.o
                                                  build/usb_device.o
HAL_DBGMCU_DisableDBGSleepMode                    build/stm32l1xx_hal.o
HAL_DBGMCU_DisableDBGStandbyMode                  build/stm32l1xx_hal.o
HAL_DBGMCU_DisableDBGStopMode                     build/stm32l1xx_hal.o
HAL_DBGMCU_EnableDBGSleepMode                     build/stm32l1xx_hal.o
HAL_DBGMCU_EnableDBGStandbyMode                   build/stm32l1xx_hal.o
HAL_DBGMCU_EnableDBGStopMode                      build/stm32l1xx_hal.o
HAL_DMA_Abort                                     build/stm32l1xx_hal_dma.o
                                                  build/stm32l1xx_hal_spi.o
HAL_DMA_Abort_IT                                  build/stm32l1xx_hal_dma.o
                                                  build/stm32l1xx_hal_tim.o
                                                  build/stm32l1xx_hal_spi.o
HAL_DMA_DeInit                                    build/stm32l1xx_hal_dma.o
HAL_DMA_GetError                                  build/stm32l1xx_hal_dma.o
HAL_DMA_GetState                                  build/stm32l1xx_hal_dma.o
HAL_DMA_IRQHandler                                build/stm32l1xx_hal_dma.o
HAL_DMA_Init                                      build/stm32l1xx_hal_dma.o
HAL_DMA_PollForTransfer                           build/stm32l1xx_hal_dma.o
HAL_DMA_RegisterCallback                          build/stm32l1xx_hal_dma.o
HAL_DMA_Start                                     build/stm32l1xx_hal_dma.o
HAL_DMA_Start_IT                                  build/stm32l1xx_hal_dma.o
                                                  build/stm32l1xx_hal_tim.o
                                                  build/stm32l1xx_hal_spi.o
HAL_DMA_UnRegisterCallback                        build/stm32l1xx_hal_dma.o
HAL_DeInit                                        build/stm32l1xx_hal.o
HAL_Delay                                         build/stm32l1xx_hal.o
                                                  build/usbd_dfu.o
                                                  build/usbd_conf.o
HAL_EXTI_ClearConfigLine                          build/stm32l1xx_hal_exti.o
HAL_EXTI_ClearPending                             build/stm32l1xx_hal_exti.o
HAL_EXTI_GenerateSWI                              build/stm32l1xx_hal_exti.o
HAL_EXTI_GetConfigLine                            build/stm32l1xx_hal_exti.o
HAL_EXTI_GetHandle                                build/stm32l1xx_hal_exti.o
HAL_EXTI_GetPending                               build/stm32l1xx_hal_exti.o
HAL_EXTI_IRQHandler                               build/stm32l1xx_hal_exti.o
HAL_EXTI_RegisterCallback                         build/stm32l1xx_hal_exti.o
HAL_EXTI_SetConfigLine                            build/stm32l1xx_hal_exti.o
HAL_FLASHEx_AdvOBGetConfig                        build/stm32l1xx_hal_flash_ex.o
HAL_FLASHEx_AdvOBProgram                          build/stm32l1xx_hal_flash_ex.o
HAL_FLASHEx_DATAEEPROM_DisableFixedTimeProgram    build/stm32l1xx_hal_flash_ex.o
HAL_FLASHEx_DATAEEPROM_EnableFixedTimeProgram     build/stm32l1xx_hal_flash_ex.o
HAL_FLASHEx_DATAEEPROM_Erase                      build/stm32l1xx_hal_flash_ex.o
HAL_FLASHEx_DATAEEPROM_EraseDoubleWord            build/stm32l1xx_hal_flash_ramfunc.o
HAL_FLASHEx_DATAEEPROM_Lock                       build/stm32l1xx_hal_flash_ex.o
HAL_FLASHEx_DATAEEPROM_Program                    build/stm32l1xx_hal_flash_ex.o
HAL_FLASHEx_DATAEEPROM_ProgramDoubleWord          build/stm32l1xx_hal_flash_ramfunc.o
HAL_FLASHEx_DATAEEPROM_Unlock                     build/stm32l1xx_hal_flash_ex.o
HAL_FLASHEx_DisableRunPowerDown                   build/stm32l1xx_hal_flash_ramfunc.o
HAL_FLASHEx_EnableRunPowerDown                    build/stm32l1xx_hal_flash_ramfunc.o
HAL_FLASHEx_Erase                                 build/stm32l1xx_hal_flash_ex.o
HAL_FLASHEx_EraseParallelPage                     build/stm32l1xx_hal_flash_ramfunc.o
HAL_FLASHEx_Erase_IT                              build/stm32l1xx_hal_flash_ex.o
HAL_FLASHEx_GetError                              build/stm32l1xx_hal_flash_ramfunc.o
HAL_FLASHEx_HalfPageProgram                       build/stm32l1xx_hal_flash_ramfunc.o
HAL_FLASHEx_OBGetConfig                           build/stm32l1xx_hal_flash_ex.o
HAL_FLASHEx_OBProgram                             build/stm32l1xx_hal_flash_ex.o
HAL_FLASHEx_ProgramParallelHalfPage               build/stm32l1xx_hal_flash_ramfunc.o
HAL_FLASH_EndOfOperationCallback                  build/stm32l1xx_hal_flash.o
HAL_FLASH_GetError                                build/stm32l1xx_hal_flash.o
HAL_FLASH_IRQHandler                              build/stm32l1xx_hal_flash.o
HAL_FLASH_Lock                                    build/stm32l1xx_hal_flash.o
HAL_FLASH_OB_Launch                               build/stm32l1xx_hal_flash.o
HAL_FLASH_OB_Lock                                 build/stm32l1xx_hal_flash.o
HAL_FLASH_OB_Unlock                               build/stm32l1xx_hal_flash.o
HAL_FLASH_OperationErrorCallback                  build/stm32l1xx_hal_flash.o
HAL_FLASH_Program                                 build/stm32l1xx_hal_flash.o
HAL_FLASH_Program_IT                              build/stm32l1xx_hal_flash.o
HAL_FLASH_Unlock                                  build/stm32l1xx_hal_flash.o
HAL_GPIO_DeInit                                   build/stm32l1xx_hal_gpio.o
                                                  build/stm32l1xx_hal_msp.o
HAL_GPIO_EXTI_Callback                            build/stm32l1xx_hal_gpio.o
HAL_GPIO_EXTI_IRQHandler                          build/stm32l1xx_hal_gpio.o
HAL_GPIO_Init                                     build/stm32l1xx_hal_gpio.o
                                                  build/stm32l1xx_hal_rcc.o
                                                  build/stm32l1xx_hal_msp.o
                                                  build/main.o
HAL_GPIO_LockPin                                  build/stm32l1xx_hal_gpio.o
HAL_GPIO_ReadPin                                  build/stm32l1xx_hal_gpio.o
HAL_GPIO_TogglePin                                build/stm32l1xx_hal_gpio.o
HAL_GPIO_WritePin                                 build/stm32l1xx_hal_gpio.o
                                                  build/main.o
HAL_GetDEVID                                      build/stm32l1xx_hal.o
HAL_GetHalVersion                                 build/stm32l1xx_hal.o
HAL_GetREVID                                      build/stm32l1xx_hal.o
HAL_GetTick                                       build/stm32l1xx_hal.o
                                                  build/stm32l1xx_hal_spi.o
                                                  build/stm32l1xx_hal_dma.o
                                                  build/stm32l1xx_hal_flash.o
                                                  build/stm32l1xx_hal_rcc_ex.o
                                                  build/stm32l1xx_hal_rcc.o
HAL_GetTickFreq                                   build/stm32l1xx_hal.o
HAL_GetTickPrio                                   build/stm32l1xx_hal.o
HAL_GetUIDw0                                      build/stm32l1xx_hal.o
HAL_GetUIDw1                                      build/stm32l1xx_hal.o
HAL_GetUIDw2                                      build/stm32l1xx_hal.o
HAL_IncTick                                       build/stm32l1xx_hal.o
                                                  build/main.o
HAL_Init                                          build/stm32l1xx_hal.o
                                                  build/main.o
HAL_InitTick                                      build/stm32l1xx_hal_timebase_tim.o
                                                  build/stm32l1xx_hal_rcc.o
HAL_MPU_ConfigRegion                              build/stm32l1xx_hal_cortex.o
HAL_MPU_Disable                                   build/stm32l1xx_hal_cortex.o
HAL_MPU_Enable                                    build/stm32l1xx_hal_cortex.o
HAL_MspDeInit                                     build/stm32l1xx_hal.o
HAL_MspInit                                       build/stm32l1xx_hal_msp.o
HAL_NVIC_ClearPendingIRQ                          build/stm32l1xx_hal_cortex.o
HAL_NVIC_DisableIRQ                               build/stm32l1xx_hal_cortex.o
                                                  build/usbd_conf.o
HAL_NVIC_EnableIRQ                                build/stm32l1xx_hal_cortex.o
                                                  build/usbd_conf.o
                                                  build/stm32l1xx_hal_timebase_tim.o
HAL_NVIC_GetActive                                build/stm32l1xx_hal_cortex.o
HAL_NVIC_GetPendingIRQ                            build/stm32l1xx_hal_cortex.o